#
# There is insufficient memory for the Java Runtime Environment to continue.
# Native memory allocation (malloc) failed to allocate 6911440 bytes. Error detail: Chunk::new
# Possible reasons:
#   The system is out of physical RAM or swap space
#   This process is running with CompressedOops enabled, and the Java Heap may be blocking the growth of the native heap
# Possible solutions:
#   Reduce memory load on the system
#   Increase physical memory or swap space
#   Check if swap backing store is full
#   Decrease Java heap size (-Xmx/-Xms)
#   Decrease number of Java threads
#   Decrease Java thread stack sizes (-Xss)
#   Set larger code cache with -XX:ReservedCodeCacheSize=
#   JVM is running with Unscaled Compressed Oops mode in which the Java heap is
#     placed in the first 4GB address space. The Java Heap base address is the
#     maximum limit for the native heap growth. Please use -XX:HeapBaseMinAddress
#     to set the Java Heap base and to place the Java Heap above 4GB virtual address.
# This output file may be truncated or incomplete.
#
#  Out of Memory Error (arena.cpp:162), pid=21668, tid=12588
#
# JRE version: OpenJDK Runtime Environment (24.0.2+12) (build 24.0.2+12-54)
# Java VM: OpenJDK 64-Bit Server VM (24.0.2+12-54, mixed mode, sharing, tiered, compressed oops, compressed class ptrs, g1 gc, windows-amd64)
# No core dump will be written. Minidumps are not enabled by default on client versions of Windows
#

---------------  S U M M A R Y ------------

Command Line: -javaagent:C:\Program Files\JetBrains\IntelliJ IDEA 2025.2\lib\idea_rt.jar=50187 -Dfile.encoding=UTF-8 -Dsun.stdout.encoding=UTF-8 -Dsun.stderr.encoding=UTF-8 com.Gestion.MiBalnearioGestion.MiBalnearioGestionApplication MiBalnearioGestionApplication

Host: AMD Ryzen 5 7520U with Radeon Graphics         , 8 cores, 5G,  Windows 11 , 64 bit Build 26100 (10.0.26100.8521)
Time: Sun Jun 14 23:19:42 2026 Hora estándar de Argentina elapsed time: 24.095607 seconds (0d 0h 0m 24s)

---------------  T H R E A D  ---------------

Current thread (0x0000024297d02a50):  JavaThread "C2 CompilerThread0" daemon [_thread_in_native, id=12588, stack(0x00000095c0e00000,0x00000095c0f00000) (1024K)]


Current CompileTask:
C2:24095 10151       4       org.antlr.v4.runtime.atn.PredictionContext::mergeArrays (809 bytes)

Stack: [0x00000095c0e00000,0x00000095c0f00000]
Native frames: (J=compiled Java code, j=interpreted, Vv=VM code, C=native code)
V  [jvm.dll+0x730829]  (no source info available)
V  [jvm.dll+0x8d9da3]  (no source info available)
V  [jvm.dll+0x8dc28d]  (no source info available)
V  [jvm.dll+0x8dc903]  (no source info available)
V  [jvm.dll+0x2a9f56]  (no source info available)
V  [jvm.dll+0xced7f]  (no source info available)
V  [jvm.dll+0xcefdf]  (no source info available)
V  [jvm.dll+0x154c83]  (no source info available)
V  [jvm.dll+0x73604f]  (no source info available)
V  [jvm.dll+0x26f8dc]  (no source info available)
V  [jvm.dll+0x26e8ff]  (no source info available)
V  [jvm.dll+0x1e9c90]  (no source info available)
V  [jvm.dll+0x27e0cb]  (no source info available)
V  [jvm.dll+0x27c36a]  (no source info available)
V  [jvm.dll+0x42f396]  (no source info available)
V  [jvm.dll+0x87d9eb]  (no source info available)
V  [jvm.dll+0x72ef45]  (no source info available)
C  [ucrtbase.dll+0x2cd30]  (no source info available)
C  [KERNEL32.DLL+0x2e957]  (no source info available)
C  [ntdll.dll+0x87c1c]  (no source info available)

Lock stack of current Java thread (top to bottom):


---------------  P R O C E S S  ---------------

Threads class SMR info:
_java_thread_list=0x00000242e0ecfaa0, length=17, elements={
0x00000242fb756ae0, 0x0000024297ce7770, 0x0000024297ce7eb0, 0x0000024297ceb870,
0x0000024297cee3b0, 0x0000024297cf0ef0, 0x0000024297cf1a20, 0x0000024297d02a50,
0x0000024297d035d0, 0x00000242dd1c7500, 0x00000242dd53dfb0, 0x00000242dd53e6f0,
0x00000242dedf7910, 0x00000242dedf8060, 0x00000242dedf4d30, 0x00000242e0ebdac0,
0x00000242e0ebe960
}

Java Threads: ( => current thread )
  0x00000242fb756ae0 JavaThread "main"                              [_thread_in_vm, id=22640, stack(0x00000095c0000000,0x00000095c0100000) (1024K)]
  0x0000024297ce7770 JavaThread "Reference Handler"          daemon [_thread_blocked, id=8880, stack(0x00000095c0800000,0x00000095c0900000) (1024K)]
  0x0000024297ce7eb0 JavaThread "Finalizer"                  daemon [_thread_blocked, id=30208, stack(0x00000095c0900000,0x00000095c0a00000) (1024K)]
  0x0000024297ceb870 JavaThread "Signal Dispatcher"          daemon [_thread_blocked, id=27076, stack(0x00000095c0a00000,0x00000095c0b00000) (1024K)]
  0x0000024297cee3b0 JavaThread "Attach Listener"            daemon [_thread_blocked, id=17976, stack(0x00000095c0b00000,0x00000095c0c00000) (1024K)]
  0x0000024297cf0ef0 JavaThread "Service Thread"             daemon [_thread_blocked, id=8484, stack(0x00000095c0c00000,0x00000095c0d00000) (1024K)]
  0x0000024297cf1a20 JavaThread "Monitor Deflation Thread"   daemon [_thread_blocked, id=23516, stack(0x00000095c0d00000,0x00000095c0e00000) (1024K)]
=>0x0000024297d02a50 JavaThread "C2 CompilerThread0"         daemon [_thread_in_native, id=12588, stack(0x00000095c0e00000,0x00000095c0f00000) (1024K)]
  0x0000024297d035d0 JavaThread "C1 CompilerThread0"         daemon [_thread_blocked, id=12596, stack(0x00000095c0f00000,0x00000095c1000000) (1024K)]
  0x00000242dd1c7500 JavaThread "Common-Cleaner"             daemon [_thread_blocked, id=28524, stack(0x00000095c1100000,0x00000095c1200000) (1024K)]
  0x00000242dd53dfb0 JavaThread "Monitor Ctrl-Break"         daemon [_thread_in_native, id=29356, stack(0x00000095c1200000,0x00000095c1300000) (1024K)]
  0x00000242dd53e6f0 JavaThread "Notification Thread"        daemon [_thread_blocked, id=29592, stack(0x00000095c1300000,0x00000095c1400000) (1024K)]
  0x00000242dedf7910 JavaThread "Catalina-utility-1"                [_thread_blocked, id=29660, stack(0x00000095c1400000,0x00000095c1500000) (1024K)]
  0x00000242dedf8060 JavaThread "Catalina-utility-2"                [_thread_blocked, id=29104, stack(0x00000095c1d00000,0x00000095c1e00000) (1024K)]
  0x00000242dedf4d30 JavaThread "container-0"                       [_thread_blocked, id=7076, stack(0x00000095c1e00000,0x00000095c1f00000) (1024K)]
  0x00000242e0ebdac0 JavaThread "mysql-cj-abandoned-connection-cleanup" daemon [_thread_blocked, id=6136, stack(0x00000095c1f00000,0x00000095c2000000) (1024K)]
  0x00000242e0ebe960 JavaThread "HikariPool-1:housekeeper"   daemon [_thread_blocked, id=16640, stack(0x00000095c2100000,0x00000095c2200000) (1024K)]
Total: 17

Other Threads:
  0x0000024297cd7f80 VMThread "VM Thread"                           [id=29792, stack(0x00000095c0700000,0x00000095c0800000) (1024K)]
  0x0000024297ba5b90 WatcherThread "VM Periodic Task Thread"        [id=19280, stack(0x00000095c0600000,0x00000095c0700000) (1024K)]
  0x00000242fb79fe40 WorkerThread "GC Thread#0"                     [id=16740, stack(0x00000095c0100000,0x00000095c0200000) (1024K)]
  0x00000242de342980 WorkerThread "GC Thread#1"                     [id=27508, stack(0x00000095c1500000,0x00000095c1600000) (1024K)]
  0x00000242de57bc70 WorkerThread "GC Thread#2"                     [id=23260, stack(0x00000095c1600000,0x00000095c1700000) (1024K)]
  0x00000242de4e1420 WorkerThread "GC Thread#3"                     [id=3932, stack(0x00000095c1700000,0x00000095c1800000) (1024K)]
  0x00000242de23fab0 WorkerThread "GC Thread#4"                     [id=20112, stack(0x00000095c1800000,0x00000095c1900000) (1024K)]
  0x00000242de1cc390 WorkerThread "GC Thread#5"                     [id=29732, stack(0x00000095c1900000,0x00000095c1a00000) (1024K)]
  0x00000242de84d290 WorkerThread "GC Thread#6"                     [id=24908, stack(0x00000095c1a00000,0x00000095c1b00000) (1024K)]
  0x00000242dfb961e0 WorkerThread "GC Thread#7"                     [id=16000, stack(0x00000095c1b00000,0x00000095c1c00000) (1024K)]
  0x00000242f94ace60 ConcurrentGCThread "G1 Main Marker"            [id=26584, stack(0x00000095c0200000,0x00000095c0300000) (1024K)]
  0x00000242f94ae6e0 WorkerThread "G1 Conc#0"                       [id=2788, stack(0x00000095c0300000,0x00000095c0400000) (1024K)]
  0x00000242dfb96590 WorkerThread "G1 Conc#1"                       [id=11652, stack(0x00000095c1c00000,0x00000095c1d00000) (1024K)]
  0x0000024297b97490 ConcurrentGCThread "G1 Refine#0"               [id=28396, stack(0x00000095c0400000,0x00000095c0500000) (1024K)]
  0x0000024297b97f20 ConcurrentGCThread "G1 Service"                [id=29200, stack(0x00000095c0500000,0x00000095c0600000) (1024K)]
Total: 15

Threads with active compile tasks:
C2 CompilerThread0  24179 10151       4       org.antlr.v4.runtime.atn.PredictionContext::mergeArrays (809 bytes)
Total: 1

VM state: not at safepoint (normal execution)

VM Mutex/Monitor currently owned by a thread: None

Heap address: 0x00000000a2c00000, size: 1492 MB, Compressed Oops mode: 32-bit

CDS archive(s) mapped at: [0x0000024298000000-0x0000024298d40000-0x0000024298d40000), size 13893632, SharedBaseAddress: 0x0000024298000000, ArchiveRelocationMode: 1.
Compressed class space mapped at: 0x0000024299000000-0x00000242d9000000, reserved size: 1073741824
UseCompressedClassPointers 1, UseCompactObjectHeaders 0
Narrow klass pointer bits 32, Max shift 3
Narrow klass base: 0x0000024298000000, Narrow klass shift: 0
Encoding Range: [0x0000024298000000 - 0x0000024398000000), (4294967296 bytes)
Klass Range:    [0x0000024298000000 - 0x00000242d9000000), (1090519040 bytes)
Klass ID Range:  [8 - 1090519033) (1090519025)

GC Precious Log:
 CardTable entry size: 512
 Card Set container configuration: InlinePtr #cards 5 size 8 Array Of Cards #cards 10 size 36 Howl #buckets 4 coarsen threshold 1843 Howl Bitmap #cards 512 size 80 coarsen threshold 460 Card regions per heap region 1 cards per card region 2048
 CPUs: 8 total, 8 available
 Memory: 5965M
 Large Page Support: Disabled
 NUMA Support: Disabled
 Compressed Oops: Enabled (32-bit)
 Heap Region Size: 1M
 Heap Min Capacity: 8M
 Heap Initial Capacity: 94M
 Heap Max Capacity: 1492M
 Pre-touch: Disabled
 Parallel Workers: 8
 Concurrent Workers: 2
 Concurrent Refinement Workers: 8
 Periodic GC: Disabled

Heap:
 garbage-first heap   total reserved 1527808K, committed 112640K, used 73019K [0x00000000a2c00000, 0x0000000100000000)
  region size 1024K, 16 young (16384K), 2 survivors (2048K)
 Metaspace       used 88130K, committed 88640K, reserved 1179648K
  class space    used 9794K, committed 9984K, reserved 1048576K

Heap Regions: E=young(eden), S=young(survivor), O=old, HS=humongous(starts), HC=humongous(continues), CS=collection set, F=free, TAMS=top-at-mark-start, PB=parsable bottom
|   0|0x00000000a2c00000, 0x00000000a2d00000, 0x00000000a2d00000|100%|HS|  |TAMS 0x00000000a2c00000| PB 0x00000000a2c00000| Complete |  0
|   1|0x00000000a2d00000, 0x00000000a2e00000, 0x00000000a2e00000|100%|HS|  |TAMS 0x00000000a2d00000| PB 0x00000000a2d00000| Complete |  0
|   2|0x00000000a2e00000, 0x00000000a2f00000, 0x00000000a2f00000|100%| O|  |TAMS 0x00000000a2e00000| PB 0x00000000a2e00000| Untracked |  0
|   3|0x00000000a2f00000, 0x00000000a3000000, 0x00000000a3000000|100%| O|  |TAMS 0x00000000a2f00000| PB 0x00000000a2f00000| Untracked |  0
|   4|0x00000000a3000000, 0x00000000a3100000, 0x00000000a3100000|100%| O|  |TAMS 0x00000000a3000000| PB 0x00000000a3000000| Untracked |  0
|   5|0x00000000a3100000, 0x00000000a3200000, 0x00000000a3200000|100%| O|  |TAMS 0x00000000a3100000| PB 0x00000000a3100000| Untracked |  0
|   6|0x00000000a3200000, 0x00000000a3300000, 0x00000000a3300000|100%| O|  |TAMS 0x00000000a3200000| PB 0x00000000a3200000| Untracked |  0
|   7|0x00000000a3300000, 0x00000000a3400000, 0x00000000a3400000|100%| O|  |TAMS 0x00000000a3300000| PB 0x00000000a3300000| Untracked |  0
|   8|0x00000000a3400000, 0x00000000a3500000, 0x00000000a3500000|100%| O|  |TAMS 0x00000000a3400000| PB 0x00000000a3400000| Untracked |  0
|   9|0x00000000a3500000, 0x00000000a3600000, 0x00000000a3600000|100%| O|  |TAMS 0x00000000a3500000| PB 0x00000000a3500000| Untracked |  0
|  10|0x00000000a3600000, 0x00000000a3700000, 0x00000000a3700000|100%| O|  |TAMS 0x00000000a3600000| PB 0x00000000a3600000| Untracked |  0
|  11|0x00000000a3700000, 0x00000000a3800000, 0x00000000a3800000|100%| O|  |TAMS 0x00000000a3700000| PB 0x00000000a3700000| Untracked |  0
|  12|0x00000000a3800000, 0x00000000a3900000, 0x00000000a3900000|100%| O|  |TAMS 0x00000000a3800000| PB 0x00000000a3800000| Untracked |  0
|  13|0x00000000a3900000, 0x00000000a3a00000, 0x00000000a3a00000|100%| O|  |TAMS 0x00000000a3900000| PB 0x00000000a3900000| Untracked |  0
|  14|0x00000000a3a00000, 0x00000000a3b00000, 0x00000000a3b00000|100%| O|  |TAMS 0x00000000a3a00000| PB 0x00000000a3a00000| Untracked |  0
|  15|0x00000000a3b00000, 0x00000000a3c00000, 0x00000000a3c00000|100%| O|  |TAMS 0x00000000a3b00000| PB 0x00000000a3b00000| Untracked |  0
|  16|0x00000000a3c00000, 0x00000000a3d00000, 0x00000000a3d00000|100%| O|  |TAMS 0x00000000a3c00000| PB 0x00000000a3c00000| Untracked |  0
|  17|0x00000000a3d00000, 0x00000000a3e00000, 0x00000000a3e00000|100%| O|  |TAMS 0x00000000a3d00000| PB 0x00000000a3d00000| Untracked |  0
|  18|0x00000000a3e00000, 0x00000000a3f00000, 0x00000000a3f00000|100%| O|  |TAMS 0x00000000a3e00000| PB 0x00000000a3e00000| Untracked |  0
|  19|0x00000000a3f00000, 0x00000000a4000000, 0x00000000a4000000|100%| O|  |TAMS 0x00000000a3f00000| PB 0x00000000a3f00000| Untracked |  0
|  20|0x00000000a4000000, 0x00000000a4100000, 0x00000000a4100000|100%| O|  |TAMS 0x00000000a4000000| PB 0x00000000a4000000| Untracked |  0
|  21|0x00000000a4100000, 0x00000000a4200000, 0x00000000a4200000|100%| O|  |TAMS 0x00000000a4100000| PB 0x00000000a4100000| Untracked |  0
|  22|0x00000000a4200000, 0x00000000a4300000, 0x00000000a4300000|100%| O|  |TAMS 0x00000000a4200000| PB 0x00000000a4200000| Untracked |  0
|  23|0x00000000a4300000, 0x00000000a4400000, 0x00000000a4400000|100%| O|  |TAMS 0x00000000a4300000| PB 0x00000000a4300000| Untracked |  0
|  24|0x00000000a4400000, 0x00000000a4500000, 0x00000000a4500000|100%| O|  |TAMS 0x00000000a4400000| PB 0x00000000a4400000| Untracked |  0
|  25|0x00000000a4500000, 0x00000000a4600000, 0x00000000a4600000|100%| O|  |TAMS 0x00000000a4500000| PB 0x00000000a4500000| Untracked |  0
|  26|0x00000000a4600000, 0x00000000a4700000, 0x00000000a4700000|100%| O|  |TAMS 0x00000000a4600000| PB 0x00000000a4600000| Untracked |  0
|  27|0x00000000a4700000, 0x00000000a4800000, 0x00000000a4800000|100%| O|  |TAMS 0x00000000a4700000| PB 0x00000000a4700000| Untracked |  0
|  28|0x00000000a4800000, 0x00000000a4900000, 0x00000000a4900000|100%| O|  |TAMS 0x00000000a4800000| PB 0x00000000a4800000| Untracked |  0
|  29|0x00000000a4900000, 0x00000000a4a00000, 0x00000000a4a00000|100%| O|  |TAMS 0x00000000a4900000| PB 0x00000000a4900000| Untracked |  0
|  30|0x00000000a4a00000, 0x00000000a4b00000, 0x00000000a4b00000|100%| O|  |TAMS 0x00000000a4a00000| PB 0x00000000a4a00000| Untracked |  0
|  31|0x00000000a4b00000, 0x00000000a4c00000, 0x00000000a4c00000|100%| O|  |TAMS 0x00000000a4b00000| PB 0x00000000a4b00000| Untracked |  0
|  32|0x00000000a4c00000, 0x00000000a4d00000, 0x00000000a4d00000|100%| O|  |TAMS 0x00000000a4c00000| PB 0x00000000a4c00000| Untracked |  0
|  33|0x00000000a4d00000, 0x00000000a4e00000, 0x00000000a4e00000|100%| O|  |TAMS 0x00000000a4d00000| PB 0x00000000a4d00000| Untracked |  0
|  34|0x00000000a4e00000, 0x00000000a4f00000, 0x00000000a4f00000|100%| O|  |TAMS 0x00000000a4e00000| PB 0x00000000a4e00000| Untracked |  0
|  35|0x00000000a4f00000, 0x00000000a5000000, 0x00000000a5000000|100%| O|  |TAMS 0x00000000a4f00000| PB 0x00000000a4f00000| Untracked |  0
|  36|0x00000000a5000000, 0x00000000a5100000, 0x00000000a5100000|100%| O|  |TAMS 0x00000000a5000000| PB 0x00000000a5000000| Untracked |  0
|  37|0x00000000a5100000, 0x00000000a5200000, 0x00000000a5200000|100%| O|  |TAMS 0x00000000a5100000| PB 0x00000000a5100000| Untracked |  0
|  38|0x00000000a5200000, 0x00000000a5300000, 0x00000000a5300000|100%| O|  |TAMS 0x00000000a5200000| PB 0x00000000a5200000| Untracked |  0
|  39|0x00000000a5300000, 0x00000000a5400000, 0x00000000a5400000|100%| O|  |TAMS 0x00000000a5300000| PB 0x00000000a5300000| Untracked |  0
|  40|0x00000000a5400000, 0x00000000a5500000, 0x00000000a5500000|100%| O|  |TAMS 0x00000000a5400000| PB 0x00000000a5400000| Untracked |  0
|  41|0x00000000a5500000, 0x00000000a5600000, 0x00000000a5600000|100%| O|  |TAMS 0x00000000a5500000| PB 0x00000000a5500000| Untracked |  0
|  42|0x00000000a5600000, 0x00000000a5700000, 0x00000000a5700000|100%| O|  |TAMS 0x00000000a5600000| PB 0x00000000a5600000| Untracked |  0
|  43|0x00000000a5700000, 0x00000000a5800000, 0x00000000a5800000|100%| O|  |TAMS 0x00000000a5700000| PB 0x00000000a5700000| Untracked |  0
|  44|0x00000000a5800000, 0x00000000a5900000, 0x00000000a5900000|100%| O|  |TAMS 0x00000000a5800000| PB 0x00000000a5800000| Untracked |  0
|  45|0x00000000a5900000, 0x00000000a5a00000, 0x00000000a5a00000|100%| O|  |TAMS 0x00000000a5900000| PB 0x00000000a5900000| Untracked |  0
|  46|0x00000000a5a00000, 0x00000000a5b00000, 0x00000000a5b00000|100%| O|  |TAMS 0x00000000a5a00000| PB 0x00000000a5a00000| Untracked |  0
|  47|0x00000000a5b00000, 0x00000000a5c00000, 0x00000000a5c00000|100%| O|  |TAMS 0x00000000a5b00000| PB 0x00000000a5b00000| Untracked |  0
|  48|0x00000000a5c00000, 0x00000000a5d00000, 0x00000000a5d00000|100%| O|Cm|TAMS 0x00000000a5c00000| PB 0x00000000a5c00000| Complete |  0
|  49|0x00000000a5d00000, 0x00000000a5e00000, 0x00000000a5e00000|100%| O|  |TAMS 0x00000000a5d00000| PB 0x00000000a5d00000| Untracked |  0
|  50|0x00000000a5e00000, 0x00000000a5f00000, 0x00000000a5f00000|100%| O|  |TAMS 0x00000000a5e00000| PB 0x00000000a5e00000| Untracked |  0
|  51|0x00000000a5f00000, 0x00000000a6000000, 0x00000000a6000000|100%| O|  |TAMS 0x00000000a5f00000| PB 0x00000000a5f00000| Untracked |  0
|  52|0x00000000a6000000, 0x00000000a6100000, 0x00000000a6100000|100%| O|  |TAMS 0x00000000a6000000| PB 0x00000000a6000000| Untracked |  0
|  53|0x00000000a6100000, 0x00000000a6100000, 0x00000000a6200000|  0%| F|  |TAMS 0x00000000a6100000| PB 0x00000000a6100000| Untracked |  0
|  54|0x00000000a6200000, 0x00000000a6200000, 0x00000000a6300000|  0%| F|  |TAMS 0x00000000a6200000| PB 0x00000000a6200000| Untracked |  0
|  55|0x00000000a6300000, 0x00000000a6300000, 0x00000000a6400000|  0%| F|  |TAMS 0x00000000a6300000| PB 0x00000000a6300000| Untracked |  0
|  56|0x00000000a6400000, 0x00000000a6400000, 0x00000000a6500000|  0%| F|  |TAMS 0x00000000a6400000| PB 0x00000000a6400000| Untracked |  0
|  57|0x00000000a6500000, 0x00000000a6600000, 0x00000000a6600000|100%| O|  |TAMS 0x00000000a6500000| PB 0x00000000a6500000| Untracked |  0
|  58|0x00000000a6600000, 0x00000000a668dc98, 0x00000000a6700000| 55%| O|  |TAMS 0x00000000a6600000| PB 0x00000000a6600000| Untracked |  0
|  59|0x00000000a6700000, 0x00000000a6700000, 0x00000000a6800000|  0%| F|  |TAMS 0x00000000a6700000| PB 0x00000000a6700000| Untracked |  0
|  60|0x00000000a6800000, 0x00000000a6800000, 0x00000000a6900000|  0%| F|  |TAMS 0x00000000a6800000| PB 0x00000000a6800000| Untracked |  0
|  61|0x00000000a6900000, 0x00000000a6900000, 0x00000000a6a00000|  0%| F|  |TAMS 0x00000000a6900000| PB 0x00000000a6900000| Untracked |  0
|  62|0x00000000a6a00000, 0x00000000a6ac10f0, 0x00000000a6b00000| 75%| S|CS|TAMS 0x00000000a6a00000| PB 0x00000000a6a00000| Complete |  0
|  63|0x00000000a6b00000, 0x00000000a6c00000, 0x00000000a6c00000|100%| S|CS|TAMS 0x00000000a6b00000| PB 0x00000000a6b00000| Complete |  0
|  64|0x00000000a6c00000, 0x00000000a6c00000, 0x00000000a6d00000|  0%| F|  |TAMS 0x00000000a6c00000| PB 0x00000000a6c00000| Untracked |  0
|  65|0x00000000a6d00000, 0x00000000a6d00000, 0x00000000a6e00000|  0%| F|  |TAMS 0x00000000a6d00000| PB 0x00000000a6d00000| Untracked |  0
|  66|0x00000000a6e00000, 0x00000000a6e00000, 0x00000000a6f00000|  0%| F|  |TAMS 0x00000000a6e00000| PB 0x00000000a6e00000| Untracked |  0
|  67|0x00000000a6f00000, 0x00000000a6f00000, 0x00000000a7000000|  0%| F|  |TAMS 0x00000000a6f00000| PB 0x00000000a6f00000| Untracked |  0
|  68|0x00000000a7000000, 0x00000000a7000000, 0x00000000a7100000|  0%| F|  |TAMS 0x00000000a7000000| PB 0x00000000a7000000| Untracked |  0
|  69|0x00000000a7100000, 0x00000000a7100000, 0x00000000a7200000|  0%| F|  |TAMS 0x00000000a7100000| PB 0x00000000a7100000| Untracked |  0
|  70|0x00000000a7200000, 0x00000000a7200000, 0x00000000a7300000|  0%| F|  |TAMS 0x00000000a7200000| PB 0x00000000a7200000| Untracked |  0
|  71|0x00000000a7300000, 0x00000000a7300000, 0x00000000a7400000|  0%| F|  |TAMS 0x00000000a7300000| PB 0x00000000a7300000| Untracked |  0
|  72|0x00000000a7400000, 0x00000000a7400000, 0x00000000a7500000|  0%| F|  |TAMS 0x00000000a7400000| PB 0x00000000a7400000| Untracked |  0
|  73|0x00000000a7500000, 0x00000000a7500000, 0x00000000a7600000|  0%| F|  |TAMS 0x00000000a7500000| PB 0x00000000a7500000| Untracked |  0
|  74|0x00000000a7600000, 0x00000000a7600000, 0x00000000a7700000|  0%| F|  |TAMS 0x00000000a7600000| PB 0x00000000a7600000| Untracked |  0
|  75|0x00000000a7700000, 0x00000000a7700000, 0x00000000a7800000|  0%| F|  |TAMS 0x00000000a7700000| PB 0x00000000a7700000| Untracked |  0
|  76|0x00000000a7800000, 0x00000000a7800000, 0x00000000a7900000|  0%| F|  |TAMS 0x00000000a7800000| PB 0x00000000a7800000| Untracked |  0
|  77|0x00000000a7900000, 0x00000000a7900000, 0x00000000a7a00000|  0%| F|  |TAMS 0x00000000a7900000| PB 0x00000000a7900000| Untracked |  0
|  78|0x00000000a7a00000, 0x00000000a7a00000, 0x00000000a7b00000|  0%| F|  |TAMS 0x00000000a7a00000| PB 0x00000000a7a00000| Untracked |  0
|  79|0x00000000a7b00000, 0x00000000a7b00000, 0x00000000a7c00000|  0%| F|  |TAMS 0x00000000a7b00000| PB 0x00000000a7b00000| Untracked |  0
|  80|0x00000000a7c00000, 0x00000000a7c00000, 0x00000000a7d00000|  0%| F|  |TAMS 0x00000000a7c00000| PB 0x00000000a7c00000| Untracked |  0
|  81|0x00000000a7d00000, 0x00000000a7d00000, 0x00000000a7e00000|  0%| F|  |TAMS 0x00000000a7d00000| PB 0x00000000a7d00000| Untracked |  0
|  82|0x00000000a7e00000, 0x00000000a7e00000, 0x00000000a7f00000|  0%| F|  |TAMS 0x00000000a7e00000| PB 0x00000000a7e00000| Untracked |  0
|  83|0x00000000a7f00000, 0x00000000a7f00000, 0x00000000a8000000|  0%| F|  |TAMS 0x00000000a7f00000| PB 0x00000000a7f00000| Untracked |  0
|  84|0x00000000a8000000, 0x00000000a8000000, 0x00000000a8100000|  0%| F|  |TAMS 0x00000000a8000000| PB 0x00000000a8000000| Untracked |  0
|  85|0x00000000a8100000, 0x00000000a8100000, 0x00000000a8200000|  0%| F|  |TAMS 0x00000000a8100000| PB 0x00000000a8100000| Untracked |  0
|  86|0x00000000a8200000, 0x00000000a8200000, 0x00000000a8300000|  0%| F|  |TAMS 0x00000000a8200000| PB 0x00000000a8200000| Untracked |  0
|  87|0x00000000a8300000, 0x00000000a8300000, 0x00000000a8400000|  0%| F|  |TAMS 0x00000000a8300000| PB 0x00000000a8300000| Untracked |  0
|  88|0x00000000a8400000, 0x00000000a8400000, 0x00000000a8500000|  0%| F|  |TAMS 0x00000000a8400000| PB 0x00000000a8400000| Untracked |  0
|  89|0x00000000a8500000, 0x00000000a8500000, 0x00000000a8600000|  0%| F|  |TAMS 0x00000000a8500000| PB 0x00000000a8500000| Untracked |  0
|  90|0x00000000a8600000, 0x00000000a8600000, 0x00000000a8700000|  0%| F|  |TAMS 0x00000000a8600000| PB 0x00000000a8600000| Untracked |  0
|  91|0x00000000a8700000, 0x00000000a8700000, 0x00000000a8800000|  0%| F|  |TAMS 0x00000000a8700000| PB 0x00000000a8700000| Untracked |  0
|  92|0x00000000a8800000, 0x00000000a8800000, 0x00000000a8900000|  0%| F|  |TAMS 0x00000000a8800000| PB 0x00000000a8800000| Untracked |  0
|  93|0x00000000a8900000, 0x00000000a896b9a8, 0x00000000a8a00000| 42%| E|  |TAMS 0x00000000a8900000| PB 0x00000000a8900000| Complete |  0
|  94|0x00000000a8a00000, 0x00000000a8b00000, 0x00000000a8b00000|100%| E|CS|TAMS 0x00000000a8a00000| PB 0x00000000a8a00000| Complete |  0
|  95|0x00000000a8b00000, 0x00000000a8c00000, 0x00000000a8c00000|100%| E|CS|TAMS 0x00000000a8b00000| PB 0x00000000a8b00000| Complete |  0
|  96|0x00000000a8c00000, 0x00000000a8d00000, 0x00000000a8d00000|100%| E|  |TAMS 0x00000000a8c00000| PB 0x00000000a8c00000| Complete |  0
|  97|0x00000000a8d00000, 0x00000000a8e00000, 0x00000000a8e00000|100%| E|CS|TAMS 0x00000000a8d00000| PB 0x00000000a8d00000| Complete |  0
|  98|0x00000000a8e00000, 0x00000000a8f00000, 0x00000000a8f00000|100%| E|CS|TAMS 0x00000000a8e00000| PB 0x00000000a8e00000| Complete |  0
|  99|0x00000000a8f00000, 0x00000000a9000000, 0x00000000a9000000|100%| E|CS|TAMS 0x00000000a8f00000| PB 0x00000000a8f00000| Complete |  0
| 100|0x00000000a9000000, 0x00000000a9100000, 0x00000000a9100000|100%| E|CS|TAMS 0x00000000a9000000| PB 0x00000000a9000000| Complete |  0
| 101|0x00000000a9100000, 0x00000000a9200000, 0x00000000a9200000|100%| E|CS|TAMS 0x00000000a9100000| PB 0x00000000a9100000| Complete |  0
| 102|0x00000000a9200000, 0x00000000a9300000, 0x00000000a9300000|100%| E|CS|TAMS 0x00000000a9200000| PB 0x00000000a9200000| Complete |  0
| 103|0x00000000a9300000, 0x00000000a9400000, 0x00000000a9400000|100%| E|CS|TAMS 0x00000000a9300000| PB 0x00000000a9300000| Complete |  0
| 104|0x00000000a9400000, 0x00000000a9500000, 0x00000000a9500000|100%| E|CS|TAMS 0x00000000a9400000| PB 0x00000000a9400000| Complete |  0
| 105|0x00000000a9500000, 0x00000000a9600000, 0x00000000a9600000|100%| E|CS|TAMS 0x00000000a9500000| PB 0x00000000a9500000| Complete |  0
|1488|0x00000000ffc00000, 0x00000000ffd00000, 0x00000000ffd00000|100%| O|  |TAMS 0x00000000ffc00000| PB 0x00000000ffc00000| Untracked |  0
|1489|0x00000000ffd00000, 0x00000000ffe00000, 0x00000000ffe00000|100%| O|Cm|TAMS 0x00000000ffd00000| PB 0x00000000ffd00000| Complete |  0
|1490|0x00000000ffe00000, 0x00000000fff00000, 0x00000000fff00000|100%| O|  |TAMS 0x00000000ffe00000| PB 0x00000000ffe00000| Untracked |  0
|1491|0x00000000fff00000, 0x0000000100000000, 0x0000000100000000|100%| E|CS|TAMS 0x00000000fff00000| PB 0x00000000fff00000| Complete |  0

Card table byte_map: [0x00000242fbf30000,0x00000242fc220000] _byte_map_base: 0x00000242fba1a000

Marking Bits: (CMBitMap*) 0x00000242fb7a0550
 Bits: [0x00000242fc220000, 0x00000242fd970000)

Polling page: 0x00000242f9560000

Metaspace:

Usage:
  Non-class:     76.52 MB used.
      Class:      9.57 MB used.
       Both:     86.09 MB used.

Virtual space:
  Non-class space:      128.00 MB reserved,      76.81 MB ( 60%) committed,  2 nodes.
      Class space:        1.00 GB reserved,       9.81 MB ( <1%) committed,  1 nodes.
             Both:        1.12 GB reserved,      86.62 MB (  8%) committed. 

Chunk freelists:
   Non-Class:  3.02 MB
       Class:  6.23 MB
        Both:  9.25 MB

MaxMetaspaceSize: unlimited
CompressedClassSpaceSize: 1.00 GB
Initial GC threshold: 21.00 MB
Current GC threshold: 142.81 MB
CDS: on
 - commit_granule_bytes: 65536.
 - commit_granule_words: 8192.
 - virtual_space_node_default_size: 8388608.
 - enlarge_chunks_in_place: 1.
UseCompressedClassPointers 1, UseCompactObjectHeaders 0
Narrow klass pointer bits 32, Max shift 3
Narrow klass base: 0x0000024298000000, Narrow klass shift: 0
Encoding Range: [0x0000024298000000 - 0x0000024398000000), (4294967296 bytes)
Klass Range:    [0x0000024298000000 - 0x00000242d9000000), (1090519040 bytes)
Klass ID Range:  [8 - 1090519033) (1090519025)


Internal statistics:

num_allocs_failed_limit: 6.
num_arena_births: 742.
num_arena_deaths: 0.
num_vsnodes_births: 3.
num_vsnodes_deaths: 0.
num_space_committed: 1385.
num_space_uncommitted: 0.
num_chunks_returned_to_freelist: 6.
num_chunks_taken_from_freelist: 3716.
num_chunk_merges: 6.
num_chunk_splits: 2799.
num_chunks_enlarged: 2361.
num_inconsistent_stats: 0.

CodeHeap 'non-profiled nmethods': size=120064Kb used=4081Kb max_used=4287Kb free=115982Kb
 bounds [0x00000242902a0000, 0x00000242906d0000, 0x00000242977e0000]
CodeHeap 'profiled nmethods': size=120000Kb used=13680Kb max_used=14031Kb free=106319Kb
 bounds [0x00000242887e0000, 0x00000242895c0000, 0x000002428fd10000]
CodeHeap 'non-nmethods': size=5696Kb used=1632Kb max_used=1767Kb free=4063Kb
 bounds [0x000002428fd10000, 0x000002428ff80000, 0x00000242902a0000]
CodeCache: size=245760Kb, used=19393Kb, max_used=20085Kb, free=226364Kb
 total_blobs=9301, nmethods=8526, adapters=678, full_count=0
Compilation: enabled, stopped_count=0, restarted_count=0

Compilation events (20 events):
Event: 23.030 Thread 0x0000024297d035d0 10209       2       org.antlr.v4.runtime.ParserRuleContext::addChild (9 bytes)
Event: 23.030 Thread 0x0000024297d035d0 nmethod 10209 0x00000242888c1288 code [0x00000242888c13c0, 0x00000242888c1648]
Event: 23.031 Thread 0x0000024297d035d0 10210       3       org.antlr.v4.runtime.atn.ATNConfigSet$AbstractConfigHashSet::createBuckets (6 bytes)
Event: 23.031 Thread 0x0000024297d035d0 nmethod 10210 0x0000024288c7e988 code [0x0000024288c7eaa0, 0x0000024288c7ed18]
Event: 23.031 Thread 0x0000024297d035d0 10211       2       org.antlr.v4.runtime.BufferedTokenStream::consume (119 bytes)
Event: 23.031 Thread 0x0000024297d035d0 nmethod 10211 0x0000024288afc988 code [0x0000024288afcb00, 0x0000024288afce90]
Event: 23.034 Thread 0x0000024297d035d0 10213       2       org.antlr.v4.runtime.BufferedTokenStream::previousTokenOnChannel (69 bytes)
Event: 23.034 Thread 0x0000024297d035d0 nmethod 10213 0x0000024288c88a88 code [0x0000024288c88c00, 0x0000024288c88fa0]
Event: 23.057 Thread 0x0000024297d035d0 10214 %     3       org.antlr.v4.runtime.atn.PredictionMode::hasConflictingAltSet @ 7 (41 bytes)
Event: 23.057 Thread 0x0000024297d035d0 nmethod 10214% 0x000002428889dd08 code [0x000002428889de80, 0x000002428889e428]
Event: 23.059 Thread 0x0000024297d035d0 10216       2       org.antlr.v4.runtime.atn.ParserATNSimulator::computeTargetState (286 bytes)
Event: 23.061 Thread 0x0000024297d035d0 nmethod 10216 0x00000242888f5588 code [0x00000242888f58a0, 0x00000242888f64f0]
Event: 23.061 Thread 0x0000024297d035d0 10218       2       org.antlr.v4.runtime.ParserRuleContext::<init> (7 bytes)
Event: 23.061 Thread 0x0000024297d035d0 nmethod 10218 0x0000024288cbc588 code [0x0000024288cbc6a0, 0x0000024288cbc7f8]
Event: 23.061 Thread 0x0000024297d035d0 10217   !   2       org.antlr.v4.runtime.atn.ParserATNSimulator::addDFAEdge (207 bytes)
Event: 23.062 Thread 0x0000024297d035d0 nmethod 10217 0x0000024288b1ba88 code [0x0000024288b1bd20, 0x0000024288b1c8e0]
Event: 23.066 Thread 0x0000024297d035d0 10220       3       org.antlr.v4.runtime.atn.ParserATNSimulator::precedenceTransition (266 bytes)
Event: 23.069 Thread 0x0000024297d035d0 nmethod 10220 0x00000242895b7c88 code [0x00000242895b81a0, 0x00000242895bba80]
Event: 23.070 Thread 0x0000024297d035d0 10221       2       org.antlr.v4.runtime.CommonTokenStream::LB (69 bytes)
Event: 23.071 Thread 0x0000024297d035d0 nmethod 10221 0x00000242888c6508 code [0x00000242888c6660, 0x00000242888c6928]

GC Heap History (20 events):
Event: 11.910 GC heap before
{Heap before GC invocations=16 (full 0):
 garbage-first heap   total reserved 1527808K, committed 78848K, used 66878K [0x00000000a2c00000, 0x0000000100000000)
  region size 1024K, 30 young (30720K), 3 survivors (3072K)
 Metaspace       used 66777K, committed 67200K, reserved 1114112K
  class space    used 6857K, committed 7040K, reserved 1048576K
}
Event: 11.913 GC heap after
{Heap after GC invocations=17 (full 0):
 garbage-first heap   total reserved 1527808K, committed 78848K, used 42266K [0x00000000a2c00000, 0x0000000100000000)
  region size 1024K, 4 young (4096K), 4 survivors (4096K)
 Metaspace       used 66777K, committed 67200K, reserved 1114112K
  class space    used 6857K, committed 7040K, reserved 1048576K
}
Event: 12.611 GC heap before
{Heap before GC invocations=18 (full 0):
 garbage-first heap   total reserved 1527808K, committed 78848K, used 67866K [0x00000000a2c00000, 0x0000000100000000)
  region size 1024K, 30 young (30720K), 4 survivors (4096K)
 Metaspace       used 72820K, committed 73344K, reserved 1179648K
  class space    used 7696K, committed 7936K, reserved 1048576K
}
Event: 12.615 GC heap after
{Heap after GC invocations=19 (full 0):
 garbage-first heap   total reserved 1527808K, committed 78848K, used 43513K [0x00000000a2c00000, 0x0000000100000000)
  region size 1024K, 4 young (4096K), 4 survivors (4096K)
 Metaspace       used 72820K, committed 73344K, reserved 1179648K
  class space    used 7696K, committed 7936K, reserved 1048576K
}
Event: 12.906 GC heap before
{Heap before GC invocations=19 (full 0):
 garbage-first heap   total reserved 1527808K, committed 78848K, used 68089K [0x00000000a2c00000, 0x0000000100000000)
  region size 1024K, 28 young (28672K), 4 survivors (4096K)
 Metaspace       used 74282K, committed 74816K, reserved 1179648K
  class space    used 7836K, committed 8064K, reserved 1048576K
}
Event: 12.909 GC heap after
{Heap after GC invocations=20 (full 0):
 garbage-first heap   total reserved 1527808K, committed 78848K, used 43308K [0x00000000a2c00000, 0x0000000100000000)
  region size 1024K, 2 young (2048K), 2 survivors (2048K)
 Metaspace       used 74282K, committed 74816K, reserved 1179648K
  class space    used 7836K, committed 8064K, reserved 1048576K
}
Event: 21.024 GC heap before
{Heap before GC invocations=20 (full 0):
 garbage-first heap   total reserved 1527808K, committed 78848K, used 70956K [0x00000000a2c00000, 0x0000000100000000)
  region size 1024K, 29 young (29696K), 2 survivors (2048K)
 Metaspace       used 78877K, committed 79424K, reserved 1179648K
  class space    used 8336K, committed 8576K, reserved 1048576K
}
Event: 21.028 GC heap after
{Heap after GC invocations=21 (full 0):
 garbage-first heap   total reserved 1527808K, committed 78848K, used 45743K [0x00000000a2c00000, 0x0000000100000000)
  region size 1024K, 4 young (4096K), 4 survivors (4096K)
 Metaspace       used 78877K, committed 79424K, reserved 1179648K
  class space    used 8336K, committed 8576K, reserved 1048576K
}
Event: 21.743 GC heap before
{Heap before GC invocations=22 (full 0):
 garbage-first heap   total reserved 1527808K, committed 78848K, used 69295K [0x00000000a2c00000, 0x0000000100000000)
  region size 1024K, 27 young (27648K), 4 survivors (4096K)
 Metaspace       used 81460K, committed 81984K, reserved 1179648K
  class space    used 8640K, committed 8832K, reserved 1048576K
}
Event: 21.747 GC heap after
{Heap after GC invocations=23 (full 0):
 garbage-first heap   total reserved 1527808K, committed 78848K, used 47654K [0x00000000a2c00000, 0x0000000100000000)
  region size 1024K, 2 young (2048K), 2 survivors (2048K)
 Metaspace       used 81460K, committed 81984K, reserved 1179648K
  class space    used 8640K, committed 8832K, reserved 1048576K
}
Event: 22.155 GC heap before
{Heap before GC invocations=23 (full 0):
 garbage-first heap   total reserved 1527808K, committed 78848K, used 70182K [0x00000000a2c00000, 0x0000000100000000)
  region size 1024K, 25 young (25600K), 2 survivors (2048K)
 Metaspace       used 82709K, committed 83264K, reserved 1179648K
  class space    used 8775K, committed 9024K, reserved 1048576K
}
Event: 22.161 GC heap after
{Heap after GC invocations=24 (full 0):
 garbage-first heap   total reserved 1527808K, committed 78848K, used 48674K [0x00000000a2c00000, 0x0000000100000000)
  region size 1024K, 4 young (4096K), 4 survivors (4096K)
 Metaspace       used 82709K, committed 83264K, reserved 1179648K
  class space    used 8775K, committed 9024K, reserved 1048576K
}
Event: 22.588 GC heap before
{Heap before GC invocations=24 (full 0):
 garbage-first heap   total reserved 1527808K, committed 78848K, used 68130K [0x00000000a2c00000, 0x0000000100000000)
  region size 1024K, 23 young (23552K), 4 survivors (4096K)
 Metaspace       used 84847K, committed 85376K, reserved 1179648K
  class space    used 9229K, committed 9472K, reserved 1048576K
}
Event: 22.592 GC heap after
{Heap after GC invocations=25 (full 0):
 garbage-first heap   total reserved 1527808K, committed 78848K, used 50378K [0x00000000a2c00000, 0x0000000100000000)
  region size 1024K, 3 young (3072K), 3 survivors (3072K)
 Metaspace       used 84847K, committed 85376K, reserved 1179648K
  class space    used 9229K, committed 9472K, reserved 1048576K
}
Event: 22.725 GC heap before
{Heap before GC invocations=26 (full 0):
 garbage-first heap   total reserved 1527808K, committed 86016K, used 69834K [0x00000000a2c00000, 0x0000000100000000)
  region size 1024K, 22 young (22528K), 3 survivors (3072K)
 Metaspace       used 84863K, committed 85376K, reserved 1179648K
  class space    used 9231K, committed 9472K, reserved 1048576K
}
Event: 22.730 GC heap after
{Heap after GC invocations=27 (full 0):
 garbage-first heap   total reserved 1527808K, committed 86016K, used 53826K [0x00000000a2c00000, 0x0000000100000000)
  region size 1024K, 3 young (3072K), 3 survivors (3072K)
 Metaspace       used 84863K, committed 85376K, reserved 1179648K
  class space    used 9231K, committed 9472K, reserved 1048576K
}
Event: 22.918 GC heap before
{Heap before GC invocations=27 (full 0):
 garbage-first heap   total reserved 1527808K, committed 86016K, used 76354K [0x00000000a2c00000, 0x0000000100000000)
  region size 1024K, 26 young (26624K), 3 survivors (3072K)
 Metaspace       used 86418K, committed 86976K, reserved 1179648K
  class space    used 9555K, committed 9792K, reserved 1048576K
}
Event: 22.925 GC heap after
{Heap after GC invocations=28 (full 0):
 garbage-first heap   total reserved 1527808K, committed 88064K, used 58562K [0x00000000a2c00000, 0x0000000100000000)
  region size 1024K, 4 young (4096K), 4 survivors (4096K)
 Metaspace       used 86418K, committed 86976K, reserved 1179648K
  class space    used 9555K, committed 9792K, reserved 1048576K
}
Event: 23.035 GC heap before
{Heap before GC invocations=28 (full 0):
 garbage-first heap   total reserved 1527808K, committed 88064K, used 78018K [0x00000000a2c00000, 0x0000000100000000)
  region size 1024K, 23 young (23552K), 4 survivors (4096K)
 Metaspace       used 86857K, committed 87360K, reserved 1179648K
  class space    used 9669K, committed 9856K, reserved 1048576K
}
Event: 23.039 GC heap after
{Heap after GC invocations=29 (full 0):
 garbage-first heap   total reserved 1527808K, committed 112640K, used 60731K [0x00000000a2c00000, 0x0000000100000000)
  region size 1024K, 2 young (2048K), 2 survivors (2048K)
 Metaspace       used 86857K, committed 87360K, reserved 1179648K
  class space    used 9669K, committed 9856K, reserved 1048576K
}

Dll operation events (12 events):
Event: 0.040 Loaded shared library C:\Users\maryc\.jdks\openjdk-24.0.2\bin\java.dll
Event: 0.077 Loaded shared library C:\Users\maryc\.jdks\openjdk-24.0.2\bin\jsvml.dll
Event: 0.348 Loaded shared library C:\Users\maryc\.jdks\openjdk-24.0.2\bin\zip.dll
Event: 0.354 Loaded shared library C:\Users\maryc\.jdks\openjdk-24.0.2\bin\instrument.dll
Event: 0.362 Loaded shared library C:\Users\maryc\.jdks\openjdk-24.0.2\bin\net.dll
Event: 0.367 Loaded shared library C:\Users\maryc\.jdks\openjdk-24.0.2\bin\nio.dll
Event: 0.373 Loaded shared library C:\Users\maryc\.jdks\openjdk-24.0.2\bin\zip.dll
Event: 0.630 Loaded shared library C:\Users\maryc\.jdks\openjdk-24.0.2\bin\extnet.dll
Event: 0.672 Loaded shared library C:\Users\maryc\.jdks\openjdk-24.0.2\bin\jimage.dll
Event: 5.036 Loaded shared library C:\Users\maryc\.jdks\openjdk-24.0.2\bin\sunmscapi.dll
Event: 8.552 Loaded shared library C:\Users\maryc\.jdks\openjdk-24.0.2\bin\management.dll
Event: 8.556 Loaded shared library C:\Users\maryc\.jdks\openjdk-24.0.2\bin\management_ext.dll

Deoptimization events (20 events):
Event: 23.006 Thread 0x00000242fb756ae0 DEOPT PACKING pc=0x00000242905329a4 sp=0x00000095c00fa3e0
Event: 23.006 Thread 0x00000242fb756ae0 DEOPT UNPACKING pc=0x000002428fe25482 sp=0x00000095c00fa2c0 mode 2
Event: 23.006 Thread 0x00000242fb756ae0 Uncommon trap: trap_request=0xffffff4d fr.pc=0x0000024290530058 relative=0x0000000000000058
Event: 23.006 Thread 0x00000242fb756ae0 Uncommon trap: reason=unstable_if action=reinterpret pc=0x0000024290530058 method=org.antlr.v4.runtime.atn.EmptyPredictionContext.equals(Ljava/lang/Object;)Z @ 2 c2
Event: 23.006 Thread 0x00000242fb756ae0 DEOPT PACKING pc=0x0000024290530058 sp=0x00000095c00fa2c0
Event: 23.006 Thread 0x00000242fb756ae0 DEOPT UNPACKING pc=0x000002428fe25482 sp=0x00000095c00fa258 mode 2
Event: 23.006 Thread 0x00000242fb756ae0 Uncommon trap: trap_request=0xffffff4d fr.pc=0x0000024290408800 relative=0x0000000000000080
Event: 23.006 Thread 0x00000242fb756ae0 Uncommon trap: reason=unstable_if action=reinterpret pc=0x0000024290408800 method=org.antlr.v4.runtime.atn.PredictionContext.mergeRoot(Lorg/antlr/v4/runtime/atn/SingletonPredictionContext;Lorg/antlr/v4/runtime/atn/SingletonPredictionContext;Z)Lorg/antlr/v
Event: 23.006 Thread 0x00000242fb756ae0 DEOPT PACKING pc=0x0000024290408800 sp=0x00000095c00fa200
Event: 23.006 Thread 0x00000242fb756ae0 DEOPT UNPACKING pc=0x000002428fe25482 sp=0x00000095c00fa168 mode 2
Event: 23.006 Thread 0x00000242fb756ae0 Uncommon trap: trap_request=0xffffffc6 fr.pc=0x00000242905329a4 relative=0x0000000000002364
Event: 23.006 Thread 0x00000242fb756ae0 Uncommon trap: reason=bimorphic_or_optimized_type_check action=maybe_recompile pc=0x00000242905329a4 method=org.antlr.v4.runtime.atn.PredictionContext.merge(Lorg/antlr/v4/runtime/atn/PredictionContext;Lorg/antlr/v4/runtime/atn/PredictionContext;ZLorg/antl
Event: 23.006 Thread 0x00000242fb756ae0 DEOPT PACKING pc=0x00000242905329a4 sp=0x00000095c00fa3e0
Event: 23.006 Thread 0x00000242fb756ae0 DEOPT UNPACKING pc=0x000002428fe25482 sp=0x00000095c00fa2c0 mode 2
Event: 23.022 Thread 0x00000242fb756ae0 DEOPT PACKING pc=0x00000242889578ae sp=0x00000095c00fc250
Event: 23.022 Thread 0x00000242fb756ae0 DEOPT UNPACKING pc=0x000002428fd65722 sp=0x00000095c00fb808 mode 0
Event: 23.024 Thread 0x00000242fb756ae0 Uncommon trap: trap_request=0xffffff4d fr.pc=0x00000242905325d4 relative=0x0000000000001f94
Event: 23.024 Thread 0x00000242fb756ae0 Uncommon trap: reason=unstable_if action=reinterpret pc=0x00000242905325d4 method=org.antlr.v4.runtime.atn.ParserATNSimulator.closure_(Lorg/antlr/v4/runtime/atn/ATNConfig;Lorg/antlr/v4/runtime/atn/ATNConfigSet;Ljava/util/Set;ZZIZ)V @ 47 c2
Event: 23.024 Thread 0x00000242fb756ae0 DEOPT PACKING pc=0x00000242905325d4 sp=0x00000095c00fa7f0
Event: 23.024 Thread 0x00000242fb756ae0 DEOPT UNPACKING pc=0x000002428fe25482 sp=0x00000095c00fa7d8 mode 2

Classes loaded (20 events):
Event: 21.846 Loading class sun/reflect/ReflectionFactory
Event: 21.846 Loading class sun/reflect/ReflectionFactory done
Event: 21.846 Loading class java/io/OptionalDataException
Event: 21.847 Loading class java/io/OptionalDataException done
Event: 21.939 Loading class sun/nio/cs/ISO_8859_1$Decoder
Event: 21.940 Loading class sun/nio/cs/ISO_8859_1$Decoder done
Event: 21.981 Loading class java/lang/invoke/BoundMethodHandle$Species_LLLLLLLL
Event: 21.981 Loading class java/lang/invoke/BoundMethodHandle$Species_LLLLLLLL done
Event: 21.984 Loading class java/lang/invoke/BoundMethodHandle$Species_LLLLLLLLL
Event: 21.984 Loading class java/lang/invoke/BoundMethodHandle$Species_LLLLLLLLL done
Event: 21.987 Loading class java/lang/invoke/BoundMethodHandle$Species_LLLLLLLLLL
Event: 21.987 Loading class java/lang/invoke/BoundMethodHandle$Species_LLLLLLLLLL done
Event: 22.108 Loading class java/util/regex/Pattern$Bound
Event: 22.109 Loading class java/util/regex/Pattern$Bound done
Event: 22.110 Loading class java/util/regex/Pattern$Behind
Event: 22.111 Loading class java/util/regex/Pattern$Behind done
Event: 22.147 Loading class java/util/EmptyStackException
Event: 22.147 Loading class java/util/EmptyStackException done
Event: 22.428 Loading class java/io/InvalidClassException
Event: 22.429 Loading class java/io/InvalidClassException done

Classes unloaded (0 events):
No events

Classes redefined (0 events):
No events

Internal exceptions (20 events):
Event: 13.089 Thread 0x00000242fb756ae0 Exception <a 'java/lang/NoSuchMethodError'{0x00000000a72fa400}: 'java.lang.Object java.lang.invoke.Invokers$Holder.linkToTargetMethod(java.lang.Object, java.lang.Object, java.lang.Object, java.lang.Object, java.lang.Object, java.lang.Object, java.lang.Object, java.lang.Object, java.lang.Object, java.lang.Object, java.lang.Object, java.lang.Object)'> (0x00000000a72fa400) 
thrown [s\open\src\hotspot\share\interpreter\linkResolver.cpp, line 805]
Event: 13.105 Thread 0x00000242fb756ae0 Exception <a 'java/lang/IncompatibleClassChangeError'{0x00000000a71bc358}: Found class java.lang.Object, but interface was expected> (0x00000000a71bc358) 
thrown [s\open\src\hotspot\share\interpreter\linkResolver.cpp, line 872]
Event: 13.147 Thread 0x00000242fb756ae0 Exception <a 'java/lang/IncompatibleClassChangeError'{0x00000000a6f324a0}: Found class java.lang.Object, but interface was expected> (0x00000000a6f324a0) 
thrown [s\open\src\hotspot\share\interpreter\linkResolver.cpp, line 872]
Event: 13.166 Thread 0x00000242fb756ae0 Exception <a 'java/lang/NoSuchMethodError'{0x00000000a6fd02b8}: 'java.lang.Object java.lang.invoke.DirectMethodHandle$Holder.newInvokeSpecial(java.lang.Object, java.lang.Object, int, java.lang.Object, int, java.lang.Object, java.lang.Object)'> (0x00000000a6fd02b8) 
thrown [s\open\src\hotspot\share\interpreter\linkResolver.cpp, line 805]
Event: 13.222 Thread 0x00000242fb756ae0 Exception <a 'java/lang/NoSuchMethodError'{0x00000000a6dbb0e8}: 'void java.lang.invoke.DirectMethodHandle$Holder.invokeStatic(java.lang.Object, java.lang.Object, java.lang.Object, java.lang.Object, java.lang.Object, java.lang.Object, java.lang.Object, int, java.lang.Object)'> (0x00000000a6dbb0e8) 
thrown [s\open\src\hotspot\share\interpreter\linkResolver.cpp, line 805]
Event: 21.007 Thread 0x00000242fb756ae0 Implicit null exception at 0x0000024290619cf7 to 0x0000024290619fe4
Event: 21.043 Thread 0x00000242fb756ae0 Implicit null exception at 0x000002429053680d to 0x0000024290537fa4
Event: 21.058 Thread 0x00000242fb756ae0 Exception <a 'java/lang/IncompatibleClassChangeError'{0x00000000a89c65c0}: Found class java.lang.Object, but interface was expected> (0x00000000a89c65c0) 
thrown [s\open\src\hotspot\share\interpreter\linkResolver.cpp, line 872]
Event: 21.149 Thread 0x00000242fb756ae0 Exception <a 'java/lang/IncompatibleClassChangeError'{0x00000000a74cf538}: Found class java.lang.Object, but interface was expected> (0x00000000a74cf538) 
thrown [s\open\src\hotspot\share\interpreter\linkResolver.cpp, line 872]
Event: 21.710 Thread 0x00000242fb756ae0 Exception <a 'java/lang/IncompatibleClassChangeError'{0x00000000a63c4278}: Found class java.lang.Object, but interface was expected> (0x00000000a63c4278) 
thrown [s\open\src\hotspot\share\interpreter\linkResolver.cpp, line 872]
Event: 21.819 Thread 0x00000242fb756ae0 Exception <a 'java/lang/NoSuchMethodError'{0x00000000a74aa120}: 'int java.lang.invoke.DirectMethodHandle$Holder.invokeStaticInit(java.lang.Object, int, java.lang.Object, java.lang.Object, java.lang.Object, java.lang.Object)'> (0x00000000a74aa120) 
thrown [s\open\src\hotspot\share\interpreter\linkResolver.cpp, line 805]
Event: 21.932 Thread 0x00000242fb756ae0 Exception <a 'java/io/FileNotFoundException'{0x00000000a6e95110}> (0x00000000a6e95110) 
thrown [s\open\src\hotspot\share\prims\jni.cpp, line 518]
Event: 21.933 Thread 0x00000242fb756ae0 Exception <a 'java/io/FileNotFoundException'{0x00000000a6e9ea70}> (0x00000000a6e9ea70) 
thrown [s\open\src\hotspot\share\prims\jni.cpp, line 518]
Event: 21.934 Thread 0x00000242fb756ae0 Exception <a 'java/io/FileNotFoundException'{0x00000000a6ea85a8}> (0x00000000a6ea85a8) 
thrown [s\open\src\hotspot\share\prims\jni.cpp, line 518]
Event: 21.935 Thread 0x00000242fb756ae0 Exception <a 'java/io/FileNotFoundException'{0x00000000a6eb2090}> (0x00000000a6eb2090) 
thrown [s\open\src\hotspot\share\prims\jni.cpp, line 518]
Event: 21.978 Thread 0x00000242fb756ae0 Exception <a 'java/lang/NoSuchMethodError'{0x00000000a6bb2d60}: 'java.lang.Object java.lang.invoke.DirectMethodHandle$Holder.newInvokeSpecial(java.lang.Object, java.lang.Object, java.lang.Object, java.lang.Object, java.lang.Object, java.lang.Object, java.lang.Object, java.lang.Object, java.lang.Object, java.lang.Object)'> (0x00000000a6bb2d60) 
thrown [s\open\src\hotspot\share\interpreter\linkResolver.cpp, line 805]
Event: 21.982 Thread 0x00000242fb756ae0 Exception <a 'java/lang/NoSuchMethodError'{0x00000000a6a0bd88}: 'java.lang.Object java.lang.invoke.DirectMethodHandle$Holder.invokeStatic(java.lang.Object, java.lang.Object, java.lang.Object, java.lang.Object, java.lang.Object, java.lang.Object, java.lang.Object, java.lang.Object, java.lang.Object, java.lang.Object, java.lang.Object)'> (0x00000000a6a0bd88) 
thrown [s\open\src\hotspot\share\interpreter\linkResolver.cpp, line 805]
Event: 21.985 Thread 0x00000242fb756ae0 Exception <a 'java/lang/NoSuchMethodError'{0x00000000a6a33698}: 'java.lang.Object java.lang.invoke.DirectMethodHandle$Holder.invokeStatic(java.lang.Object, java.lang.Object, java.lang.Object, java.lang.Object, java.lang.Object, java.lang.Object, java.lang.Object, java.lang.Object, java.lang.Object, java.lang.Object, java.lang.Object, java.lang.Object)'> (0x00000000a6a33698) 
thrown [s\open\src\hotspot\share\interpreter\linkResolver.cpp, line 805]
Event: 21.988 Thread 0x00000242fb756ae0 Exception <a 'java/lang/NoSuchMethodError'{0x00000000a6a5bbb0}: 'java.lang.Object java.lang.invoke.DirectMethodHandle$Holder.invokeStatic(java.lang.Object, java.lang.Object, java.lang.Object, java.lang.Object, java.lang.Object, java.lang.Object, java.lang.Object, java.lang.Object, java.lang.Object, java.lang.Object, java.lang.Object, java.lang.Object, java.lang.Object)'> (0x00000000a6a5bbb0) 
thrown [s\open\src\hotspot\share\interpreter\linkResolver.cpp, line 805]
Event: 22.112 Thread 0x00000242fb756ae0 Exception <a 'java/lang/IncompatibleClassChangeError'{0x00000000a622e858}: Found class java.lang.Object, but interface was expected> (0x00000000a622e858) 
thrown [s\open\src\hotspot\share\interpreter\linkResolver.cpp, line 872]

VM Operations (20 events):
Event: 22.155 Executing VM operation: G1CollectForAllocation (G1 Evacuation Pause)
Event: 22.161 Executing VM operation: G1CollectForAllocation (G1 Evacuation Pause) done
Event: 22.445 Executing VM operation: HandshakeAllThreads (Deoptimize)
Event: 22.445 Executing VM operation: HandshakeAllThreads (Deoptimize) done
Event: 22.580 Executing VM operation: HandshakeAllThreads (Deoptimize)
Event: 22.580 Executing VM operation: HandshakeAllThreads (Deoptimize) done
Event: 22.588 Executing VM operation: G1CollectForAllocation (G1 Evacuation Pause)
Event: 22.592 Executing VM operation: G1CollectForAllocation (G1 Evacuation Pause) done
Event: 22.634 Executing VM operation: G1PauseRemark
Event: 22.640 Executing VM operation: G1PauseRemark done
Event: 22.655 Executing VM operation: G1PauseCleanup
Event: 22.655 Executing VM operation: G1PauseCleanup done
Event: 22.725 Executing VM operation: G1CollectForAllocation (G1 Evacuation Pause)
Event: 22.730 Executing VM operation: G1CollectForAllocation (G1 Evacuation Pause) done
Event: 22.918 Executing VM operation: G1CollectForAllocation (G1 Evacuation Pause)
Event: 22.925 Executing VM operation: G1CollectForAllocation (G1 Evacuation Pause) done
Event: 23.035 Executing VM operation: G1CollectForAllocation (G1 Evacuation Pause)
Event: 23.039 Executing VM operation: G1CollectForAllocation (G1 Evacuation Pause) done
Event: 23.089 Executing VM operation: G1PauseRemark
Event: 23.093 Executing VM operation: G1PauseRemark done

Memory protections (0 events):
No events

Nmethod flushes (20 events):
Event: 23.092 Thread 0x0000024297cd7f80 flushing  nmethod 0x0000024288988f08
Event: 23.092 Thread 0x0000024297cd7f80 flushing  nmethod 0x00000242889f8188
Event: 23.092 Thread 0x0000024297cd7f80 flushing  nmethod 0x0000024288ae2d88
Event: 23.092 Thread 0x0000024297cd7f80 flushing  nmethod 0x0000024288b2e988
Event: 23.092 Thread 0x0000024297cd7f80 flushing  nmethod 0x0000024288b2ed88
Event: 23.092 Thread 0x0000024297cd7f80 flushing  nmethod 0x0000024288b2f088
Event: 23.092 Thread 0x0000024297cd7f80 flushing  nmethod 0x0000024288b83988
Event: 23.092 Thread 0x0000024297cd7f80 flushing  nmethod 0x0000024288d2a708
Event: 23.092 Thread 0x0000024297cd7f80 flushing  nmethod 0x0000024288fd5408
Event: 23.092 Thread 0x0000024297cd7f80 flushing  nmethod 0x0000024288fd7188
Event: 23.092 Thread 0x0000024297cd7f80 flushing  nmethod 0x0000024289008208
Event: 23.092 Thread 0x0000024297cd7f80 flushing  nmethod 0x0000024289009508
Event: 23.092 Thread 0x0000024297cd7f80 flushing  nmethod 0x000002428943b188
Event: 23.092 Thread 0x0000024297cd7f80 flushing  nmethod 0x00000242894f3388
Event: 23.092 Thread 0x0000024297cd7f80 flushing  nmethod 0x00000242894f5188
Event: 23.092 Thread 0x0000024297cd7f80 flushing  nmethod 0x00000242894f6d08
Event: 23.092 Thread 0x0000024297cd7f80 flushing  nmethod 0x0000024289568808
Event: 23.092 Thread 0x0000024297cd7f80 flushing  nmethod 0x000002428956d288
Event: 23.092 Thread 0x0000024297cd7f80 flushing  nmethod 0x000002428956db08
Event: 23.092 Thread 0x0000024297cd7f80 flushing  nmethod 0x000002428956ed08

Events (20 events):
Event: 0.611 Thread 0x00000242fb756ae0 Thread added: 0x00000242dd53dfb0
Event: 0.611 Thread 0x00000242fb756ae0 Thread added: 0x00000242dd53e6f0
Event: 0.817 Thread 0x00000242dd1daaa0 Thread exited: 0x00000242dd1daaa0
Event: 3.070 Thread 0x0000024297d035d0 Thread added: 0x00000242dddc1230
Event: 4.125 Thread 0x00000242fb756ae0 Thread added: 0x00000242de1e2260
Event: 5.617 Thread 0x00000242fb756ae0 Thread added: 0x00000242dedf4d30
Event: 5.641 Thread 0x00000242de1e2260 Thread exited: 0x00000242de1e2260
Event: 5.679 Thread 0x00000242dedf4d30 Thread exited: 0x00000242dedf4d30
Event: 8.812 Thread 0x00000242fb756ae0 Thread added: 0x00000242dedf7910
Event: 8.814 Thread 0x00000242dedf7910 Thread added: 0x00000242dedf8060
Event: 8.821 Thread 0x00000242fb756ae0 Thread added: 0x00000242dedf4d30
Event: 8.891 Thread 0x00000242fb756ae0 Thread added: 0x00000242e0ebdac0
Event: 10.872 Thread 0x00000242fb756ae0 Thread added: 0x00000242e0ebe960
Event: 10.978 Thread 0x00000242e0ebe960 Thread added: 0x00000242e0ebf0b0
Event: 12.171 Thread 0x00000242dddc1230 Thread exited: 0x00000242dddc1230
Event: 12.622 Thread 0x0000024297d035d0 Thread added: 0x00000242e0e913c0
Event: 13.492 Thread 0x00000242e0e913c0 Thread exited: 0x00000242e0e913c0
Event: 16.501 Thread 0x00000242e0ebf0b0 Thread exited: 0x00000242e0ebf0b0
Event: 20.987 Thread 0x0000024297d035d0 Thread added: 0x00000242e0e8ded0
Event: 22.979 Thread 0x00000242e0e8ded0 Thread exited: 0x00000242e0e8ded0


Dynamic libraries:
0x00007ff7e1010000 - 0x00007ff7e101e000 	C:\Users\maryc\.jdks\openjdk-24.0.2\bin\java.exe
0x00007ffc82b40000 - 0x00007ffc82da6000 	C:\WINDOWS\SYSTEM32\ntdll.dll
0x00007ffc81e40000 - 0x00007ffc81f09000 	C:\WINDOWS\System32\KERNEL32.DLL
0x00007ffc80480000 - 0x00007ffc8087a000 	C:\WINDOWS\System32\KERNELBASE.dll
0x00007ffc7fdd0000 - 0x00007ffc7ff1c000 	C:\WINDOWS\System32\ucrtbase.dll
0x00007ffc58410000 - 0x00007ffc5842b000 	C:\Users\maryc\.jdks\openjdk-24.0.2\bin\VCRUNTIME140.dll
0x00007ffc68ef0000 - 0x00007ffc68f06000 	C:\Users\maryc\.jdks\openjdk-24.0.2\bin\jli.dll
0x00007ffc80dc0000 - 0x00007ffc80f87000 	C:\WINDOWS\System32\USER32.dll
0x00007ffc6a7c0000 - 0x00007ffc6aa52000 	C:\WINDOWS\WinSxS\amd64_microsoft.windows.common-controls_6595b64144ccf1df_6.0.26100.8521_none_3e08b75ce33403b3\COMCTL32.dll
0x00007ffc80880000 - 0x00007ffc808a7000 	C:\WINDOWS\System32\win32u.dll
0x00007ffc82920000 - 0x00007ffc829c9000 	C:\WINDOWS\System32\msvcrt.dll
0x00007ffc829d0000 - 0x00007ffc829fb000 	C:\WINDOWS\System32\GDI32.dll
0x00007ffc80130000 - 0x00007ffc8025b000 	C:\WINDOWS\System32\gdi32full.dll
0x00007ffc80260000 - 0x00007ffc80303000 	C:\WINDOWS\System32\msvcp_win.dll
0x00007ffc80d00000 - 0x00007ffc80d32000 	C:\WINDOWS\System32\IMM32.DLL
0x00007ffc6b650000 - 0x00007ffc6b65c000 	C:\Users\maryc\.jdks\openjdk-24.0.2\bin\vcruntime140_1.dll
0x00007ffc4c1a0000 - 0x00007ffc4c22e000 	C:\Users\maryc\.jdks\openjdk-24.0.2\bin\msvcp140.dll
0x00007ffb9d7d0000 - 0x00007ffb9e571000 	C:\Users\maryc\.jdks\openjdk-24.0.2\bin\server\jvm.dll
0x00007ffc81130000 - 0x00007ffc811e6000 	C:\WINDOWS\System32\ADVAPI32.dll
0x00007ffc808b0000 - 0x00007ffc8095a000 	C:\WINDOWS\System32\sechost.dll
0x00007ffc817b0000 - 0x00007ffc818c8000 	C:\WINDOWS\System32\RPCRT4.dll
0x00007ffc81640000 - 0x00007ffc816c0000 	C:\WINDOWS\System32\WS2_32.dll
0x00007ffc7fa70000 - 0x00007ffc7face000 	C:\WINDOWS\SYSTEM32\POWRPROF.dll
0x00007ffc75810000 - 0x00007ffc75846000 	C:\WINDOWS\SYSTEM32\WINMM.dll
0x00007ffc71120000 - 0x00007ffc7112b000 	C:\WINDOWS\SYSTEM32\VERSION.dll
0x00007ffc7f9a0000 - 0x00007ffc7f9b4000 	C:\WINDOWS\SYSTEM32\UMPDC.dll
0x00007ffc7ebd0000 - 0x00007ffc7ebeb000 	C:\WINDOWS\SYSTEM32\kernel.appcore.dll
0x00007ffc6a5d0000 - 0x00007ffc6a5da000 	C:\Users\maryc\.jdks\openjdk-24.0.2\bin\jimage.dll
0x00007ffc7d4c0000 - 0x00007ffc7d702000 	C:\WINDOWS\SYSTEM32\DBGHELP.DLL
0x00007ffc80960000 - 0x00007ffc80ce3000 	C:\WINDOWS\System32\combase.dll
0x00007ffc816d0000 - 0x00007ffc817a9000 	C:\WINDOWS\System32\OLEAUT32.dll
0x00007ffc656a0000 - 0x00007ffc656db000 	C:\WINDOWS\SYSTEM32\dbgcore.DLL
0x00007ffc803d0000 - 0x00007ffc80478000 	C:\WINDOWS\System32\bcryptPrimitives.dll
0x00007ffc68ee0000 - 0x00007ffc68eef000 	C:\Users\maryc\.jdks\openjdk-24.0.2\bin\instrument.dll
0x00007ffc56f80000 - 0x00007ffc56f9e000 	C:\Users\maryc\.jdks\openjdk-24.0.2\bin\java.dll
0x00007ffc812c0000 - 0x00007ffc81458000 	C:\WINDOWS\System32\ole32.dll
0x00007ffc82090000 - 0x00007ffc82814000 	C:\WINDOWS\System32\SHELL32.dll
0x00007ffc7d970000 - 0x00007ffc7e1f0000 	C:\WINDOWS\SYSTEM32\windows.storage.dll
0x00007ffc82820000 - 0x00007ffc82916000 	C:\WINDOWS\System32\SHCORE.dll
0x00007ffc80f90000 - 0x00007ffc80ff7000 	C:\WINDOWS\System32\shlwapi.dll
0x00007ffc7fcf0000 - 0x00007ffc7fd19000 	C:\WINDOWS\SYSTEM32\profapi.dll
0x00007ffc43d10000 - 0x00007ffc43de7000 	C:\Users\maryc\.jdks\openjdk-24.0.2\bin\jsvml.dll
0x00007ffc56e00000 - 0x00007ffc56e17000 	C:\Users\maryc\.jdks\openjdk-24.0.2\bin\zip.dll
0x00007ffc67c90000 - 0x00007ffc67ca0000 	C:\Users\maryc\.jdks\openjdk-24.0.2\bin\net.dll
0x00007ffc7f140000 - 0x00007ffc7f1ac000 	C:\WINDOWS\system32\mswsock.dll
0x00007ffc56f60000 - 0x00007ffc56f76000 	C:\Users\maryc\.jdks\openjdk-24.0.2\bin\nio.dll
0x00007ffc56df0000 - 0x00007ffc56df9000 	C:\Users\maryc\.jdks\openjdk-24.0.2\bin\extnet.dll
0x00007ffc5f6a0000 - 0x00007ffc5f6ae000 	C:\Users\maryc\.jdks\openjdk-24.0.2\bin\sunmscapi.dll
0x00007ffc7ff20000 - 0x00007ffc80098000 	C:\WINDOWS\System32\CRYPT32.dll
0x00007ffc7f640000 - 0x00007ffc7f670000 	C:\WINDOWS\SYSTEM32\ncrypt.dll
0x00007ffc7f5f0000 - 0x00007ffc7f62f000 	C:\WINDOWS\SYSTEM32\NTASN1.dll
0x00007ffc7f420000 - 0x00007ffc7f43b000 	C:\WINDOWS\SYSTEM32\CRYPTSP.dll
0x00007ffc7eb30000 - 0x00007ffc7eb69000 	C:\WINDOWS\system32\rsaenh.dll
0x00007ffc7f1f0000 - 0x00007ffc7f223000 	C:\WINDOWS\SYSTEM32\USERENV.dll
0x00007ffc7fcc0000 - 0x00007ffc7fcea000 	C:\WINDOWS\SYSTEM32\bcrypt.dll
0x00007ffc7f440000 - 0x00007ffc7f44c000 	C:\WINDOWS\SYSTEM32\CRYPTBASE.dll
0x00007ffc7e640000 - 0x00007ffc7e673000 	C:\WINDOWS\SYSTEM32\IPHLPAPI.DLL
0x00007ffc81000000 - 0x00007ffc8100a000 	C:\WINDOWS\System32\NSI.dll
0x00007ffc569f0000 - 0x00007ffc569fa000 	C:\Users\maryc\.jdks\openjdk-24.0.2\bin\management.dll
0x00007ffc569e0000 - 0x00007ffc569eb000 	C:\Users\maryc\.jdks\openjdk-24.0.2\bin\management_ext.dll
0x00007ffc80cf0000 - 0x00007ffc80cf8000 	C:\WINDOWS\System32\PSAPI.DLL
0x00007ffc7e6a0000 - 0x00007ffc7e7ea000 	C:\WINDOWS\SYSTEM32\DNSAPI.dll
0x00007ffc7eef0000 - 0x00007ffc7eefd000 	C:\WINDOWS\SYSTEM32\DSPARSE.dll
0x00007ffc734d0000 - 0x00007ffc734db000 	C:\Windows\System32\rasadhlp.dll
0x00007ffc78910000 - 0x00007ffc78996000 	C:\WINDOWS\System32\fwpuclnt.dll

JVMTI agents:
C:\Program Files\JetBrains\IntelliJ IDEA 2025.2\lib\idea_rt.jar path:C:\Users\maryc\.jdks\openjdk-24.0.2\bin\instrument.dll, loaded, initialized, instrumentlib options:50187

dbghelp: loaded successfully - version: 4.0.5 - missing functions: none
symbol engine: initialized successfully - sym options: 0x614 - pdb path: .;C:\Users\maryc\.jdks\openjdk-24.0.2\bin;C:\WINDOWS\SYSTEM32;C:\WINDOWS\WinSxS\amd64_microsoft.windows.common-controls_6595b64144ccf1df_6.0.26100.8521_none_3e08b75ce33403b3;C:\Users\maryc\.jdks\openjdk-24.0.2\bin\server

VM Arguments:
jvm_args: -javaagent:C:\Program Files\JetBrains\IntelliJ IDEA 2025.2\lib\idea_rt.jar=50187 -Dfile.encoding=UTF-8 -Dsun.stdout.encoding=UTF-8 -Dsun.stderr.encoding=UTF-8 
java_command: com.Gestion.MiBalnearioGestion.MiBalnearioGestionApplication MiBalnearioGestionApplication
java_class_path (initial): C:\MiBalnearioGestion\target\classes;C:\Users\maryc\.m2\repository\org\springframework\boot\spring-boot-starter-data-jpa\4.0.6\spring-boot-starter-data-jpa-4.0.6.jar;C:\Users\maryc\.m2\repository\org\springframework\boot\spring-boot-starter\4.0.6\spring-boot-starter-4.0.6.jar;C:\Users\maryc\.m2\repository\org\springframework\boot\spring-boot-starter-logging\4.0.6\spring-boot-starter-logging-4.0.6.jar;C:\Users\maryc\.m2\repository\ch\qos\logback\logback-classic\1.5.32\logback-classic-1.5.32.jar;C:\Users\maryc\.m2\repository\ch\qos\logback\logback-core\1.5.32\logback-core-1.5.32.jar;C:\Users\maryc\.m2\repository\org\apache\logging\log4j\log4j-to-slf4j\2.25.4\log4j-to-slf4j-2.25.4.jar;C:\Users\maryc\.m2\repository\org\apache\logging\log4j\log4j-api\2.25.4\log4j-api-2.25.4.jar;C:\Users\maryc\.m2\repository\org\slf4j\jul-to-slf4j\2.0.17\jul-to-slf4j-2.0.17.jar;C:\Users\maryc\.m2\repository\org\springframework\boot\spring-boot-autoconfigure\4.0.6\spring-boot-autoconfigure-4.0.6.jar;C:\Users\maryc\.m2\repository\jakarta\annotation\jakarta.annotation-api\3.0.0\jakarta.annotation-api-3.0.0.jar;C:\Users\maryc\.m2\repository\org\yaml\snakeyaml\2.5\snakeyaml-2.5.jar;C:\Users\maryc\.m2\repository\org\springframework\boot\spring-boot-starter-jdbc\4.0.6\spring-boot-starter-jdbc-4.0.6.jar;C:\Users\maryc\.m2\repository\com\zaxxer\HikariCP\7.0.2\HikariCP-7.0.2.jar;C:\Users\maryc\.m2\repository\org\springframework\boot\spring-boot-data-jpa\4.0.6\spring-boot-data-jpa-4.0.6.jar;C:\Users\maryc\.m2\repository\org\springframework\boot\spring-boot-data-commons\4.0.6\spring-boot-data-commons-4.0.6.jar;C:\Users\maryc\.m2\repository\org\springframework\boot\spring-boot-persistence\4.0.6\spring-boot-persistence-4.0.6.jar;C:\Users\maryc\.m2\repository\org\springframework\data\spring-data-commons\4.0.5\spring-data-commons-4.0.5.jar;C:\Users\maryc\.m2\repository\org\springframework\boot\spring-boot-hibernate\4.0.6\spring-boot-hibernate-4.0.6.jar;C:\Users\maryc\.m2\repository\org\springframework\boot\spring-boot-jpa\4.0.6\spring-boot-jpa-4.0.6.jar;C:\Users\maryc\.m2\repository\jakarta\persistence\jakarta.persistence-api\3.2.0\jakarta.persistence-api-3.2.0.jar;C:\Users\maryc\.m2\repository\org\hibernate\orm\hibernate-core\7.2.12.Final\hibernate-core-7.2.12.Final.jar;C:\Users\maryc\.m2\repository\jakarta\transaction\jakarta.transaction-api\2.0.1\jakarta.transaction-api-2.0.1.jar;C:\Users\maryc\.m2\repository\org\hibernate\models\hibernate-models\1.0.1\hibernate-models-1.0.1.jar;C:\Users\maryc\.m2\repository\org\glassfish\jaxb\jaxb-runtime\4.0.6\jaxb-runtime-4.0.6.jar;C:\Users\maryc\.m2\repository\org\glassfish\jaxb\jaxb-core\4.0.6\jaxb-core-4.0.6.jar;C:\Users\maryc\.m2\repository\org\glassfish\jaxb\txw2\4.0.6\txw2-4.0.6.jar;C:\Users\maryc\.m2\repository\com\sun\istack\istack-commons-runtime\4.1.2\istack-commons-runtime-4.1.2.jar;C:\Users\maryc\.m2\repository\jakarta\inject\jakarta.inject-api\2.0.1\jakarta.inject-api-2.0.1.jar;C:\Users\maryc\.m2\repository\org\springframework\spring-orm\7.0.7\spring-orm-7.0.7.jar;C:\Users\maryc\.m2\repository\org\springframework\data\spring-data-jpa\4.0.5\spring-data-jpa-4.0.5.jar;C:\Users\maryc\.m2\repository\org\springframework\spring-context\7.0.7\spring-context-7.0.7.jar;C:\Users\maryc\.m2\repository\org\springframework\spring-tx\7.0.7\spring-tx-7.0.7.jar;C:\Users\maryc\.m2\repository\org\antlr\antlr4-runtime\4.13.2\antlr4-runtime-4.13.2.jar;C:\Users\maryc\.m2\repository\org\springframework\spring-aspects\7.0.7\spring-aspects-7.0.7.jar;C:\Users\maryc\.m2\repository\org\aspectj\aspectjweaver\1.9.25.1\aspectjweaver-1.9.25.1.jar;C:\Users\maryc\.m2\repository\org\springframework\boot\spring-boot-jdbc\4.0.6\spring-boot-jdbc-4.0.6.jar;C:\Users\maryc\.m2\repository\org\springframework\boot\spring-boot\4.0.6\spring-boot-4.0.6.jar;C:\Users\maryc\.m2\repository\org\springframework\boot\spring-boot-sql\4.0.6\spring-boot-sql-4.0.6.jar;C:\Users\maryc\.m2\repository\org\springframework\boot\spring-boot-transaction\4.0.6\spring-boot-transaction-4.0.6.jar;C:\Users\maryc\.m2\repository\org\springframework\spring-jdbc\7.0.7\spring-jdbc-7.0.7.jar;C:\Users\maryc\.m2\repository\com\mercadopago\sdk-java\3.2.0\sdk-java-3.2.0.jar;C:\Users\maryc\.m2\repository\org\apache\httpcomponents\httpclient\4.5.14\httpclient-4.5.14.jar;C:\Users\maryc\.m2\repository\org\apache\httpcomponents\httpcore\4.4.16\httpcore-4.4.16.jar;C:\Users\maryc\.m2\repository\commons-logging\commons-logging\1.3.6\commons-logging-1.3.6.jar;C:\Users\maryc\.m2\repository\commons-codec\commons-codec\1.19.0\commons-codec-1.19.0.jar;C:\Users\maryc\.m2\repository\org\apache\commons\commons-collections4\4.5.0\commons-collections4-4.5.0.jar;C:\Users\maryc\.m2\repository\org\apache\commons\commons-compress\1.28.0\commons-compress-1.28.0.jar;C:\Users\maryc\.m2\repository\commons-io\commons-io\2.20.0\commons-io-2.20.0.jar;C:\Users\maryc\.m2\repository\org\apache\velocity\velocity-engine-core\2.4.1\velocity-engine-core-2.4.1.jar;C:\Users\maryc\.m2\repository\org\slf4j\slf4j-api\2.0.17\slf4j-api-2.0.17.jar;C:\Users\maryc\.m2\repository\org\apache\velocity\tools\velocity-tools-generic\3.1\velocity-tools-generic-3.1.jar;C:\Users\maryc\.m2\repository\commons-beanutils\commons-beanutils\1.9.4\commons-beanutils-1.9.4.jar;C:\Users\maryc\.m2\repository\org\apache\commons\commons-digester3\3.2\commons-digester3-3.2.jar;C:\Users\maryc\.m2\repository\com\github\cliftonlabs\json-simple\3.0.2\json-simple-3.0.2.jar;C:\Users\maryc\.m2\repository\org\apache\commons\commons-lang3\3.19.0\commons-lang3-3.19.0.jar;C:\Users\maryc\.m2\repository\org\apache\httpcomponents\client5\httpclient5\5.5.2\httpclient5-5.5.2.jar;C:\Users\maryc\.m2\repository\org\apache\httpcomponents\core5\httpcore5\5.3.6\httpcore5-5.3.6.jar;C:\Users\maryc\.m2\repository\org\apache\httpcomponents\core5\httpcore5-h2\5.3.6\httpcore5-h2-5.3.6.jar;C:\Users\maryc\.m2\repository\com\google\code\gson\gson\2.13.2\gson-2.13.2.jar;C:\Users\maryc\.m2\repository\com\google\errorprone\error_prone_annotations\2.41.0\error_prone_annotations-2.41.0.jar;C:\Users\maryc\.m2\repository\org\springframework\boot\spring-boot-starter-mail\4.0.6\spring-boot-starter-mail-4.0.6.jar;C:\Users\maryc\.m2\repository\org\springframework\boot\spring-boot-mail\4.0.6\spring-boot-mail-4.0.6.jar;C:\Users\maryc\.m2\repository\org\springframework\spring-context-support\7.0.7\spring-context-support-7.0.7.jar;C:\Users\maryc\.m2\repository\jakarta\mail\jakarta.mail-api\2.1.5\jakarta.mail-api-2.1.5.jar;C:\Users\maryc\.m2\repository\jakarta\activation\jakarta.activation-api\2.1.4\jakarta.activation-api-2.1.4.jar;C:\Users\maryc\.m2\repository\org\eclipse\angus\angus-mail\2.0.5\angus-mail-2.0.5.jar;C:\Users\maryc\.m2\repository\org\eclipse\angus\angus-activation\2.0.3\angus-activation-2.0.3.jar;C:\Users\maryc\.m2\repository\org\springframework\boot\spring-boot-starter-validation\4.0.6\spring-boot-starter-validation-4.0.6.jar;C:\Users\maryc\.m2\repository\org\springframework\boot\spring-boot-validation\4.0.6\spring-boot-validation-4.0.6.jar;C:\Users\maryc\.m2\repository\org\apache\tomcat\embed\tomcat-embed-el\11.0.21\tomcat-embed-el-11.0.21.jar;C:\Users\maryc\.m2\repository\org\hibernate\validator\hibernate-validator\9.0.1.Final\hibernate-validator-9.0.1.Final.jar;C:\Users\maryc\.m2\repository\jakarta\validation\jakarta.validation-api\3.1.1\jakarta.validation-api-3.1.1.jar;C:\Users\maryc\.m2\repository\org\jboss\logging\jboss-logging\3.6.3.Final\jboss-logging-3.6.3.Final.jar;C:\Users\maryc\.m2\repository\com\fasterxml\classmate\1.7.3\classmate-1.7.3.jar;C:\Users\maryc\.m2\repository\org\springframework\boot\spring-boot-starter-webmvc\4.0.6\spring-boot-starter-webmvc-4.0.6.jar;C:\Users\maryc\.m2\repository\org\springframework\boot\spring-boot-starter-jackson\4.0.6\spring-boot-starter-jackson-4.0.6.jar;C:\Users\maryc\.m2\repository\org\springframework\boot\spring-boot-jackson\4.0.6\spring-boot-jackson-4.0.6.jar;C:\Users\maryc\.m2\repository\tools\jackson\core\jackson-databind\3.1.2\jackson-databind-3.1.2.jar;C:\Users\maryc\.m2\repository\tools\jackson\core\jackson-core\3.1.2\jackson-core-3.1.2.jar;C:\Users\maryc\.m2\repository\org\springframework\boot\spring-boot-starter-tomcat\4.0.6\spring-boot-starter-tomcat-4.0.6.jar;C:\Users\maryc\.m2\repository\org\springframework\boot\spring-boot-starter-tomcat-runtime\4.0.6\spring-boot-starter-tomcat-runtime-4.0.6.jar;C:\Users\maryc\.m2\repository\org\apache\tomcat\embed\tomcat-embed-core\11.0.21\tomcat-embed-core-11.0.21.jar;C:\Users\maryc\.m2\repository\org\apache\tomcat\embed\tomcat-embed-websocket\11.0.21\tomcat-embed-websocket-11.0.21.jar;C:\Users\maryc\.m2\repository\org\springframework\boot\spring-boot-tomcat\4.0.6\spring-boot-tomcat-4.0.6.jar;C:\Users\maryc\.m2\repository\org\springframework\boot\spring-boot-http-converter\4.0.6\spring-boot-http-converter-4.0.6.jar;C:\Users\maryc\.m2\repository\org\springframework\spring-web\7.0.7\spring-web-7.0.7.jar;C:\Users\maryc\.m2\repository\io\micrometer\micrometer-observation\1.16.5\micrometer-observation-1.16.5.jar;C:\Users\maryc\.m2\repository\io\micrometer\micrometer-commons\1.16.5\micrometer-commons-1.16.5.jar;C:\Users\maryc\.m2\repository\org\springframework\boot\spring-boot-webmvc\4.0.6\spring-boot-webmvc-4.0.6.jar;C:\Users\maryc\.m2\repository\org\springframework\boot\spring-boot-servlet\4.0.6\spring-boot-servlet-4.0.6.jar;C:\Users\maryc\.m2\repository\org\springframework\spring-webmvc\7.0.7\spring-webmvc-7.0.7.jar;C:\Users\maryc\.m2\repository\org\springframework\spring-expression\7.0.7\spring-expression-7.0.7.jar;C:\Users\maryc\.m2\repository\org\springdoc\springdoc-openapi-starter-webmvc-ui\3.0.2\springdoc-openapi-starter-webmvc-ui-3.0.2.jar;C:\Users\maryc\.m2\repository\org\springdoc\springdoc-openapi-starter-webmvc-api\3.0.2\springdoc-openapi-starter-webmvc-api-3.0.2.jar;C:\Users\maryc\.m2\repository\org\springdoc\springdoc-openapi-starter-common\3.0.2\springdoc-openapi-starter-common-3.0.2.jar;C:\Users\maryc\.m2\repository\io\swagger\core\v3\swagger-core-jakarta\2.2.43\swagger-core-jakarta-2.2.43.jar;C:\Users\maryc\.m2\repository\io\swagger\core\v3\swagger-annotations-jakarta\2.2.43\swagger-annotations-jakarta-2.2.43.jar;C:\Users\maryc\.m2\repository\io\swagger\core\v3\swagger-models-jakarta\2.2.43\swagger-models-jakarta-2.2.43.jar;C:\Users\maryc\.m2\repository\com\fasterxml\jackson\dataformat\jackson-dataformat-yaml\2.21.2\jackson-dataformat-yaml-2.21.2.jar;C:\Users\maryc\.m2\repository\com\fasterxml\jackson\datatype\jackson-datatype-jsr310\2.21.2\jackson-datatype-jsr310-2.21.2.jar;C:\Users\maryc\.m2\repository\org\springframework\boot\spring-boot-web-server\4.0.6\spring-boot-web-server-4.0.6.jar;C:\Users\maryc\.m2\repository\org\webjars\swagger-ui\5.32.0\swagger-ui-5.32.0.jar;C:\Users\maryc\.m2\repository\org\webjars\webjars-locator-lite\1.1.3\webjars-locator-lite-1.1.3.jar;C:\Users\maryc\.m2\repository\org\jspecify\jspecify\1.0.0\jspecify-1.0.0.jar;C:\Users\maryc\.m2\repository\com\mysql\mysql-connector-j\9.7.0\mysql-connector-j-9.7.0.jar;C:\Users\maryc\.m2\repository\org\projectlombok\lombok\1.18.46\lombok-1.18.46.jar;C:\Users\maryc\.m2\repository\jakarta\xml\bind\jakarta.xml.bind-api\4.0.4\jakarta.xml.bind-api-4.0.4.jar;C:\Users\maryc\.m2\repository\net\bytebuddy\byte-buddy\1.17.8\byte-buddy-1.17.8.jar;C:\Users\maryc\.m2\repository\org\springframework\spring-core\7.0.7\spring-core-7.0.7.jar;C:\Users\maryc\.m2\repository\org\modelmapper\modelmapper\3.2.0\modelmapper-3.2.0.jar;C:\Users\maryc\.m2\repository\org\springframework\boot\spring-boot-starter-security\4.0.6\spring-boot-starter-security-4.0.6.jar;C:\Users\maryc\.m2\repository\org\springframework\boot\spring-boot-security\4.0.6\spring-boot-security-4.0.6.jar;C:\Users\maryc\.m2\repository\org\springframework\security\spring-security-config\7.0.5\spring-security-config-7.0.5.jar;C:\Users\maryc\.m2\repository\org\springframework\security\spring-security-core\7.0.5\spring-security-core-7.0.5.jar;C:\Users\maryc\.m2\repository\org\springframework\security\spring-security-crypto\7.0.5\spring-security-crypto-7.0.5.jar;C:\Users\maryc\.m2\repository\org\springframework\security\spring-security-web\7.0.5\spring-security-web-7.0.5.jar;C:\Users\maryc\.m2\repository\org\springframework\spring-aop\7.0.7\spring-aop-7.0.7.jar;C:\Users\maryc\.m2\repository\org\springframework\spring-beans\7.0.7\spring-beans-7.0.7.jar;C:\Users\maryc\.m2\repository\io\jsonwebtoken\jjwt-api\0.13.0\jjwt-api-0.13.0.jar;C:\Users\maryc\.m2\repository\io\jsonwebtoken\jjwt-impl\0.13.0\jjwt-impl-0.13.0.jar;C:\Users\maryc\.m2\repository\io\jsonwebtoken\jjwt-jackson\0.13.0\jjwt-jackson-0.13.0.jar;C:\Users\maryc\.m2\repository\com\fasterxml\jackson\core\jackson-databind\2.21.2\jackson-databind-2.21.2.jar;C:\Users\maryc\.m2\repository\com\fasterxml\jackson\core\jackson-annotations\2.21\jackson-annotations-2.21.jar;C:\Users\maryc\.m2\repository\com\fasterxml\jackson\core\jackson-core\2.21.2\jackson-core-2.21.2.jar
Launcher Type: SUN_STANDARD

[Global flags]
     intx CICompilerCount                          = 4                                         {product} {ergonomic}
     uint ConcGCThreads                            = 2                                         {product} {ergonomic}
     uint G1ConcRefinementThreads                  = 8                                         {product} {ergonomic}
   size_t G1HeapRegionSize                         = 1048576                                   {product} {ergonomic}
   size_t InitialHeapSize                          = 98566144                                  {product} {ergonomic}
   size_t MarkStackSize                            = 4194304                                   {product} {ergonomic}
   size_t MarkStackSizeMax                         = 536870912                                 {product} {ergonomic}
   size_t MaxHeapSize                              = 1564475392                                {product} {ergonomic}
   size_t MaxNewSize                               = 938475520                                 {product} {ergonomic}
   size_t MinHeapDeltaBytes                        = 1048576                                   {product} {ergonomic}
   size_t MinHeapSize                              = 8388608                                   {product} {ergonomic}
    uintx NonNMethodCodeHeapSize                   = 5832704                                {pd product} {ergonomic}
    uintx NonProfiledCodeHeapSize                  = 122945536                              {pd product} {ergonomic}
    uintx ProfiledCodeHeapSize                     = 122880000                              {pd product} {ergonomic}
    uintx ReservedCodeCacheSize                    = 251658240                              {pd product} {ergonomic}
     bool SegmentedCodeCache                       = true                                      {product} {ergonomic}
   size_t SoftMaxHeapSize                          = 1564475392                             {manageable} {ergonomic}
     bool UseCompressedOops                        = true                           {product lp64_product} {ergonomic}
     bool UseG1GC                                  = true                                      {product} {ergonomic}
     bool UseLargePagesIndividualAllocation        = false                                  {pd product} {ergonomic}

Logging:
Log output configuration:
 #0: stdout all=warning uptime,level,tags foldmultilines=false
 #1: stderr all=off uptime,level,tags foldmultilines=false

Environment Variables:
PATH=C:\Program Files\Eclipse Adoptium\jdk-21.0.10.7-hotspot\bin;C:\WINDOWS\system32;C:\WINDOWS;C:\WINDOWS\System32\Wbem;C:\WINDOWS\System32\WindowsPowerShell\v1.0\;C:\WINDOWS\System32\OpenSSH\;C:\TDM-GCC-64\bin;C:\Program Files\Git\cmd;C:\Program Files\nodejs\;C:\Program Files\MySQL\MySQL Shell 8.0\bin\;C:\Users\maryc\AppData\Local\Microsoft\WindowsApps;C:\Users\maryc\AppData\Local\Programs\cursor\resources\app\bin;C:\Users\maryc\AppData\Local\Programs\Microsoft VS Code\bin;C:\MinGW\bin;C:\TDM-GCC-64;C:\Users\maryc\AppData\Local\GitHubDesktop\bin;C:\Users\maryc\AppData\Roaming\npm
USERNAME=maryc
OS=Windows_NT
PROCESSOR_IDENTIFIER=AMD64 Family 23 Model 160 Stepping 0, AuthenticAMD
TMP=C:\Users\maryc\AppData\Local\Temp
TEMP=C:\Users\maryc\AppData\Local\Temp




Periodic native trim disabled

---------------  S Y S T E M  ---------------

OS:
 Windows 11 , 64 bit Build 26100 (10.0.26100.8521)
OS uptime: 3 days 3:48 hours
Hyper-V role detected

CPU: total 8 (initial active 8) (8 cores per cpu, 2 threads per core) family 23 model 160 stepping 0 microcode 0x8a0000a, cx8, cmov, fxsr, ht, mmx, 3dnowpref, sse, sse2, sse3, ssse3, sse4a, sse4.1, sse4.2, popcnt, lzcnt, tsc, tscinvbit, avx, avx2, aes, clmul, bmi1, bmi2, adx, sha, fma, vzeroupper, clflush, clflushopt, hv, rdtscp, rdpid, f16c
Processor Information for processor 0
  Max Mhz: 2801, Current Mhz: 2801, Mhz Limit: 2801
Processor Information for processor 1
  Max Mhz: 2801, Current Mhz: 2246, Mhz Limit: 2801
Processor Information for processor 2
  Max Mhz: 2801, Current Mhz: 2246, Mhz Limit: 2801
Processor Information for processor 3
  Max Mhz: 2801, Current Mhz: 2246, Mhz Limit: 2801
Processor Information for processor 4
  Max Mhz: 2801, Current Mhz: 2246, Mhz Limit: 2801
Processor Information for processor 5
  Max Mhz: 2801, Current Mhz: 2246, Mhz Limit: 2801
Processor Information for processor 6
  Max Mhz: 2801, Current Mhz: 2801, Mhz Limit: 2801
Processor Information for processor 7
  Max Mhz: 2801, Current Mhz: 2246, Mhz Limit: 2801

Memory: 4k page, system-wide physical 5965M (435M free)
TotalPageFile size 24397M (AvailPageFile size 12M)
current process WorkingSet (physical memory assigned to process): 320M, peak: 321M
current process commit charge ("private bytes"): 379M, peak: 384M

vm_info: OpenJDK 64-Bit Server VM (24.0.2+12-54) for windows-amd64 JRE (24.0.2+12-54), built on 2025-07-08T12:10:27Z with MS VC++ 17.6 (VS2022)

END.
