#
# There is insufficient memory for the Java Runtime Environment to continue.
# Native memory allocation (malloc) failed to allocate 1259696 bytes. Error detail: Chunk::new
# Possible reasons:
#   The system is out of physical RAM or swap space
#   This process is running with CompressedOops enabled, and the Java Heap may be blocking the growth of the native heap
# Possible solutions:
#   Reduce memory load on the system
#   Increase physical memory or swap space
#   Check if swap backing store is full
#   Decrease Java heap size (-Xmx/-Xms)
#   Decrease number of Java threads
#   Decrease Java thread stack sizes (-Xss)
#   Set larger code cache with -XX:ReservedCodeCacheSize=
#   JVM is running with Unscaled Compressed Oops mode in which the Java heap is
#     placed in the first 4GB address space. The Java Heap base address is the
#     maximum limit for the native heap growth. Please use -XX:HeapBaseMinAddress
#     to set the Java Heap base and to place the Java Heap above 4GB virtual address.
# This output file may be truncated or incomplete.
#
#  Out of Memory Error (arena.cpp:162), pid=6568, tid=20892
#
# JRE version: OpenJDK Runtime Environment (24.0.2+12) (build 24.0.2+12-54)
# Java VM: OpenJDK 64-Bit Server VM (24.0.2+12-54, mixed mode, sharing, tiered, compressed oops, compressed class ptrs, g1 gc, windows-amd64)
# No core dump will be written. Minidumps are not enabled by default on client versions of Windows
#

---------------  S U M M A R Y ------------

Command Line: -javaagent:C:\Program Files\JetBrains\IntelliJ IDEA 2025.2\lib\idea_rt.jar=50526 -Dfile.encoding=UTF-8 -Dsun.stdout.encoding=UTF-8 -Dsun.stderr.encoding=UTF-8 com.Gestion.MiBalnearioGestion.MiBalnearioGestionApplication MiBalnearioGestionApplication

Host: AMD Ryzen 5 7520U with Radeon Graphics         , 8 cores, 5G,  Windows 11 , 64 bit Build 26100 (10.0.26100.8521)
Time: Sun Jun 14 01:18:02 2026 Hora estándar de Argentina elapsed time: 1515.108997 seconds (0d 0h 25m 15s)

---------------  T H R E A D  ---------------

Current thread (0x000002f79dcac180):  JavaThread "C2 CompilerThread0" daemon [_thread_in_native, id=20892, stack(0x000000ff87500000,0x000000ff87600000) (1024K)]


Current CompileTask:
C2:1515109 13267       4       sun.security.ec.ECOperations::setSum (685 bytes)

Stack: [0x000000ff87500000,0x000000ff87600000]
Native frames: (J=compiled Java code, j=interpreted, Vv=VM code, C=native code)
V  [jvm.dll+0x730829]  (no source info available)
V  [jvm.dll+0x8d9da3]  (no source info available)
V  [jvm.dll+0x8dc28d]  (no source info available)
V  [jvm.dll+0x8dc903]  (no source info available)
V  [jvm.dll+0x2a9f56]  (no source info available)
V  [jvm.dll+0xced7f]  (no source info available)
V  [jvm.dll+0xcefdf]  (no source info available)
V  [jvm.dll+0x320111]  (no source info available)
V  [jvm.dll+0x64bc18]  (no source info available)
V  [jvm.dll+0x2781f4]  (no source info available)
V  [jvm.dll+0x2785dc]  (no source info available)
V  [jvm.dll+0x27109e]  (no source info available)
V  [jvm.dll+0x26e802]  (no source info available)
V  [jvm.dll+0x1e9c90]  (no source info available)
V  [jvm.dll+0x27e0cb]  (no source info available)
V  [jvm.dll+0x27c36a]  (no source info available)
V  [jvm.dll+0x42f396]  (no source info available)
V  [jvm.dll+0x87d9eb]  (no source info available)
V  [jvm.dll+0x72ef45]  (no source info available)
C  [ucrtbase.dll+0x2cd30]  (no source info available)
C  [KERNEL32.DLL+0x2e957]  (no source info available)
C  [ntdll.dll+0x87c1c]  (no source info available)

Lock stack of current Java thread (top to bottom):


---------------  P R O C E S S  ---------------

Threads class SMR info:
_java_thread_list=0x000002f7e780cf40, length=32, elements={
0x000002f79dc91fb0, 0x000002f79dc93260, 0x000002f79dc97250, 0x000002f79dc97d80,
0x000002f79dc9b430, 0x000002f79dc9dae0, 0x000002f79dcac180, 0x000002f79dcb17c0,
0x000002f7e3121480, 0x000002f7e33fb320, 0x000002f7e33fba60, 0x000002f7e5e86f30,
0x000002f7e55399f0, 0x000002f7e55da470, 0x000002f7e55dabc0, 0x000002f7e55d95d0,
0x000002f7e5537cb0, 0x000002f7e553a140, 0x000002f7e553a890, 0x000002f7e71e87e0,
0x000002f7e71e9680, 0x000002f7e71e9dd0, 0x000002f7e71eac70, 0x000002f7e71e8f30,
0x000002f7e71ea520, 0x000002f7e71eb3c0, 0x000002f7e71e8090, 0x000002f7e71edfa0,
0x000002f7e71ed100, 0x000002f7e71ed850, 0x000002f79dd03b90, 0x000002f79dd025a0
}

Java Threads: ( => current thread )
  0x000002f79dc91fb0 JavaThread "Reference Handler"          daemon [_thread_blocked, id=6592, stack(0x000000ff86f00000,0x000000ff87000000) (1024K)]
  0x000002f79dc93260 JavaThread "Finalizer"                  daemon [_thread_blocked, id=31504, stack(0x000000ff87000000,0x000000ff87100000) (1024K)]
  0x000002f79dc97250 JavaThread "Signal Dispatcher"          daemon [_thread_blocked, id=12876, stack(0x000000ff87100000,0x000000ff87200000) (1024K)]
  0x000002f79dc97d80 JavaThread "Attach Listener"            daemon [_thread_blocked, id=21208, stack(0x000000ff87200000,0x000000ff87300000) (1024K)]
  0x000002f79dc9b430 JavaThread "Service Thread"             daemon [_thread_blocked, id=24224, stack(0x000000ff87300000,0x000000ff87400000) (1024K)]
  0x000002f79dc9dae0 JavaThread "Monitor Deflation Thread"   daemon [_thread_blocked, id=31708, stack(0x000000ff87400000,0x000000ff87500000) (1024K)]
=>0x000002f79dcac180 JavaThread "C2 CompilerThread0"         daemon [_thread_in_native, id=20892, stack(0x000000ff87500000,0x000000ff87600000) (1024K)]
  0x000002f79dcb17c0 JavaThread "C1 CompilerThread0"         daemon [_thread_blocked, id=29852, stack(0x000000ff87600000,0x000000ff87700000) (1024K)]
  0x000002f7e3121480 JavaThread "Common-Cleaner"             daemon [_thread_blocked, id=25404, stack(0x000000ff87700000,0x000000ff87800000) (1024K)]
  0x000002f7e33fb320 JavaThread "Monitor Ctrl-Break"         daemon [_thread_in_native, id=2496, stack(0x000000ff87a00000,0x000000ff87b00000) (1024K)]
  0x000002f7e33fba60 JavaThread "Notification Thread"        daemon [_thread_blocked, id=8360, stack(0x000000ff87b00000,0x000000ff87c00000) (1024K)]
  0x000002f7e5e86f30 JavaThread "Catalina-utility-1"                [_thread_blocked, id=23892, stack(0x000000ff87900000,0x000000ff87a00000) (1024K)]
  0x000002f7e55399f0 JavaThread "Catalina-utility-2"                [_thread_blocked, id=17808, stack(0x000000ff88200000,0x000000ff88300000) (1024K)]
  0x000002f7e55da470 JavaThread "container-0"                       [_thread_blocked, id=9416, stack(0x000000ff88500000,0x000000ff88600000) (1024K)]
  0x000002f7e55dabc0 JavaThread "mysql-cj-abandoned-connection-cleanup" daemon [_thread_blocked, id=15416, stack(0x000000ff88600000,0x000000ff88700000) (1024K)]
  0x000002f7e55d95d0 JavaThread "HikariPool-1:housekeeper"   daemon [_thread_blocked, id=26320, stack(0x000000ff88800000,0x000000ff88900000) (1024K)]
  0x000002f7e5537cb0 JavaThread "http-nio-8080-exec-1"       daemon [_thread_blocked, id=20928, stack(0x000000ff88900000,0x000000ff88a00000) (1024K)]
  0x000002f7e553a140 JavaThread "http-nio-8080-exec-2"       daemon [_thread_blocked, id=16092, stack(0x000000ff88a00000,0x000000ff88b00000) (1024K)]
  0x000002f7e553a890 JavaThread "http-nio-8080-exec-3"       daemon [_thread_blocked, id=19160, stack(0x000000ff88b00000,0x000000ff88c00000) (1024K)]
  0x000002f7e71e87e0 JavaThread "http-nio-8080-exec-4"       daemon [_thread_blocked, id=29800, stack(0x000000ff88c00000,0x000000ff88d00000) (1024K)]
  0x000002f7e71e9680 JavaThread "http-nio-8080-exec-5"       daemon [_thread_blocked, id=13608, stack(0x000000ff88d00000,0x000000ff88e00000) (1024K)]
  0x000002f7e71e9dd0 JavaThread "http-nio-8080-exec-6"       daemon [_thread_blocked, id=3792, stack(0x000000ff88e00000,0x000000ff88f00000) (1024K)]
  0x000002f7e71eac70 JavaThread "http-nio-8080-exec-7"       daemon [_thread_blocked, id=27460, stack(0x000000ff88f00000,0x000000ff89000000) (1024K)]
  0x000002f7e71e8f30 JavaThread "http-nio-8080-exec-8"       daemon [_thread_blocked, id=28724, stack(0x000000ff89000000,0x000000ff89100000) (1024K)]
  0x000002f7e71ea520 JavaThread "http-nio-8080-exec-9"       daemon [_thread_blocked, id=7120, stack(0x000000ff89100000,0x000000ff89200000) (1024K)]
  0x000002f7e71eb3c0 JavaThread "http-nio-8080-exec-10"      daemon [_thread_blocked, id=25320, stack(0x000000ff89200000,0x000000ff89300000) (1024K)]
  0x000002f7e71e8090 JavaThread "http-nio-8080-Poller"       daemon [_thread_in_native, id=16924, stack(0x000000ff89300000,0x000000ff89400000) (1024K)]
  0x000002f7e71edfa0 JavaThread "http-nio-8080-Acceptor"     daemon [_thread_in_native, id=5980, stack(0x000000ff89400000,0x000000ff89500000) (1024K)]
  0x000002f7e71ed100 JavaThread "scheduling-1"                      [_thread_blocked, id=24396, stack(0x000000ff89500000,0x000000ff89600000) (1024K)]
  0x000002f7e71ed850 JavaThread "DestroyJavaVM"                     [_thread_blocked, id=7512, stack(0x000000ff86700000,0x000000ff86800000) (1024K)]
  0x000002f79dd03b90 JavaThread "HikariPool-1:connection-closer" daemon [_thread_blocked, id=16128, stack(0x000000ff86400000,0x000000ff86500000) (1024K)]
  0x000002f79dd025a0 JavaThread "HikariPool-1:connection-adder" daemon [_thread_blocked, id=2396, stack(0x000000ff86500000,0x000000ff86600000) (1024K)]
Total: 32

Other Threads:
  0x000002f79dc82810 VMThread "VM Thread"                           [id=30964, stack(0x000000ff86e00000,0x000000ff86f00000) (1024K)]
  0x000002f79dc75af0 WatcherThread "VM Periodic Task Thread"        [id=25500, stack(0x000000ff86d00000,0x000000ff86e00000) (1024K)]
  0x000002f7ffd50210 WorkerThread "GC Thread#0"                     [id=8400, stack(0x000000ff86800000,0x000000ff86900000) (1024K)]
  0x000002f7e43f26e0 WorkerThread "GC Thread#1"                     [id=30976, stack(0x000000ff87c00000,0x000000ff87d00000) (1024K)]
  0x000002f7e43f3950 WorkerThread "GC Thread#2"                     [id=10376, stack(0x000000ff87d00000,0x000000ff87e00000) (1024K)]
  0x000002f7e43f3d00 WorkerThread "GC Thread#3"                     [id=14524, stack(0x000000ff87e00000,0x000000ff87f00000) (1024K)]
  0x000002f7e43f31f0 WorkerThread "GC Thread#4"                     [id=8716, stack(0x000000ff87f00000,0x000000ff88000000) (1024K)]
  0x000002f7e43f40b0 WorkerThread "GC Thread#5"                     [id=31084, stack(0x000000ff88000000,0x000000ff88100000) (1024K)]
  0x000002f7e43f2a90 WorkerThread "GC Thread#6"                     [id=29384, stack(0x000000ff88100000,0x000000ff88200000) (1024K)]
  0x000002f7e3feafd0 WorkerThread "GC Thread#7"                     [id=12552, stack(0x000000ff88300000,0x000000ff88400000) (1024K)]
  0x000002f7ff5fce80 ConcurrentGCThread "G1 Main Marker"            [id=30156, stack(0x000000ff86900000,0x000000ff86a00000) (1024K)]
  0x000002f7ff5fe7e0 WorkerThread "G1 Conc#0"                       [id=16888, stack(0x000000ff86a00000,0x000000ff86b00000) (1024K)]
  0x000002f7e3fea870 WorkerThread "G1 Conc#1"                       [id=14004, stack(0x000000ff88400000,0x000000ff88500000) (1024K)]
  0x000002f7ffdaea30 ConcurrentGCThread "G1 Refine#0"               [id=29480, stack(0x000000ff86b00000,0x000000ff86c00000) (1024K)]
  0x000002f79db46740 ConcurrentGCThread "G1 Service"                [id=23688, stack(0x000000ff86c00000,0x000000ff86d00000) (1024K)]
Total: 15

Threads with active compile tasks:
C2 CompilerThread0  1515312 13267       4       sun.security.ec.ECOperations::setSum (685 bytes)
Total: 1

VM state: not at safepoint (normal execution)

VM Mutex/Monitor currently owned by a thread: None

Heap address: 0x00000000a2c00000, size: 1492 MB, Compressed Oops mode: 32-bit

CDS archive(s) mapped at: [0x000002f79e000000-0x000002f79ed40000-0x000002f79ed40000), size 13893632, SharedBaseAddress: 0x000002f79e000000, ArchiveRelocationMode: 1.
Compressed class space mapped at: 0x000002f79f000000-0x000002f7df000000, reserved size: 1073741824
UseCompressedClassPointers 1, UseCompactObjectHeaders 0
Narrow klass pointer bits 32, Max shift 3
Narrow klass base: 0x000002f79e000000, Narrow klass shift: 0
Encoding Range: [0x000002f79e000000 - 0x000002f89e000000), (4294967296 bytes)
Klass Range:    [0x000002f79e000000 - 0x000002f7df000000), (1090519040 bytes)
Klass ID Range:  [8 - 1090519033) (1090519025)

GC Precious Log:
 CardTable entry size: 512
 Card Set container configuration: InlinePtr #cards 5 size 8 Array Of Cards #cards 10 size 36 Howl #buckets 4 coarsen threshold 1843 Howl Bitmap #cards 512 size 80 coarsen threshold 460 Card regions per heap region 1 cards per card region 2048
 CPUs: 8 total, 8 available
 Memory: 5965M
 Large Page Support: Disabled
 NUMA Support: Disabled
 Compressed Oops: Enabled (32-bit)
 Heap Region Size: 1M
 Heap Min Capacity: 8M
 Heap Initial Capacity: 94M
 Heap Max Capacity: 1492M
 Pre-touch: Disabled
 Parallel Workers: 8
 Concurrent Workers: 2
 Concurrent Refinement Workers: 8
 Periodic GC: Disabled

Heap:
 garbage-first heap   total reserved 1527808K, committed 184320K, used 132616K [0x00000000a2c00000, 0x0000000100000000)
  region size 1024K, 82 young (83968K), 9 survivors (9216K)
 Metaspace       used 109357K, committed 110208K, reserved 1179648K
  class space    used 12423K, committed 12800K, reserved 1048576K

Heap Regions: E=young(eden), S=young(survivor), O=old, HS=humongous(starts), HC=humongous(continues), CS=collection set, F=free, TAMS=top-at-mark-start, PB=parsable bottom
|   0|0x00000000a2c00000, 0x00000000a2d00000, 0x00000000a2d00000|100%|HS|  |TAMS 0x00000000a2c00000| PB 0x00000000a2c00000| Complete |  0
|   1|0x00000000a2d00000, 0x00000000a2e00000, 0x00000000a2e00000|100%|HS|  |TAMS 0x00000000a2d00000| PB 0x00000000a2d00000| Complete |  0
|   2|0x00000000a2e00000, 0x00000000a2f00000, 0x00000000a2f00000|100%| O|  |TAMS 0x00000000a2e00000| PB 0x00000000a2e00000| Untracked |  0
|   3|0x00000000a2f00000, 0x00000000a3000000, 0x00000000a3000000|100%| O|  |TAMS 0x00000000a2f00000| PB 0x00000000a2f00000| Untracked |  0
|   4|0x00000000a3000000, 0x00000000a3100000, 0x00000000a3100000|100%| O|  |TAMS 0x00000000a3000000| PB 0x00000000a3000000| Untracked |  0
|   5|0x00000000a3100000, 0x00000000a3200000, 0x00000000a3200000|100%| O|  |TAMS 0x00000000a3100000| PB 0x00000000a3100000| Untracked |  0
|   6|0x00000000a3200000, 0x00000000a3300000, 0x00000000a3300000|100%| O|  |TAMS 0x00000000a3200000| PB 0x00000000a3200000| Untracked |  0
|   7|0x00000000a3300000, 0x00000000a3400000, 0x00000000a3400000|100%| O|  |TAMS 0x00000000a3300000| PB 0x00000000a3300000| Untracked |  0
|   8|0x00000000a3400000, 0x00000000a3500000, 0x00000000a3500000|100%| O|  |TAMS 0x00000000a3400000| PB 0x00000000a3400000| Untracked |  0
|   9|0x00000000a3500000, 0x00000000a3600000, 0x00000000a3600000|100%| O|  |TAMS 0x00000000a3500000| PB 0x00000000a3500000| Untracked |  0
|  10|0x00000000a3600000, 0x00000000a3700000, 0x00000000a3700000|100%| O|  |TAMS 0x00000000a3600000| PB 0x00000000a3600000| Untracked |  0
|  11|0x00000000a3700000, 0x00000000a3800000, 0x00000000a3800000|100%| O|  |TAMS 0x00000000a3700000| PB 0x00000000a3700000| Untracked |  0
|  12|0x00000000a3800000, 0x00000000a3900000, 0x00000000a3900000|100%| O|  |TAMS 0x00000000a3800000| PB 0x00000000a3800000| Untracked |  0
|  13|0x00000000a3900000, 0x00000000a3a00000, 0x00000000a3a00000|100%| O|  |TAMS 0x00000000a3900000| PB 0x00000000a3900000| Untracked |  0
|  14|0x00000000a3a00000, 0x00000000a3b00000, 0x00000000a3b00000|100%| O|  |TAMS 0x00000000a3a00000| PB 0x00000000a3a00000| Untracked |  0
|  15|0x00000000a3b00000, 0x00000000a3c00000, 0x00000000a3c00000|100%| O|  |TAMS 0x00000000a3b00000| PB 0x00000000a3b00000| Untracked |  0
|  16|0x00000000a3c00000, 0x00000000a3d00000, 0x00000000a3d00000|100%| O|  |TAMS 0x00000000a3c00000| PB 0x00000000a3c00000| Untracked |  0
|  17|0x00000000a3d00000, 0x00000000a3e00000, 0x00000000a3e00000|100%| O|  |TAMS 0x00000000a3d00000| PB 0x00000000a3d00000| Untracked |  0
|  18|0x00000000a3e00000, 0x00000000a3f00000, 0x00000000a3f00000|100%| O|  |TAMS 0x00000000a3e00000| PB 0x00000000a3e00000| Untracked |  0
|  19|0x00000000a3f00000, 0x00000000a4000000, 0x00000000a4000000|100%| O|  |TAMS 0x00000000a3f00000| PB 0x00000000a3f00000| Untracked |  0
|  20|0x00000000a4000000, 0x00000000a4100000, 0x00000000a4100000|100%| O|  |TAMS 0x00000000a4000000| PB 0x00000000a4000000| Untracked |  0
|  21|0x00000000a4100000, 0x00000000a4200000, 0x00000000a4200000|100%| O|  |TAMS 0x00000000a4100000| PB 0x00000000a4100000| Untracked |  0
|  22|0x00000000a4200000, 0x00000000a4300000, 0x00000000a4300000|100%| O|  |TAMS 0x00000000a4200000| PB 0x00000000a4200000| Untracked |  0
|  23|0x00000000a4300000, 0x00000000a4400000, 0x00000000a4400000|100%| O|  |TAMS 0x00000000a4300000| PB 0x00000000a4300000| Untracked |  0
|  24|0x00000000a4400000, 0x00000000a4500000, 0x00000000a4500000|100%| O|  |TAMS 0x00000000a4400000| PB 0x00000000a4400000| Untracked |  0
|  25|0x00000000a4500000, 0x00000000a4600000, 0x00000000a4600000|100%| O|  |TAMS 0x00000000a4500000| PB 0x00000000a4500000| Untracked |  0
|  26|0x00000000a4600000, 0x00000000a4700000, 0x00000000a4700000|100%| O|  |TAMS 0x00000000a4600000| PB 0x00000000a4600000| Untracked |  0
|  27|0x00000000a4700000, 0x00000000a4800000, 0x00000000a4800000|100%| O|  |TAMS 0x00000000a4700000| PB 0x00000000a4700000| Untracked |  0
|  28|0x00000000a4800000, 0x00000000a4891560, 0x00000000a4900000| 56%| O|  |TAMS 0x00000000a4800000| PB 0x00000000a4800000| Untracked |  0
|  29|0x00000000a4900000, 0x00000000a4a00000, 0x00000000a4a00000|100%| O|  |TAMS 0x00000000a4900000| PB 0x00000000a4900000| Untracked |  0
|  30|0x00000000a4a00000, 0x00000000a4b00000, 0x00000000a4b00000|100%| O|  |TAMS 0x00000000a4a00000| PB 0x00000000a4a00000| Untracked |  0
|  31|0x00000000a4b00000, 0x00000000a4c00000, 0x00000000a4c00000|100%| O|  |TAMS 0x00000000a4b00000| PB 0x00000000a4b00000| Untracked |  0
|  32|0x00000000a4c00000, 0x00000000a4d00000, 0x00000000a4d00000|100%| O|  |TAMS 0x00000000a4c00000| PB 0x00000000a4c00000| Untracked |  0
|  33|0x00000000a4d00000, 0x00000000a4e00000, 0x00000000a4e00000|100%| O|  |TAMS 0x00000000a4d00000| PB 0x00000000a4d00000| Untracked |  0
|  34|0x00000000a4e00000, 0x00000000a4f00000, 0x00000000a4f00000|100%| O|  |TAMS 0x00000000a4e00000| PB 0x00000000a4e00000| Untracked |  0
|  35|0x00000000a4f00000, 0x00000000a5000000, 0x00000000a5000000|100%| O|  |TAMS 0x00000000a4f00000| PB 0x00000000a4f00000| Untracked |  0
|  36|0x00000000a5000000, 0x00000000a5100000, 0x00000000a5100000|100%| O|  |TAMS 0x00000000a5000000| PB 0x00000000a5000000| Untracked |  0
|  37|0x00000000a5100000, 0x00000000a5100000, 0x00000000a5200000|  0%| F|  |TAMS 0x00000000a5100000| PB 0x00000000a5100000| Untracked |  0
|  38|0x00000000a5200000, 0x00000000a5200000, 0x00000000a5300000|  0%| F|  |TAMS 0x00000000a5200000| PB 0x00000000a5200000| Untracked |  0
|  39|0x00000000a5300000, 0x00000000a5400000, 0x00000000a5400000|100%| O|  |TAMS 0x00000000a5300000| PB 0x00000000a5300000| Untracked |  0
|  40|0x00000000a5400000, 0x00000000a5500000, 0x00000000a5500000|100%| O|  |TAMS 0x00000000a5400000| PB 0x00000000a5400000| Untracked |  0
|  41|0x00000000a5500000, 0x00000000a5600000, 0x00000000a5600000|100%| O|  |TAMS 0x00000000a5500000| PB 0x00000000a5500000| Untracked |  0
|  42|0x00000000a5600000, 0x00000000a5700000, 0x00000000a5700000|100%| O|  |TAMS 0x00000000a5600000| PB 0x00000000a5600000| Untracked |  0
|  43|0x00000000a5700000, 0x00000000a5800000, 0x00000000a5800000|100%| O|  |TAMS 0x00000000a5700000| PB 0x00000000a5700000| Untracked |  0
|  44|0x00000000a5800000, 0x00000000a5900000, 0x00000000a5900000|100%| O|  |TAMS 0x00000000a5800000| PB 0x00000000a5800000| Untracked |  0
|  45|0x00000000a5900000, 0x00000000a5a00000, 0x00000000a5a00000|100%| O|Cm|TAMS 0x00000000a5900000| PB 0x00000000a5900000| Complete |  0
|  46|0x00000000a5a00000, 0x00000000a5b00000, 0x00000000a5b00000|100%| O|  |TAMS 0x00000000a5a00000| PB 0x00000000a5a00000| Untracked |  0
|  47|0x00000000a5b00000, 0x00000000a5c00000, 0x00000000a5c00000|100%| O|  |TAMS 0x00000000a5b00000| PB 0x00000000a5b00000| Untracked |  0
|  48|0x00000000a5c00000, 0x00000000a5d00000, 0x00000000a5d00000|100%| O|  |TAMS 0x00000000a5c00000| PB 0x00000000a5c00000| Untracked |  0
|  49|0x00000000a5d00000, 0x00000000a5e00000, 0x00000000a5e00000|100%| O|  |TAMS 0x00000000a5d00000| PB 0x00000000a5d00000| Untracked |  0
|  50|0x00000000a5e00000, 0x00000000a5f00000, 0x00000000a5f00000|100%| O|  |TAMS 0x00000000a5e00000| PB 0x00000000a5e00000| Untracked |  0
|  51|0x00000000a5f00000, 0x00000000a5f00000, 0x00000000a6000000|  0%| F|  |TAMS 0x00000000a5f00000| PB 0x00000000a5f00000| Untracked |  0
|  52|0x00000000a6000000, 0x00000000a6000000, 0x00000000a6100000|  0%| F|  |TAMS 0x00000000a6000000| PB 0x00000000a6000000| Untracked |  0
|  53|0x00000000a6100000, 0x00000000a6100000, 0x00000000a6200000|  0%| F|  |TAMS 0x00000000a6100000| PB 0x00000000a6100000| Untracked |  0
|  54|0x00000000a6200000, 0x00000000a6200000, 0x00000000a6300000|  0%| F|  |TAMS 0x00000000a6200000| PB 0x00000000a6200000| Untracked |  0
|  55|0x00000000a6300000, 0x00000000a6300000, 0x00000000a6400000|  0%| F|  |TAMS 0x00000000a6300000| PB 0x00000000a6300000| Untracked |  0
|  56|0x00000000a6400000, 0x00000000a6400000, 0x00000000a6500000|  0%| F|  |TAMS 0x00000000a6400000| PB 0x00000000a6400000| Untracked |  0
|  57|0x00000000a6500000, 0x00000000a6500000, 0x00000000a6600000|  0%| F|  |TAMS 0x00000000a6500000| PB 0x00000000a6500000| Untracked |  0
|  58|0x00000000a6600000, 0x00000000a6600000, 0x00000000a6700000|  0%| F|  |TAMS 0x00000000a6600000| PB 0x00000000a6600000| Untracked |  0
|  59|0x00000000a6700000, 0x00000000a6700000, 0x00000000a6800000|  0%| F|  |TAMS 0x00000000a6700000| PB 0x00000000a6700000| Untracked |  0
|  60|0x00000000a6800000, 0x00000000a6800000, 0x00000000a6900000|  0%| F|  |TAMS 0x00000000a6800000| PB 0x00000000a6800000| Untracked |  0
|  61|0x00000000a6900000, 0x00000000a6900000, 0x00000000a6a00000|  0%| F|  |TAMS 0x00000000a6900000| PB 0x00000000a6900000| Untracked |  0
|  62|0x00000000a6a00000, 0x00000000a6a00000, 0x00000000a6b00000|  0%| F|  |TAMS 0x00000000a6a00000| PB 0x00000000a6a00000| Untracked |  0
|  63|0x00000000a6b00000, 0x00000000a6b00000, 0x00000000a6c00000|  0%| F|  |TAMS 0x00000000a6b00000| PB 0x00000000a6b00000| Untracked |  0
|  64|0x00000000a6c00000, 0x00000000a6c00000, 0x00000000a6d00000|  0%| F|  |TAMS 0x00000000a6c00000| PB 0x00000000a6c00000| Untracked |  0
|  65|0x00000000a6d00000, 0x00000000a6d00000, 0x00000000a6e00000|  0%| F|  |TAMS 0x00000000a6d00000| PB 0x00000000a6d00000| Untracked |  0
|  66|0x00000000a6e00000, 0x00000000a6ef0d10, 0x00000000a6f00000| 94%| S|CS|TAMS 0x00000000a6e00000| PB 0x00000000a6e00000| Complete |  0
|  67|0x00000000a6f00000, 0x00000000a7000000, 0x00000000a7000000|100%| S|CS|TAMS 0x00000000a6f00000| PB 0x00000000a6f00000| Complete |  0
|  68|0x00000000a7000000, 0x00000000a7100000, 0x00000000a7100000|100%| S|CS|TAMS 0x00000000a7000000| PB 0x00000000a7000000| Complete |  0
|  69|0x00000000a7100000, 0x00000000a7200000, 0x00000000a7200000|100%| S|CS|TAMS 0x00000000a7100000| PB 0x00000000a7100000| Complete |  0
|  70|0x00000000a7200000, 0x00000000a7300000, 0x00000000a7300000|100%| S|CS|TAMS 0x00000000a7200000| PB 0x00000000a7200000| Complete |  0
|  71|0x00000000a7300000, 0x00000000a7400000, 0x00000000a7400000|100%| S|CS|TAMS 0x00000000a7300000| PB 0x00000000a7300000| Complete |  0
|  72|0x00000000a7400000, 0x00000000a7500000, 0x00000000a7500000|100%| S|CS|TAMS 0x00000000a7400000| PB 0x00000000a7400000| Complete |  0
|  73|0x00000000a7500000, 0x00000000a7600000, 0x00000000a7600000|100%| S|CS|TAMS 0x00000000a7500000| PB 0x00000000a7500000| Complete |  0
|  74|0x00000000a7600000, 0x00000000a7700000, 0x00000000a7700000|100%| S|CS|TAMS 0x00000000a7600000| PB 0x00000000a7600000| Complete |  0
|  75|0x00000000a7700000, 0x00000000a7700000, 0x00000000a7800000|  0%| F|  |TAMS 0x00000000a7700000| PB 0x00000000a7700000| Untracked |  0
|  76|0x00000000a7800000, 0x00000000a7800000, 0x00000000a7900000|  0%| F|  |TAMS 0x00000000a7800000| PB 0x00000000a7800000| Untracked |  0
|  77|0x00000000a7900000, 0x00000000a7900000, 0x00000000a7a00000|  0%| F|  |TAMS 0x00000000a7900000| PB 0x00000000a7900000| Untracked |  0
|  78|0x00000000a7a00000, 0x00000000a7a00000, 0x00000000a7b00000|  0%| F|  |TAMS 0x00000000a7a00000| PB 0x00000000a7a00000| Untracked |  0
|  79|0x00000000a7b00000, 0x00000000a7b00000, 0x00000000a7c00000|  0%| F|  |TAMS 0x00000000a7b00000| PB 0x00000000a7b00000| Untracked |  0
|  80|0x00000000a7c00000, 0x00000000a7c00000, 0x00000000a7d00000|  0%| F|  |TAMS 0x00000000a7c00000| PB 0x00000000a7c00000| Untracked |  0
|  81|0x00000000a7d00000, 0x00000000a7d00000, 0x00000000a7e00000|  0%| F|  |TAMS 0x00000000a7d00000| PB 0x00000000a7d00000| Untracked |  0
|  82|0x00000000a7e00000, 0x00000000a7e00000, 0x00000000a7f00000|  0%| F|  |TAMS 0x00000000a7e00000| PB 0x00000000a7e00000| Untracked |  0
|  83|0x00000000a7f00000, 0x00000000a7f00000, 0x00000000a8000000|  0%| F|  |TAMS 0x00000000a7f00000| PB 0x00000000a7f00000| Untracked |  0
|  84|0x00000000a8000000, 0x00000000a8000000, 0x00000000a8100000|  0%| F|  |TAMS 0x00000000a8000000| PB 0x00000000a8000000| Untracked |  0
|  85|0x00000000a8100000, 0x00000000a8100000, 0x00000000a8200000|  0%| F|  |TAMS 0x00000000a8100000| PB 0x00000000a8100000| Untracked |  0
|  86|0x00000000a8200000, 0x00000000a8200000, 0x00000000a8300000|  0%| F|  |TAMS 0x00000000a8200000| PB 0x00000000a8200000| Untracked |  0
|  87|0x00000000a8300000, 0x00000000a8300000, 0x00000000a8400000|  0%| F|  |TAMS 0x00000000a8300000| PB 0x00000000a8300000| Untracked |  0
|  88|0x00000000a8400000, 0x00000000a8400000, 0x00000000a8500000|  0%| F|  |TAMS 0x00000000a8400000| PB 0x00000000a8400000| Untracked |  0
|  89|0x00000000a8500000, 0x00000000a8500000, 0x00000000a8600000|  0%| F|  |TAMS 0x00000000a8500000| PB 0x00000000a8500000| Untracked |  0
|  90|0x00000000a8600000, 0x00000000a8600000, 0x00000000a8700000|  0%| F|  |TAMS 0x00000000a8600000| PB 0x00000000a8600000| Untracked |  0
|  91|0x00000000a8700000, 0x00000000a8700000, 0x00000000a8800000|  0%| F|  |TAMS 0x00000000a8700000| PB 0x00000000a8700000| Untracked |  0
|  92|0x00000000a8800000, 0x00000000a8800000, 0x00000000a8900000|  0%| F|  |TAMS 0x00000000a8800000| PB 0x00000000a8800000| Untracked |  0
|  93|0x00000000a8900000, 0x00000000a8900000, 0x00000000a8a00000|  0%| F|  |TAMS 0x00000000a8900000| PB 0x00000000a8900000| Untracked |  0
|  94|0x00000000a8a00000, 0x00000000a8a00000, 0x00000000a8b00000|  0%| F|  |TAMS 0x00000000a8a00000| PB 0x00000000a8a00000| Untracked |  0
|  95|0x00000000a8b00000, 0x00000000a8b00000, 0x00000000a8c00000|  0%| F|  |TAMS 0x00000000a8b00000| PB 0x00000000a8b00000| Untracked |  0
|  96|0x00000000a8c00000, 0x00000000a8c00000, 0x00000000a8d00000|  0%| F|  |TAMS 0x00000000a8c00000| PB 0x00000000a8c00000| Untracked |  0
|  97|0x00000000a8d00000, 0x00000000a8d00000, 0x00000000a8e00000|  0%| F|  |TAMS 0x00000000a8d00000| PB 0x00000000a8d00000| Untracked |  0
|  98|0x00000000a8e00000, 0x00000000a8e00000, 0x00000000a8f00000|  0%| F|  |TAMS 0x00000000a8e00000| PB 0x00000000a8e00000| Untracked |  0
|  99|0x00000000a8f00000, 0x00000000a8f00000, 0x00000000a9000000|  0%| F|  |TAMS 0x00000000a8f00000| PB 0x00000000a8f00000| Untracked |  0
| 100|0x00000000a9000000, 0x00000000a9000000, 0x00000000a9100000|  0%| F|  |TAMS 0x00000000a9000000| PB 0x00000000a9000000| Untracked |  0
| 101|0x00000000a9100000, 0x00000000a9100000, 0x00000000a9200000|  0%| F|  |TAMS 0x00000000a9100000| PB 0x00000000a9100000| Untracked |  0
| 102|0x00000000a9200000, 0x00000000a9200000, 0x00000000a9300000|  0%| F|  |TAMS 0x00000000a9200000| PB 0x00000000a9200000| Untracked |  0
| 103|0x00000000a9300000, 0x00000000a9300000, 0x00000000a9400000|  0%| F|  |TAMS 0x00000000a9300000| PB 0x00000000a9300000| Untracked |  0
| 104|0x00000000a9400000, 0x00000000a9400000, 0x00000000a9500000|  0%| F|  |TAMS 0x00000000a9400000| PB 0x00000000a9400000| Untracked |  0
| 105|0x00000000a9500000, 0x00000000a9500000, 0x00000000a9600000|  0%| F|  |TAMS 0x00000000a9500000| PB 0x00000000a9500000| Untracked |  0
| 106|0x00000000a9600000, 0x00000000a9680000, 0x00000000a9700000| 50%| E|  |TAMS 0x00000000a9600000| PB 0x00000000a9600000| Complete |  0
| 107|0x00000000a9700000, 0x00000000a9800000, 0x00000000a9800000|100%| E|CS|TAMS 0x00000000a9700000| PB 0x00000000a9700000| Complete |  0
| 108|0x00000000a9800000, 0x00000000a9900000, 0x00000000a9900000|100%| E|CS|TAMS 0x00000000a9800000| PB 0x00000000a9800000| Complete |  0
| 109|0x00000000a9900000, 0x00000000a9a00000, 0x00000000a9a00000|100%| E|CS|TAMS 0x00000000a9900000| PB 0x00000000a9900000| Complete |  0
| 110|0x00000000a9a00000, 0x00000000a9b00000, 0x00000000a9b00000|100%| E|CS|TAMS 0x00000000a9a00000| PB 0x00000000a9a00000| Complete |  0
| 111|0x00000000a9b00000, 0x00000000a9c00000, 0x00000000a9c00000|100%| E|CS|TAMS 0x00000000a9b00000| PB 0x00000000a9b00000| Complete |  0
| 112|0x00000000a9c00000, 0x00000000a9d00000, 0x00000000a9d00000|100%| E|CS|TAMS 0x00000000a9c00000| PB 0x00000000a9c00000| Complete |  0
| 113|0x00000000a9d00000, 0x00000000a9e00000, 0x00000000a9e00000|100%| E|CS|TAMS 0x00000000a9d00000| PB 0x00000000a9d00000| Complete |  0
| 114|0x00000000a9e00000, 0x00000000a9f00000, 0x00000000a9f00000|100%| E|CS|TAMS 0x00000000a9e00000| PB 0x00000000a9e00000| Complete |  0
| 115|0x00000000a9f00000, 0x00000000aa000000, 0x00000000aa000000|100%| E|CS|TAMS 0x00000000a9f00000| PB 0x00000000a9f00000| Complete |  0
| 116|0x00000000aa000000, 0x00000000aa100000, 0x00000000aa100000|100%| E|CS|TAMS 0x00000000aa000000| PB 0x00000000aa000000| Complete |  0
| 117|0x00000000aa100000, 0x00000000aa200000, 0x00000000aa200000|100%| E|CS|TAMS 0x00000000aa100000| PB 0x00000000aa100000| Complete |  0
| 118|0x00000000aa200000, 0x00000000aa300000, 0x00000000aa300000|100%| E|CS|TAMS 0x00000000aa200000| PB 0x00000000aa200000| Complete |  0
| 119|0x00000000aa300000, 0x00000000aa400000, 0x00000000aa400000|100%| E|CS|TAMS 0x00000000aa300000| PB 0x00000000aa300000| Complete |  0
| 120|0x00000000aa400000, 0x00000000aa500000, 0x00000000aa500000|100%| E|CS|TAMS 0x00000000aa400000| PB 0x00000000aa400000| Complete |  0
| 121|0x00000000aa500000, 0x00000000aa600000, 0x00000000aa600000|100%| E|CS|TAMS 0x00000000aa500000| PB 0x00000000aa500000| Complete |  0
| 122|0x00000000aa600000, 0x00000000aa700000, 0x00000000aa700000|100%| E|CS|TAMS 0x00000000aa600000| PB 0x00000000aa600000| Complete |  0
| 123|0x00000000aa700000, 0x00000000aa800000, 0x00000000aa800000|100%| E|CS|TAMS 0x00000000aa700000| PB 0x00000000aa700000| Complete |  0
| 124|0x00000000aa800000, 0x00000000aa900000, 0x00000000aa900000|100%| E|CS|TAMS 0x00000000aa800000| PB 0x00000000aa800000| Complete |  0
| 125|0x00000000aa900000, 0x00000000aaa00000, 0x00000000aaa00000|100%| E|CS|TAMS 0x00000000aa900000| PB 0x00000000aa900000| Complete |  0
| 126|0x00000000aaa00000, 0x00000000aab00000, 0x00000000aab00000|100%| E|CS|TAMS 0x00000000aaa00000| PB 0x00000000aaa00000| Complete |  0
| 127|0x00000000aab00000, 0x00000000aac00000, 0x00000000aac00000|100%| E|CS|TAMS 0x00000000aab00000| PB 0x00000000aab00000| Complete |  0
| 128|0x00000000aac00000, 0x00000000aad00000, 0x00000000aad00000|100%| E|CS|TAMS 0x00000000aac00000| PB 0x00000000aac00000| Complete |  0
| 129|0x00000000aad00000, 0x00000000aae00000, 0x00000000aae00000|100%| E|CS|TAMS 0x00000000aad00000| PB 0x00000000aad00000| Complete |  0
| 130|0x00000000aae00000, 0x00000000aaf00000, 0x00000000aaf00000|100%| E|CS|TAMS 0x00000000aae00000| PB 0x00000000aae00000| Complete |  0
| 131|0x00000000aaf00000, 0x00000000ab000000, 0x00000000ab000000|100%| E|CS|TAMS 0x00000000aaf00000| PB 0x00000000aaf00000| Complete |  0
| 132|0x00000000ab000000, 0x00000000ab100000, 0x00000000ab100000|100%| E|CS|TAMS 0x00000000ab000000| PB 0x00000000ab000000| Complete |  0
| 133|0x00000000ab100000, 0x00000000ab200000, 0x00000000ab200000|100%| E|  |TAMS 0x00000000ab100000| PB 0x00000000ab100000| Complete |  0
| 134|0x00000000ab200000, 0x00000000ab300000, 0x00000000ab300000|100%| E|CS|TAMS 0x00000000ab200000| PB 0x00000000ab200000| Complete |  0
| 135|0x00000000ab300000, 0x00000000ab400000, 0x00000000ab400000|100%| E|CS|TAMS 0x00000000ab300000| PB 0x00000000ab300000| Complete |  0
| 136|0x00000000ab400000, 0x00000000ab500000, 0x00000000ab500000|100%| E|CS|TAMS 0x00000000ab400000| PB 0x00000000ab400000| Complete |  0
| 137|0x00000000ab500000, 0x00000000ab600000, 0x00000000ab600000|100%| E|CS|TAMS 0x00000000ab500000| PB 0x00000000ab500000| Complete |  0
| 138|0x00000000ab600000, 0x00000000ab700000, 0x00000000ab700000|100%| E|CS|TAMS 0x00000000ab600000| PB 0x00000000ab600000| Complete |  0
| 139|0x00000000ab700000, 0x00000000ab800000, 0x00000000ab800000|100%| E|CS|TAMS 0x00000000ab700000| PB 0x00000000ab700000| Complete |  0
| 140|0x00000000ab800000, 0x00000000ab900000, 0x00000000ab900000|100%| E|CS|TAMS 0x00000000ab800000| PB 0x00000000ab800000| Complete |  0
| 141|0x00000000ab900000, 0x00000000aba00000, 0x00000000aba00000|100%| E|CS|TAMS 0x00000000ab900000| PB 0x00000000ab900000| Complete |  0
| 142|0x00000000aba00000, 0x00000000abb00000, 0x00000000abb00000|100%| E|CS|TAMS 0x00000000aba00000| PB 0x00000000aba00000| Complete |  0
| 143|0x00000000abb00000, 0x00000000abc00000, 0x00000000abc00000|100%| E|CS|TAMS 0x00000000abb00000| PB 0x00000000abb00000| Complete |  0
| 144|0x00000000abc00000, 0x00000000abd00000, 0x00000000abd00000|100%| E|CS|TAMS 0x00000000abc00000| PB 0x00000000abc00000| Complete |  0
| 145|0x00000000abd00000, 0x00000000abe00000, 0x00000000abe00000|100%| E|CS|TAMS 0x00000000abd00000| PB 0x00000000abd00000| Complete |  0
| 146|0x00000000abe00000, 0x00000000abf00000, 0x00000000abf00000|100%| E|CS|TAMS 0x00000000abe00000| PB 0x00000000abe00000| Complete |  0
| 147|0x00000000abf00000, 0x00000000ac000000, 0x00000000ac000000|100%| E|CS|TAMS 0x00000000abf00000| PB 0x00000000abf00000| Complete |  0
| 148|0x00000000ac000000, 0x00000000ac100000, 0x00000000ac100000|100%| E|CS|TAMS 0x00000000ac000000| PB 0x00000000ac000000| Complete |  0
| 149|0x00000000ac100000, 0x00000000ac200000, 0x00000000ac200000|100%| E|CS|TAMS 0x00000000ac100000| PB 0x00000000ac100000| Complete |  0
| 150|0x00000000ac200000, 0x00000000ac300000, 0x00000000ac300000|100%| E|CS|TAMS 0x00000000ac200000| PB 0x00000000ac200000| Complete |  0
| 151|0x00000000ac300000, 0x00000000ac400000, 0x00000000ac400000|100%| E|CS|TAMS 0x00000000ac300000| PB 0x00000000ac300000| Complete |  0
| 152|0x00000000ac400000, 0x00000000ac500000, 0x00000000ac500000|100%| E|CS|TAMS 0x00000000ac400000| PB 0x00000000ac400000| Complete |  0
| 153|0x00000000ac500000, 0x00000000ac600000, 0x00000000ac600000|100%| E|CS|TAMS 0x00000000ac500000| PB 0x00000000ac500000| Complete |  0
| 154|0x00000000ac600000, 0x00000000ac700000, 0x00000000ac700000|100%| E|CS|TAMS 0x00000000ac600000| PB 0x00000000ac600000| Complete |  0
| 155|0x00000000ac700000, 0x00000000ac800000, 0x00000000ac800000|100%| E|CS|TAMS 0x00000000ac700000| PB 0x00000000ac700000| Complete |  0
| 156|0x00000000ac800000, 0x00000000ac900000, 0x00000000ac900000|100%| E|CS|TAMS 0x00000000ac800000| PB 0x00000000ac800000| Complete |  0
| 157|0x00000000ac900000, 0x00000000aca00000, 0x00000000aca00000|100%| E|CS|TAMS 0x00000000ac900000| PB 0x00000000ac900000| Complete |  0
| 158|0x00000000aca00000, 0x00000000acb00000, 0x00000000acb00000|100%| E|CS|TAMS 0x00000000aca00000| PB 0x00000000aca00000| Complete |  0
| 159|0x00000000acb00000, 0x00000000acc00000, 0x00000000acc00000|100%| E|CS|TAMS 0x00000000acb00000| PB 0x00000000acb00000| Complete |  0
| 160|0x00000000acc00000, 0x00000000acd00000, 0x00000000acd00000|100%| E|CS|TAMS 0x00000000acc00000| PB 0x00000000acc00000| Complete |  0
| 161|0x00000000acd00000, 0x00000000ace00000, 0x00000000ace00000|100%| E|CS|TAMS 0x00000000acd00000| PB 0x00000000acd00000| Complete |  0
| 162|0x00000000ace00000, 0x00000000acf00000, 0x00000000acf00000|100%| E|CS|TAMS 0x00000000ace00000| PB 0x00000000ace00000| Complete |  0
| 163|0x00000000acf00000, 0x00000000ad000000, 0x00000000ad000000|100%| E|CS|TAMS 0x00000000acf00000| PB 0x00000000acf00000| Complete |  0
| 164|0x00000000ad000000, 0x00000000ad100000, 0x00000000ad100000|100%| E|CS|TAMS 0x00000000ad000000| PB 0x00000000ad000000| Complete |  0
| 165|0x00000000ad100000, 0x00000000ad200000, 0x00000000ad200000|100%| E|CS|TAMS 0x00000000ad100000| PB 0x00000000ad100000| Complete |  0
| 166|0x00000000ad200000, 0x00000000ad300000, 0x00000000ad300000|100%| E|CS|TAMS 0x00000000ad200000| PB 0x00000000ad200000| Complete |  0
| 167|0x00000000ad300000, 0x00000000ad400000, 0x00000000ad400000|100%| E|CS|TAMS 0x00000000ad300000| PB 0x00000000ad300000| Complete |  0
| 168|0x00000000ad400000, 0x00000000ad500000, 0x00000000ad500000|100%| E|CS|TAMS 0x00000000ad400000| PB 0x00000000ad400000| Complete |  0
| 169|0x00000000ad500000, 0x00000000ad600000, 0x00000000ad600000|100%| E|CS|TAMS 0x00000000ad500000| PB 0x00000000ad500000| Complete |  0
| 170|0x00000000ad600000, 0x00000000ad700000, 0x00000000ad700000|100%| E|CS|TAMS 0x00000000ad600000| PB 0x00000000ad600000| Complete |  0
| 171|0x00000000ad700000, 0x00000000ad800000, 0x00000000ad800000|100%| E|CS|TAMS 0x00000000ad700000| PB 0x00000000ad700000| Complete |  0
| 172|0x00000000ad800000, 0x00000000ad900000, 0x00000000ad900000|100%| E|CS|TAMS 0x00000000ad800000| PB 0x00000000ad800000| Complete |  0
| 173|0x00000000ad900000, 0x00000000ada00000, 0x00000000ada00000|100%| E|CS|TAMS 0x00000000ad900000| PB 0x00000000ad900000| Complete |  0
| 174|0x00000000ada00000, 0x00000000adb00000, 0x00000000adb00000|100%| E|CS|TAMS 0x00000000ada00000| PB 0x00000000ada00000| Complete |  0
| 175|0x00000000adb00000, 0x00000000adc00000, 0x00000000adc00000|100%| E|CS|TAMS 0x00000000adb00000| PB 0x00000000adb00000| Complete |  0
| 252|0x00000000b2800000, 0x00000000b2900000, 0x00000000b2900000|100%| E|CS|TAMS 0x00000000b2800000| PB 0x00000000b2800000| Complete |  0
| 253|0x00000000b2900000, 0x00000000b2a00000, 0x00000000b2a00000|100%| E|CS|TAMS 0x00000000b2900000| PB 0x00000000b2900000| Complete |  0
|1490|0x00000000ffe00000, 0x00000000fff00000, 0x00000000fff00000|100%| O|  |TAMS 0x00000000ffe00000| PB 0x00000000ffe00000| Untracked |  0
|1491|0x00000000fff00000, 0x0000000100000000, 0x0000000100000000|100%| E|CS|TAMS 0x00000000fff00000| PB 0x00000000fff00000| Complete |  0

Card table byte_map: [0x000002f799850000,0x000002f799b40000] _byte_map_base: 0x000002f79933a000

Marking Bits: (CMBitMap*) 0x000002f7ffd50920
 Bits: [0x000002f799b40000, 0x000002f79b290000)

Polling page: 0x000002f7ff690000

Metaspace:

Usage:
  Non-class:     94.66 MB used.
      Class:     12.13 MB used.
       Both:    106.79 MB used.

Virtual space:
  Non-class space:      128.00 MB reserved,      95.12 MB ( 74%) committed,  2 nodes.
      Class space:        1.00 GB reserved,      12.50 MB (  1%) committed,  1 nodes.
             Both:        1.12 GB reserved,     107.62 MB (  9%) committed. 

Chunk freelists:
   Non-Class:  784.00 KB
       Class:  3.41 MB
        Both:  4.17 MB

MaxMetaspaceSize: unlimited
CompressedClassSpaceSize: 1.00 GB
Initial GC threshold: 21.00 MB
Current GC threshold: 148.25 MB
CDS: on
 - commit_granule_bytes: 65536.
 - commit_granule_words: 8192.
 - virtual_space_node_default_size: 8388608.
 - enlarge_chunks_in_place: 1.
UseCompressedClassPointers 1, UseCompactObjectHeaders 0
Narrow klass pointer bits 32, Max shift 3
Narrow klass base: 0x000002f79e000000, Narrow klass shift: 0
Encoding Range: [0x000002f79e000000 - 0x000002f89e000000), (4294967296 bytes)
Klass Range:    [0x000002f79e000000 - 0x000002f7df000000), (1090519040 bytes)
Klass ID Range:  [8 - 1090519033) (1090519025)


Internal statistics:

num_allocs_failed_limit: 6.
num_arena_births: 1312.
num_arena_deaths: 0.
num_vsnodes_births: 3.
num_vsnodes_deaths: 0.
num_space_committed: 1722.
num_space_uncommitted: 0.
num_chunks_returned_to_freelist: 6.
num_chunks_taken_from_freelist: 5143.
num_chunk_merges: 3.
num_chunk_splits: 3818.
num_chunks_enlarged: 3154.
num_inconsistent_stats: 0.

CodeHeap 'non-profiled nmethods': size=120064Kb used=6091Kb max_used=6091Kb free=113972Kb
 bounds [0x000002f7916b0000, 0x000002f791cb0000, 0x000002f798bf0000]
CodeHeap 'profiled nmethods': size=120000Kb used=18536Kb max_used=18536Kb free=101463Kb
 bounds [0x000002f789bf0000, 0x000002f78ae10000, 0x000002f791120000]
CodeHeap 'non-nmethods': size=5696Kb used=1678Kb max_used=1782Kb free=4017Kb
 bounds [0x000002f791120000, 0x000002f791390000, 0x000002f7916b0000]
CodeCache: size=245760Kb, used=26305Kb, max_used=26409Kb, free=219452Kb
 total_blobs=12291, nmethods=11464, adapters=731, full_count=0
Compilation: enabled, stopped_count=0, restarted_count=0

Compilation events (20 events):
Event: 1513.904 Thread 0x000002f79dcac180 nmethod 13265 0x000002f791ca2588 code [0x000002f791ca26a0, 0x000002f791ca2ac0]
Event: 1513.919 Thread 0x000002f79dcb17c0 13266       1       java.security.spec.ECParameterSpec::getOrder (5 bytes)
Event: 1513.921 Thread 0x000002f79dcb17c0 nmethod 13266 0x000002f791ca2b08 code [0x000002f791ca2c00, 0x000002f791ca2cc8]
Event: 1513.923 Thread 0x000002f79dcac180 13267       4       sun.security.ec.ECOperations::setSum (685 bytes)
Event: 1513.977 Thread 0x000002f79dcb17c0 13268       3       java.math.MutableBigInteger::<init> (42 bytes)
Event: 1513.982 Thread 0x000002f79dcb17c0 nmethod 13268 0x000002f78ae07f88 code [0x000002f78ae080c0, 0x000002f78ae082d8]
Event: 1513.982 Thread 0x000002f79dcb17c0 13269       3       sun.security.ec.ECOperations::getField (10 bytes)
Event: 1513.984 Thread 0x000002f79dcb17c0 nmethod 13269 0x000002f78ae08308 code [0x000002f78ae08420, 0x000002f78ae08608]
Event: 1513.993 Thread 0x000002f79dcb17c0 13270       3       sun.security.ssl.SignatureScheme::values (10 bytes)
Event: 1513.996 Thread 0x000002f79dcb17c0 nmethod 13270 0x000002f78ae08688 code [0x000002f78ae087a0, 0x000002f78ae08a18]
Event: 1513.997 Thread 0x000002f79dcb17c0 13271       3       jdk.internal.util.ArraysSupport::hashCode (33 bytes)
Event: 1513.999 Thread 0x000002f79dcb17c0 nmethod 13271 0x000002f78ae08a88 code [0x000002f78ae08ba0, 0x000002f78ae08d60]
Event: 1514.006 Thread 0x000002f79dcb17c0 13272       3       java.math.BigInteger::stripLeadingZeroBytes (186 bytes)
Event: 1514.011 Thread 0x000002f79dcb17c0 nmethod 13272 0x000002f78ae08d88 code [0x000002f78ae08f00, 0x000002f78ae09520]
Event: 1514.011 Thread 0x000002f79dcb17c0 13275       3       java.math.BigInteger::intArrayCmpToLen (55 bytes)
Event: 1514.012 Thread 0x000002f79dcb17c0 nmethod 13275 0x000002f78ae09588 code [0x000002f78ae096c0, 0x000002f78ae09978]
Event: 1514.012 Thread 0x000002f79dcb17c0 13273       3       java.math.BigInteger::montgomerySquare (49 bytes)
Event: 1514.013 Thread 0x000002f79dcb17c0 nmethod 13273 0x000002f78ae09988 code [0x000002f78ae09ae0, 0x000002f78ae09ea8]
Event: 1514.013 Thread 0x000002f79dcb17c0 13274       3       java.math.BigInteger::implMontgomerySquare (19 bytes)
Event: 1514.013 Thread 0x000002f79dcb17c0 nmethod 13274 0x000002f78ae09f08 code [0x000002f78ae0a040, 0x000002f78ae0a1b8]

GC Heap History (20 events):
Event: 23.056 GC heap before
{Heap before GC invocations=21 (full 0):
 garbage-first heap   total reserved 1527808K, committed 75776K, used 62788K [0x00000000a2c00000, 0x0000000100000000)
  region size 1024K, 21 young (21504K), 3 survivors (3072K)
 Metaspace       used 78789K, committed 79424K, reserved 1179648K
  class space    used 8361K, committed 8640K, reserved 1048576K
}
Event: 23.062 GC heap after
{Heap after GC invocations=22 (full 0):
 garbage-first heap   total reserved 1527808K, committed 75776K, used 46379K [0x00000000a2c00000, 0x0000000100000000)
  region size 1024K, 2 young (2048K), 2 survivors (2048K)
 Metaspace       used 78789K, committed 79424K, reserved 1179648K
  class space    used 8361K, committed 8640K, reserved 1048576K
}
Event: 23.485 GC heap before
{Heap before GC invocations=22 (full 0):
 garbage-first heap   total reserved 1527808K, committed 75776K, used 66859K [0x00000000a2c00000, 0x0000000100000000)
  region size 1024K, 23 young (23552K), 2 survivors (2048K)
 Metaspace       used 81152K, committed 81792K, reserved 1179648K
  class space    used 8609K, committed 8896K, reserved 1048576K
}
Event: 23.490 GC heap after
{Heap after GC invocations=23 (full 0):
 garbage-first heap   total reserved 1527808K, committed 75776K, used 47647K [0x00000000a2c00000, 0x0000000100000000)
  region size 1024K, 2 young (2048K), 2 survivors (2048K)
 Metaspace       used 81152K, committed 81792K, reserved 1179648K
  class space    used 8609K, committed 8896K, reserved 1048576K
}
Event: 23.918 GC heap before
{Heap before GC invocations=23 (full 0):
 garbage-first heap   total reserved 1527808K, committed 75776K, used 68127K [0x00000000a2c00000, 0x0000000100000000)
  region size 1024K, 22 young (22528K), 2 survivors (2048K)
 Metaspace       used 83535K, committed 84160K, reserved 1179648K
  class space    used 9068K, committed 9344K, reserved 1048576K
}
Event: 23.920 GC heap after
{Heap after GC invocations=24 (full 0):
 garbage-first heap   total reserved 1527808K, committed 75776K, used 48779K [0x00000000a2c00000, 0x0000000100000000)
  region size 1024K, 2 young (2048K), 2 survivors (2048K)
 Metaspace       used 83535K, committed 84160K, reserved 1179648K
  class space    used 9068K, committed 9344K, reserved 1048576K
}
Event: 24.291 GC heap before
{Heap before GC invocations=25 (full 0):
 garbage-first heap   total reserved 1527808K, committed 83968K, used 66187K [0x00000000a2c00000, 0x0000000100000000)
  region size 1024K, 20 young (20480K), 2 survivors (2048K)
 Metaspace       used 86124K, committed 86720K, reserved 1179648K
  class space    used 9597K, committed 9856K, reserved 1048576K
}
Event: 24.294 GC heap after
{Heap after GC invocations=26 (full 0):
 garbage-first heap   total reserved 1527808K, committed 83968K, used 51286K [0x00000000a2c00000, 0x0000000100000000)
  region size 1024K, 3 young (3072K), 3 survivors (3072K)
 Metaspace       used 86124K, committed 86720K, reserved 1179648K
  class space    used 9597K, committed 9856K, reserved 1048576K
}
Event: 24.483 GC heap before
{Heap before GC invocations=26 (full 0):
 garbage-first heap   total reserved 1527808K, committed 83968K, used 73814K [0x00000000a2c00000, 0x0000000100000000)
  region size 1024K, 26 young (26624K), 3 survivors (3072K)
 Metaspace       used 88219K, committed 88768K, reserved 1179648K
  class space    used 9926K, committed 10176K, reserved 1048576K
}
Event: 24.487 GC heap after
{Heap after GC invocations=27 (full 0):
 garbage-first heap   total reserved 1527808K, committed 83968K, used 51524K [0x00000000a2c00000, 0x0000000100000000)
  region size 1024K, 2 young (2048K), 2 survivors (2048K)
 Metaspace       used 88219K, committed 88768K, reserved 1179648K
  class space    used 9926K, committed 10176K, reserved 1048576K
}
Event: 24.855 GC heap before
{Heap before GC invocations=27 (full 0):
 garbage-first heap   total reserved 1527808K, committed 83968K, used 75076K [0x00000000a2c00000, 0x0000000100000000)
  region size 1024K, 25 young (25600K), 2 survivors (2048K)
 Metaspace       used 89735K, committed 90368K, reserved 1179648K
  class space    used 10094K, committed 10368K, reserved 1048576K
}
Event: 24.858 GC heap after
{Heap after GC invocations=28 (full 0):
 garbage-first heap   total reserved 1527808K, committed 83968K, used 52889K [0x00000000a2c00000, 0x0000000100000000)
  region size 1024K, 3 young (3072K), 3 survivors (3072K)
 Metaspace       used 89735K, committed 90368K, reserved 1179648K
  class space    used 10094K, committed 10368K, reserved 1048576K
}
Event: 24.943 GC heap before
{Heap before GC invocations=29 (full 0):
 garbage-first heap   total reserved 1527808K, committed 91136K, used 74393K [0x00000000a2c00000, 0x0000000100000000)
  region size 1024K, 24 young (24576K), 3 survivors (3072K)
 Metaspace       used 89738K, committed 90368K, reserved 1179648K
  class space    used 10094K, committed 10368K, reserved 1048576K
}
Event: 24.946 GC heap after
{Heap after GC invocations=30 (full 0):
 garbage-first heap   total reserved 1527808K, committed 91136K, used 53313K [0x00000000a2c00000, 0x0000000100000000)
  region size 1024K, 2 young (2048K), 2 survivors (2048K)
 Metaspace       used 89738K, committed 90368K, reserved 1179648K
  class space    used 10094K, committed 10368K, reserved 1048576K
}
Event: 25.036 GC heap before
{Heap before GC invocations=30 (full 0):
 garbage-first heap   total reserved 1527808K, committed 91136K, used 81985K [0x00000000a2c00000, 0x0000000100000000)
  region size 1024K, 30 young (30720K), 2 survivors (2048K)
 Metaspace       used 89740K, committed 90432K, reserved 1179648K
  class space    used 10095K, committed 10368K, reserved 1048576K
}
Event: 25.040 GC heap after
{Heap after GC invocations=31 (full 0):
 garbage-first heap   total reserved 1527808K, committed 91136K, used 52895K [0x00000000a2c00000, 0x0000000100000000)
  region size 1024K, 3 young (3072K), 3 survivors (3072K)
 Metaspace       used 89740K, committed 90432K, reserved 1179648K
  class space    used 10095K, committed 10368K, reserved 1048576K
}
Event: 25.271 GC heap before
{Heap before GC invocations=31 (full 0):
 garbage-first heap   total reserved 1527808K, committed 91136K, used 81567K [0x00000000a2c00000, 0x0000000100000000)
  region size 1024K, 31 young (31744K), 3 survivors (3072K)
 Metaspace       used 90286K, committed 90944K, reserved 1179648K
  class space    used 10150K, committed 10432K, reserved 1048576K
}
Event: 25.275 GC heap after
{Heap after GC invocations=32 (full 0):
 garbage-first heap   total reserved 1527808K, committed 262144K, used 54067K [0x00000000a2c00000, 0x0000000100000000)
  region size 1024K, 4 young (4096K), 4 survivors (4096K)
 Metaspace       used 90286K, committed 90944K, reserved 1179648K
  class space    used 10150K, committed 10432K, reserved 1048576K
}
Event: 27.686 GC heap before
{Heap before GC invocations=33 (full 0):
 garbage-first heap   total reserved 1527808K, committed 184320K, used 160563K [0x00000000a2c00000, 0x0000000100000000)
  region size 1024K, 108 young (110592K), 4 survivors (4096K)
 Metaspace       used 97544K, committed 98368K, reserved 1179648K
  class space    used 10986K, committed 11328K, reserved 1048576K
}
Event: 27.695 GC heap after
{Heap after GC invocations=34 (full 0):
 garbage-first heap   total reserved 1527808K, committed 184320K, used 59912K [0x00000000a2c00000, 0x0000000100000000)
  region size 1024K, 9 young (9216K), 9 survivors (9216K)
 Metaspace       used 97544K, committed 98368K, reserved 1179648K
  class space    used 10986K, committed 11328K, reserved 1048576K
}

Dll operation events (12 events):
Event: 0.022 Loaded shared library C:\Users\maryc\.jdks\openjdk-24.0.2\bin\java.dll
Event: 0.066 Loaded shared library C:\Users\maryc\.jdks\openjdk-24.0.2\bin\jsvml.dll
Event: 0.292 Loaded shared library C:\Users\maryc\.jdks\openjdk-24.0.2\bin\zip.dll
Event: 0.298 Loaded shared library C:\Users\maryc\.jdks\openjdk-24.0.2\bin\instrument.dll
Event: 0.308 Loaded shared library C:\Users\maryc\.jdks\openjdk-24.0.2\bin\net.dll
Event: 0.312 Loaded shared library C:\Users\maryc\.jdks\openjdk-24.0.2\bin\nio.dll
Event: 0.318 Loaded shared library C:\Users\maryc\.jdks\openjdk-24.0.2\bin\zip.dll
Event: 0.559 Loaded shared library C:\Users\maryc\.jdks\openjdk-24.0.2\bin\extnet.dll
Event: 0.604 Loaded shared library C:\Users\maryc\.jdks\openjdk-24.0.2\bin\jimage.dll
Event: 3.227 Loaded shared library C:\Users\maryc\.jdks\openjdk-24.0.2\bin\sunmscapi.dll
Event: 7.524 Loaded shared library C:\Users\maryc\.jdks\openjdk-24.0.2\bin\management.dll
Event: 7.528 Loaded shared library C:\Users\maryc\.jdks\openjdk-24.0.2\bin\management_ext.dll

Deoptimization events (20 events):
Event: 734.170 Thread 0x000002f7e5537cb0 DEOPT PACKING pc=0x000002f791c07e74 sp=0x000000ff889f96e0
Event: 734.170 Thread 0x000002f7e5537cb0 DEOPT UNPACKING pc=0x000002f791234102 sp=0x000000ff889f9658 mode 2
Event: 734.911 Thread 0x000002f7e5537cb0 Uncommon trap: trap_request=0xffffff4d fr.pc=0x000002f791c27354 relative=0x0000000000000654
Event: 734.911 Thread 0x000002f7e5537cb0 Uncommon trap: reason=unstable_if action=reinterpret pc=0x000002f791c27354 method=java.util.HashMap.removeNode(ILjava/lang/Object;Ljava/lang/Object;ZZ)Ljava/util/HashMap$Node; @ 71 c2
Event: 734.911 Thread 0x000002f7e5537cb0 DEOPT PACKING pc=0x000002f791c27354 sp=0x000000ff889f9660
Event: 734.912 Thread 0x000002f7e5537cb0 DEOPT UNPACKING pc=0x000002f791234102 sp=0x000000ff889f9560 mode 2
Event: 1379.974 Thread 0x000002f79dd03440 Uncommon trap: trap_request=0xffffff4d fr.pc=0x000002f791adf990 relative=0x0000000000000170
Event: 1379.976 Thread 0x000002f79dd03440 Uncommon trap: reason=unstable_if action=reinterpret pc=0x000002f791adf990 method=java.util.Collections.unmodifiableList(Ljava/util/List;)Ljava/util/List; @ 28 c2
Event: 1379.978 Thread 0x000002f79dd03440 DEOPT PACKING pc=0x000002f791adf990 sp=0x000000ff866fe640
Event: 1379.979 Thread 0x000002f79dd03440 DEOPT UNPACKING pc=0x000002f791234102 sp=0x000000ff866fe5e0 mode 2
Event: 1380.263 Thread 0x000002f79dd03440 Uncommon trap: trap_request=0xffffff4d fr.pc=0x000002f791c673d0 relative=0x00000000000001d0
Event: 1380.263 Thread 0x000002f79dd03440 Uncommon trap: reason=unstable_if action=reinterpret pc=0x000002f791c673d0 method=java.lang.StringCoding.implEncodeAsciiArray([CI[BII)I @ 23 c2
Event: 1380.263 Thread 0x000002f79dd03440 DEOPT PACKING pc=0x000002f791c673d0 sp=0x000000ff866fe950
Event: 1380.264 Thread 0x000002f79dd03440 DEOPT UNPACKING pc=0x000002f791234102 sp=0x000000ff866fe8e8 mode 2
Event: 1405.695 Thread 0x000002f7e71e87e0 Uncommon trap: trap_request=0xffffff4d fr.pc=0x000002f7917fadb8 relative=0x00000000000001f8
Event: 1405.697 Thread 0x000002f7e71e87e0 Uncommon trap: reason=unstable_if action=reinterpret pc=0x000002f7917fadb8 method=java.util.HashMap.getNode(Ljava/lang/Object;)Ljava/util/HashMap$Node; @ 66 c2
Event: 1405.699 Thread 0x000002f7e71e87e0 DEOPT PACKING pc=0x000002f7917fadb8 sp=0x000000ff88cfaab0
Event: 1405.701 Thread 0x000002f7e71e87e0 DEOPT UNPACKING pc=0x000002f791234102 sp=0x000000ff88cfa9b8 mode 2
Event: 1473.148 Thread 0x000002f79dd03440 DEOPT PACKING pc=0x000002f78a53af3d sp=0x000000ff865fdad0
Event: 1473.151 Thread 0x000002f79dd03440 DEOPT UNPACKING pc=0x000002f791175722 sp=0x000000ff865fcf50 mode 0

Classes loaded (20 events):
Event: 191.395 Loading class jdk/internal/icu/util/CodePointTrie$Data16
Event: 191.395 Loading class jdk/internal/icu/util/CodePointTrie$Data
Event: 191.396 Loading class jdk/internal/icu/util/CodePointTrie$Data done
Event: 191.396 Loading class jdk/internal/icu/util/CodePointTrie$Data16 done
Event: 192.558 Loading class javax/xml/datatype/XMLGregorianCalendar
Event: 192.559 Loading class javax/xml/datatype/XMLGregorianCalendar done
Event: 193.429 Loading class java/util/stream/LongStream
Event: 193.430 Loading class java/util/stream/LongStream done
Event: 193.431 Loading class java/util/stream/DoubleStream
Event: 193.432 Loading class java/util/stream/DoubleStream done
Event: 193.527 Loading class sun/nio/cs/ISO_8859_1$Encoder
Event: 193.527 Loading class sun/nio/cs/ISO_8859_1$Encoder done
Event: 1379.200 Loading class sun/security/ssl/Alert
Event: 1379.384 Loading class sun/security/ssl/Alert done
Event: 1379.424 Loading class sun/security/ssl/Alert$AlertConsumer
Event: 1379.486 Loading class sun/security/ssl/Alert$AlertConsumer done
Event: 1379.487 Loading class sun/security/ssl/Alert$Level
Event: 1379.497 Loading class sun/security/ssl/Alert$Level done
Event: 1379.567 Loading class sun/net/ConnectionResetException
Event: 1379.581 Loading class sun/net/ConnectionResetException done

Classes unloaded (0 events):
No events

Classes redefined (0 events):
No events

Internal exceptions (20 events):
Event: 190.823 Thread 0x000002f7e553a890 Exception <a 'java/lang/NoSuchMethodError'{0x00000000ab462628}: 'java.lang.Object java.lang.invoke.Invokers$Holder.invoker(java.lang.Object, java.lang.Object, java.lang.Object, java.lang.Object, java.lang.Object, java.lang.Object, java.lang.Object, java.lang.Object, java.lang.Object, java.lang.Object, java.lang.Object, java.lang.Object, java.lang.Object, java.lang.Object, java.lang.Object, java.lang.Object, java.lang.Object)'> (0x00000000ab462628) 
thrown [s\open\src\hotspot\share\interpreter\linkResolver.
Event: 190.828 Thread 0x000002f7e553a890 Exception <a 'java/lang/NoSuchMethodError'{0x00000000ab476008}: 'java.lang.Object java.lang.invoke.DelegatingMethodHandle$Holder.delegate(java.lang.Object, java.lang.Object, java.lang.Object, java.lang.Object, java.lang.Object, java.lang.Object, java.lang.Object, java.lang.Object, java.lang.Object, java.lang.Object, java.lang.Object, java.lang.Object, java.lang.Object, java.lang.Object, java.lang.Object, java.lang.Object, java.lang.Object)'> (0x00000000ab476008) 
thrown [s\open\src\hotspot\share\interprete
Event: 190.833 Thread 0x000002f7e553a890 Exception <a 'java/lang/NoSuchMethodError'{0x00000000ab48ae00}: 'java.lang.Object java.lang.invoke.DelegatingMethodHandle$Holder.reinvoke_L(java.lang.Object, java.lang.Object, java.lang.Object, java.lang.Object, java.lang.Object, java.lang.Object, java.lang.Object, java.lang.Object, java.lang.Object, java.lang.Object, java.lang.Object, java.lang.Object, java.lang.Object, java.lang.Object, java.lang.Object, java.lang.Object)'> (0x00000000ab48ae00) 
thrown [s\open\src\hotspot\share\interpreter\linkResolver.c
Event: 191.661 Thread 0x000002f7e553a890 Exception <a 'java/lang/IncompatibleClassChangeError'{0x00000000aaf9ab78}: Found class java.lang.Object, but interface was expected> (0x00000000aaf9ab78) 
thrown [s\open\src\hotspot\share\interpreter\linkResolver.cpp, line 872]
Event: 192.808 Thread 0x000002f7e553a890 Exception <a 'java/lang/NoSuchMethodError'{0x00000000aadf4148}: 'void java.lang.invoke.DirectMethodHandle$Holder.invokeVirtual(java.lang.Object, java.lang.Object, double)'> (0x00000000aadf4148) 
thrown [s\open\src\hotspot\share\interpreter\linkResolver.cpp, line 805]
Event: 192.819 Thread 0x000002f7e553a890 Exception <a 'java/lang/NoSuchMethodError'{0x00000000aac0ea28}: 'double java.lang.invoke.DelegatingMethodHandle$Holder.reinvoke_L(java.lang.Object, java.lang.Object, int)'> (0x00000000aac0ea28) 
thrown [s\open\src\hotspot\share\interpreter\linkResolver.cpp, line 805]
Event: 193.098 Thread 0x000002f7e553a890 Exception <a 'java/lang/NoSuchMethodError'{0x00000000aaaf5450}: 'double java.lang.invoke.DirectMethodHandle$Holder.invokeVirtual(java.lang.Object, java.lang.Object)'> (0x00000000aaaf5450) 
thrown [s\open\src\hotspot\share\interpreter\linkResolver.cpp, line 805]
Event: 225.717 Thread 0x000002f7e71e9680 Exception <a 'java/lang/NoSuchMethodError'{0x00000000b29b4cc0}: 'java.lang.Object java.lang.invoke.Invokers$Holder.invoker(java.lang.Object, java.lang.Object, java.lang.Object, java.lang.Object, java.lang.Object, java.lang.Object, java.lang.Object, java.lang.Object, java.lang.Object, java.lang.Object, java.lang.Object, java.lang.Object, java.lang.Object)'> (0x00000000b29b4cc0) 
thrown [s\open\src\hotspot\share\interpreter\linkResolver.cpp, line 805]
Event: 267.522 Thread 0x000002f7e71e87e0 Exception <a 'java/lang/IncompatibleClassChangeError'{0x00000000b2833380}: Found class java.lang.Object, but interface was expected> (0x00000000b2833380) 
thrown [s\open\src\hotspot\share\interpreter\linkResolver.cpp, line 872]
Event: 278.046 Thread 0x000002f7e5537cb0 Exception <a 'java/lang/NoSuchMethodError'{0x00000000aa6fb730}: 'java.lang.Object java.lang.invoke.Invokers$Holder.linkToTargetMethod(java.lang.Object, int, java.lang.Object, java.lang.Object, java.lang.Object, java.lang.Object)'> (0x00000000aa6fb730) 
thrown [s\open\src\hotspot\share\interpreter\linkResolver.cpp, line 805]
Event: 733.779 Thread 0x000002f7e5537cb0 Exception <a 'java/lang/NoSuchMethodError'{0x00000000aa5dbe80}: 'java.lang.Object java.lang.invoke.DelegatingMethodHandle$Holder.reinvoke_L(java.lang.Object, java.lang.Object, java.lang.Object, java.lang.Object, java.lang.Object, java.lang.Object, java.lang.Object, java.lang.Object, java.lang.Object, java.lang.Object, java.lang.Object, java.lang.Object, java.lang.Object, java.lang.Object, java.lang.Object, java.lang.Object, java.lang.Object, java.lang.Object, java.lang.Object, java.lang.Object, java.lang.O
Event: 734.088 Thread 0x000002f7e5537cb0 Exception <a 'java/lang/IncompatibleClassChangeError'{0x00000000aa2db250}: Found class java.lang.Object, but interface was expected> (0x00000000aa2db250) 
thrown [s\open\src\hotspot\share\interpreter\linkResolver.cpp, line 872]
Event: 734.155 Thread 0x000002f7e5537cb0 Exception <a 'java/lang/NoSuchMethodError'{0x00000000aa103120}: 'java.lang.Object java.lang.invoke.Invokers$Holder.invoker(java.lang.Object, java.lang.Object, java.lang.Object)'> (0x00000000aa103120) 
thrown [s\open\src\hotspot\share\interpreter\linkResolver.cpp, line 805]
Event: 734.641 Thread 0x000002f7e5537cb0 Exception <a 'java/lang/IncompatibleClassChangeError'{0x00000000aa0445e0}: Found class java.lang.Object, but interface was expected> (0x00000000aa0445e0) 
thrown [s\open\src\hotspot\share\interpreter\linkResolver.cpp, line 872]
Event: 1203.390 Thread 0x000002f7e71e9dd0 Exception <a 'java/lang/NoSuchMethodError'{0x00000000aa45ec58}: 'java.lang.Object java.lang.invoke.Invokers$Holder.invoker(java.lang.Object, java.lang.Object, java.lang.Object, java.lang.Object, java.lang.Object, java.lang.Object, java.lang.Object, java.lang.Object)'> (0x00000000aa45ec58) 
thrown [s\open\src\hotspot\share\interpreter\linkResolver.cpp, line 805]
Event: 1379.525 Thread 0x000002f79dd025a0 Exception <a 'java/io/IOException'{0x00000000a9cbdc70}> (0x00000000a9cbdc70) 
thrown [s\open\src\hotspot\share\prims\jni.cpp, line 518]
Event: 1379.566 Thread 0x000002f79dd025a0 Exception <a 'java/io/IOException'{0x00000000a9cbf0d0}> (0x00000000a9cbf0d0) 
thrown [s\open\src\hotspot\share\prims\jni.cpp, line 518]
Event: 1394.525 Thread 0x000002f7e71e9680 Exception <a 'java/lang/NoSuchMethodError'{0x00000000aa370b68}: 'java.lang.Object java.lang.invoke.DirectMethodHandle$Holder.invokeVirtual(java.lang.Object, java.lang.Object, java.lang.Object, java.lang.Object, java.lang.Object, java.lang.Object, java.lang.Object, java.lang.Object, java.lang.Object, java.lang.Object)'> (0x00000000aa370b68) 
thrown [s\open\src\hotspot\share\interpreter\linkResolver.cpp, line 805]
Event: 1513.647 Thread 0x000002f79dd03b90 Exception <a 'java/io/IOException'{0x00000000a9781390}> (0x00000000a9781390) 
thrown [s\open\src\hotspot\share\prims\jni.cpp, line 518]
Event: 1513.670 Thread 0x000002f79dd03b90 Exception <a 'java/io/IOException'{0x00000000a9781ff8}> (0x00000000a9781ff8) 
thrown [s\open\src\hotspot\share\prims\jni.cpp, line 518]

VM Operations (20 events):
Event: 782.101 Executing VM operation: HandshakeAllThreads (HandshakeForDeflation)
Event: 782.104 Executing VM operation: HandshakeAllThreads (HandshakeForDeflation) done
Event: 782.104 Executing VM operation: RendezvousGCThreads
Event: 782.104 Executing VM operation: RendezvousGCThreads done
Event: 1263.401 Executing VM operation: HandshakeAllThreads (HandshakeForDeflation)
Event: 1263.405 Executing VM operation: HandshakeAllThreads (HandshakeForDeflation) done
Event: 1263.405 Executing VM operation: RendezvousGCThreads
Event: 1263.406 Executing VM operation: RendezvousGCThreads done
Event: 1323.556 Executing VM operation: HandshakeAllThreads (HandshakeForDeflation)
Event: 1323.560 Executing VM operation: HandshakeAllThreads (HandshakeForDeflation) done
Event: 1323.561 Executing VM operation: RendezvousGCThreads
Event: 1323.561 Executing VM operation: RendezvousGCThreads done
Event: 1383.703 Executing VM operation: HandshakeAllThreads (HandshakeForDeflation)
Event: 1383.705 Executing VM operation: HandshakeAllThreads (HandshakeForDeflation) done
Event: 1383.706 Executing VM operation: RendezvousGCThreads
Event: 1383.706 Executing VM operation: RendezvousGCThreads done
Event: 1443.848 Executing VM operation: HandshakeAllThreads (HandshakeForDeflation)
Event: 1443.854 Executing VM operation: HandshakeAllThreads (HandshakeForDeflation) done
Event: 1443.854 Executing VM operation: RendezvousGCThreads
Event: 1443.854 Executing VM operation: RendezvousGCThreads done

Memory protections (0 events):
No events

Nmethod flushes (20 events):
Event: 25.335 Thread 0x000002f79dc82810 flushing  nmethod 0x000002f78a47bd88
Event: 25.335 Thread 0x000002f79dc82810 flushing  nmethod 0x000002f78a510e08
Event: 25.335 Thread 0x000002f79dc82810 flushing  nmethod 0x000002f78a7cd408
Event: 25.335 Thread 0x000002f79dc82810 flushing  nmethod 0x000002f78a86cb88
Event: 25.335 Thread 0x000002f79dc82810 flushing  nmethod 0x000002f78a8fa608
Event: 25.335 Thread 0x000002f79dc82810 flushing  nmethod 0x000002f78a8fc808
Event: 25.335 Thread 0x000002f79dc82810 flushing  nmethod 0x000002f791aa9d88
Event: 25.335 Thread 0x000002f79dc82810 flushing  nmethod 0x000002f791ab1188
Event: 25.335 Thread 0x000002f79dc82810 flushing  nmethod 0x000002f789d5df88
Event: 25.335 Thread 0x000002f79dc82810 flushing  nmethod 0x000002f789df8008
Event: 25.335 Thread 0x000002f79dc82810 flushing  nmethod 0x000002f789df8888
Event: 25.335 Thread 0x000002f79dc82810 flushing  nmethod 0x000002f789e82088
Event: 25.335 Thread 0x000002f79dc82810 flushing  nmethod 0x000002f789f2af08
Event: 25.335 Thread 0x000002f79dc82810 flushing  nmethod 0x000002f789fead08
Event: 25.335 Thread 0x000002f79dc82810 flushing  nmethod 0x000002f78a070b08
Event: 25.335 Thread 0x000002f79dc82810 flushing  nmethod 0x000002f78a2e3b08
Event: 25.335 Thread 0x000002f79dc82810 flushing  nmethod 0x000002f78a324688
Event: 25.335 Thread 0x000002f79dc82810 flushing  nmethod 0x000002f78a469208
Event: 25.335 Thread 0x000002f79dc82810 flushing  nmethod 0x000002f78a46e588
Event: 25.335 Thread 0x000002f79dc82810 flushing  nmethod 0x000002f78a475888

Events (20 events):
Event: 29.399 Thread 0x000002f7ff544f10 Thread exited: 0x000002f7ff544f10
Event: 29.399 Thread 0x000002f7e71ed850 Thread added: 0x000002f7e71ed850
Event: 1379.105 Thread 0x000002f7e55d95d0 Thread added: 0x000002f79dd025a0
Event: 1379.642 Thread 0x000002f79dd025a0 Thread added: 0x000002f79dd03440
Event: 1384.650 Thread 0x000002f79dd025a0 Thread exited: 0x000002f79dd025a0
Event: 1385.317 Thread 0x000002f79dd03440 Thread exited: 0x000002f79dd03440
Event: 1434.358 Thread 0x000002f7e55d95d0 Thread added: 0x000002f79dd025a0
Event: 1434.472 Thread 0x000002f79dd025a0 Thread added: 0x000002f79dd03440
Event: 1439.476 Thread 0x000002f79dd025a0 Thread exited: 0x000002f79dd025a0
Event: 1439.968 Thread 0x000002f79dd03440 Thread exited: 0x000002f79dd03440
Event: 1450.026 Thread 0x000002f7e55d95d0 Thread added: 0x000002f79dd03b90
Event: 1450.057 Thread 0x000002f79dd03b90 Thread added: 0x000002f79dd03440
Event: 1455.058 Thread 0x000002f79dd03b90 Thread exited: 0x000002f79dd03b90
Event: 1455.369 Thread 0x000002f79dd03440 Thread exited: 0x000002f79dd03440
Event: 1472.627 Thread 0x000002f7e55d95d0 Thread added: 0x000002f79dd025a0
Event: 1472.738 Thread 0x000002f79dd025a0 Thread added: 0x000002f79dd03440
Event: 1477.753 Thread 0x000002f79dd025a0 Thread exited: 0x000002f79dd025a0
Event: 1478.354 Thread 0x000002f79dd03440 Thread exited: 0x000002f79dd03440
Event: 1513.573 Thread 0x000002f7e55d95d0 Thread added: 0x000002f79dd03b90
Event: 1513.680 Thread 0x000002f79dd03b90 Thread added: 0x000002f79dd025a0


Dynamic libraries:
0x00007ff673f50000 - 0x00007ff673f5e000 	C:\Users\maryc\.jdks\openjdk-24.0.2\bin\java.exe
0x00007ffc82b40000 - 0x00007ffc82da6000 	C:\WINDOWS\SYSTEM32\ntdll.dll
0x00007ffc81e40000 - 0x00007ffc81f09000 	C:\WINDOWS\System32\KERNEL32.DLL
0x00007ffc80480000 - 0x00007ffc8087a000 	C:\WINDOWS\System32\KERNELBASE.dll
0x00007ffc7fdd0000 - 0x00007ffc7ff1c000 	C:\WINDOWS\System32\ucrtbase.dll
0x00007ffc731b0000 - 0x00007ffc731cb000 	C:\Users\maryc\.jdks\openjdk-24.0.2\bin\VCRUNTIME140.dll
0x00007ffc7c770000 - 0x00007ffc7c786000 	C:\Users\maryc\.jdks\openjdk-24.0.2\bin\jli.dll
0x00007ffc80dc0000 - 0x00007ffc80f87000 	C:\WINDOWS\System32\USER32.dll
0x00007ffc80880000 - 0x00007ffc808a7000 	C:\WINDOWS\System32\win32u.dll
0x00007ffc6a7c0000 - 0x00007ffc6aa52000 	C:\WINDOWS\WinSxS\amd64_microsoft.windows.common-controls_6595b64144ccf1df_6.0.26100.8521_none_3e08b75ce33403b3\COMCTL32.dll
0x00007ffc829d0000 - 0x00007ffc829fb000 	C:\WINDOWS\System32\GDI32.dll
0x00007ffc82920000 - 0x00007ffc829c9000 	C:\WINDOWS\System32\msvcrt.dll
0x00007ffc80130000 - 0x00007ffc8025b000 	C:\WINDOWS\System32\gdi32full.dll
0x00007ffc80260000 - 0x00007ffc80303000 	C:\WINDOWS\System32\msvcp_win.dll
0x00007ffc80d00000 - 0x00007ffc80d32000 	C:\WINDOWS\System32\IMM32.DLL
0x00007ffc71b50000 - 0x00007ffc71b5c000 	C:\Users\maryc\.jdks\openjdk-24.0.2\bin\vcruntime140_1.dll
0x00007ffc56f60000 - 0x00007ffc56fee000 	C:\Users\maryc\.jdks\openjdk-24.0.2\bin\msvcp140.dll
0x00007ffc430f0000 - 0x00007ffc43e91000 	C:\Users\maryc\.jdks\openjdk-24.0.2\bin\server\jvm.dll
0x00007ffc81130000 - 0x00007ffc811e6000 	C:\WINDOWS\System32\ADVAPI32.dll
0x00007ffc808b0000 - 0x00007ffc8095a000 	C:\WINDOWS\System32\sechost.dll
0x00007ffc817b0000 - 0x00007ffc818c8000 	C:\WINDOWS\System32\RPCRT4.dll
0x00007ffc81640000 - 0x00007ffc816c0000 	C:\WINDOWS\System32\WS2_32.dll
0x00007ffc7fa70000 - 0x00007ffc7face000 	C:\WINDOWS\SYSTEM32\POWRPROF.dll
0x00007ffc75810000 - 0x00007ffc75846000 	C:\WINDOWS\SYSTEM32\WINMM.dll
0x00007ffc71120000 - 0x00007ffc7112b000 	C:\WINDOWS\SYSTEM32\VERSION.dll
0x00007ffc7f9a0000 - 0x00007ffc7f9b4000 	C:\WINDOWS\SYSTEM32\UMPDC.dll
0x00007ffc7ebd0000 - 0x00007ffc7ebeb000 	C:\WINDOWS\SYSTEM32\kernel.appcore.dll
0x00007ffc6d610000 - 0x00007ffc6d61a000 	C:\Users\maryc\.jdks\openjdk-24.0.2\bin\jimage.dll
0x00007ffc7d4c0000 - 0x00007ffc7d702000 	C:\WINDOWS\SYSTEM32\DBGHELP.DLL
0x00007ffc80960000 - 0x00007ffc80ce3000 	C:\WINDOWS\System32\combase.dll
0x00007ffc816d0000 - 0x00007ffc817a9000 	C:\WINDOWS\System32\OLEAUT32.dll
0x00007ffc656a0000 - 0x00007ffc656db000 	C:\WINDOWS\SYSTEM32\dbgcore.DLL
0x00007ffc803d0000 - 0x00007ffc80478000 	C:\WINDOWS\System32\bcryptPrimitives.dll
0x00007ffc6d600000 - 0x00007ffc6d60f000 	C:\Users\maryc\.jdks\openjdk-24.0.2\bin\instrument.dll
0x00007ffc6b740000 - 0x00007ffc6b75e000 	C:\Users\maryc\.jdks\openjdk-24.0.2\bin\java.dll
0x00007ffc812c0000 - 0x00007ffc81458000 	C:\WINDOWS\System32\ole32.dll
0x00007ffc82090000 - 0x00007ffc82814000 	C:\WINDOWS\System32\SHELL32.dll
0x00007ffc7d970000 - 0x00007ffc7e1f0000 	C:\WINDOWS\SYSTEM32\windows.storage.dll
0x00007ffc82820000 - 0x00007ffc82916000 	C:\WINDOWS\System32\SHCORE.dll
0x00007ffc80f90000 - 0x00007ffc80ff7000 	C:\WINDOWS\System32\shlwapi.dll
0x00007ffc7fcf0000 - 0x00007ffc7fd19000 	C:\WINDOWS\SYSTEM32\profapi.dll
0x00007ffc4fea0000 - 0x00007ffc4ff77000 	C:\Users\maryc\.jdks\openjdk-24.0.2\bin\jsvml.dll
0x00007ffc69650000 - 0x00007ffc69667000 	C:\Users\maryc\.jdks\openjdk-24.0.2\bin\zip.dll
0x00007ffc6d5f0000 - 0x00007ffc6d600000 	C:\Users\maryc\.jdks\openjdk-24.0.2\bin\net.dll
0x00007ffc7f140000 - 0x00007ffc7f1ac000 	C:\WINDOWS\system32\mswsock.dll
0x00007ffc6b660000 - 0x00007ffc6b676000 	C:\Users\maryc\.jdks\openjdk-24.0.2\bin\nio.dll
0x00007ffc6b730000 - 0x00007ffc6b739000 	C:\Users\maryc\.jdks\openjdk-24.0.2\bin\extnet.dll
0x00007ffc6b7a0000 - 0x00007ffc6b7ae000 	C:\Users\maryc\.jdks\openjdk-24.0.2\bin\sunmscapi.dll
0x00007ffc7ff20000 - 0x00007ffc80098000 	C:\WINDOWS\System32\CRYPT32.dll
0x00007ffc7f640000 - 0x00007ffc7f670000 	C:\WINDOWS\SYSTEM32\ncrypt.dll
0x00007ffc7f5f0000 - 0x00007ffc7f62f000 	C:\WINDOWS\SYSTEM32\NTASN1.dll
0x00007ffc7f420000 - 0x00007ffc7f43b000 	C:\WINDOWS\SYSTEM32\CRYPTSP.dll
0x00007ffc7eb30000 - 0x00007ffc7eb69000 	C:\WINDOWS\system32\rsaenh.dll
0x00007ffc7f1f0000 - 0x00007ffc7f223000 	C:\WINDOWS\SYSTEM32\USERENV.dll
0x00007ffc7fcc0000 - 0x00007ffc7fcea000 	C:\WINDOWS\SYSTEM32\bcrypt.dll
0x00007ffc7f440000 - 0x00007ffc7f44c000 	C:\WINDOWS\SYSTEM32\CRYPTBASE.dll
0x00007ffc7e640000 - 0x00007ffc7e673000 	C:\WINDOWS\SYSTEM32\IPHLPAPI.DLL
0x00007ffc81000000 - 0x00007ffc8100a000 	C:\WINDOWS\System32\NSI.dll
0x00007ffc6b650000 - 0x00007ffc6b65a000 	C:\Users\maryc\.jdks\openjdk-24.0.2\bin\management.dll
0x00007ffc6a5d0000 - 0x00007ffc6a5db000 	C:\Users\maryc\.jdks\openjdk-24.0.2\bin\management_ext.dll
0x00007ffc80cf0000 - 0x00007ffc80cf8000 	C:\WINDOWS\System32\PSAPI.DLL
0x00007ffc7e6a0000 - 0x00007ffc7e7ea000 	C:\WINDOWS\SYSTEM32\DNSAPI.dll
0x00007ffc7eef0000 - 0x00007ffc7eefd000 	C:\WINDOWS\SYSTEM32\DSPARSE.dll
0x00007ffc734d0000 - 0x00007ffc734db000 	C:\Windows\System32\rasadhlp.dll
0x00007ffc78910000 - 0x00007ffc78996000 	C:\WINDOWS\System32\fwpuclnt.dll
0x00007ffc757d0000 - 0x00007ffc757d8000 	C:\WINDOWS\system32\wshunix.dll

JVMTI agents:
C:\Program Files\JetBrains\IntelliJ IDEA 2025.2\lib\idea_rt.jar path:C:\Users\maryc\.jdks\openjdk-24.0.2\bin\instrument.dll, loaded, initialized, instrumentlib options:50526

dbghelp: loaded successfully - version: 4.0.5 - missing functions: none
symbol engine: initialized successfully - sym options: 0x614 - pdb path: .;C:\Users\maryc\.jdks\openjdk-24.0.2\bin;C:\WINDOWS\SYSTEM32;C:\WINDOWS\WinSxS\amd64_microsoft.windows.common-controls_6595b64144ccf1df_6.0.26100.8521_none_3e08b75ce33403b3;C:\Users\maryc\.jdks\openjdk-24.0.2\bin\server

VM Arguments:
jvm_args: -javaagent:C:\Program Files\JetBrains\IntelliJ IDEA 2025.2\lib\idea_rt.jar=50526 -Dfile.encoding=UTF-8 -Dsun.stdout.encoding=UTF-8 -Dsun.stderr.encoding=UTF-8 
java_command: com.Gestion.MiBalnearioGestion.MiBalnearioGestionApplication MiBalnearioGestionApplication
java_class_path (initial): C:\MiBalnearioGestion\target\classes;C:\Users\maryc\.m2\repository\org\springframework\boot\spring-boot-starter-data-jpa\4.0.6\spring-boot-starter-data-jpa-4.0.6.jar;C:\Users\maryc\.m2\repository\org\springframework\boot\spring-boot-starter\4.0.6\spring-boot-starter-4.0.6.jar;C:\Users\maryc\.m2\repository\org\springframework\boot\spring-boot-starter-logging\4.0.6\spring-boot-starter-logging-4.0.6.jar;C:\Users\maryc\.m2\repository\ch\qos\logback\logback-classic\1.5.32\logback-classic-1.5.32.jar;C:\Users\maryc\.m2\repository\ch\qos\logback\logback-core\1.5.32\logback-core-1.5.32.jar;C:\Users\maryc\.m2\repository\org\apache\logging\log4j\log4j-to-slf4j\2.25.4\log4j-to-slf4j-2.25.4.jar;C:\Users\maryc\.m2\repository\org\apache\logging\log4j\log4j-api\2.25.4\log4j-api-2.25.4.jar;C:\Users\maryc\.m2\repository\org\slf4j\jul-to-slf4j\2.0.17\jul-to-slf4j-2.0.17.jar;C:\Users\maryc\.m2\repository\org\springframework\boot\spring-boot-autoconfigure\4.0.6\spring-boot-autoconfigure-4.0.6.jar;C:\Users\maryc\.m2\repository\jakarta\annotation\jakarta.annotation-api\3.0.0\jakarta.annotation-api-3.0.0.jar;C:\Users\maryc\.m2\repository\org\yaml\snakeyaml\2.5\snakeyaml-2.5.jar;C:\Users\maryc\.m2\repository\org\springframework\boot\spring-boot-starter-jdbc\4.0.6\spring-boot-starter-jdbc-4.0.6.jar;C:\Users\maryc\.m2\repository\com\zaxxer\HikariCP\7.0.2\HikariCP-7.0.2.jar;C:\Users\maryc\.m2\repository\org\springframework\boot\spring-boot-data-jpa\4.0.6\spring-boot-data-jpa-4.0.6.jar;C:\Users\maryc\.m2\repository\org\springframework\boot\spring-boot-data-commons\4.0.6\spring-boot-data-commons-4.0.6.jar;C:\Users\maryc\.m2\repository\org\springframework\boot\spring-boot-persistence\4.0.6\spring-boot-persistence-4.0.6.jar;C:\Users\maryc\.m2\repository\org\springframework\data\spring-data-commons\4.0.5\spring-data-commons-4.0.5.jar;C:\Users\maryc\.m2\repository\org\springframework\boot\spring-boot-hibernate\4.0.6\spring-boot-hibernate-4.0.6.jar;C:\Users\maryc\.m2\repository\org\springframework\boot\spring-boot-jpa\4.0.6\spring-boot-jpa-4.0.6.jar;C:\Users\maryc\.m2\repository\jakarta\persistence\jakarta.persistence-api\3.2.0\jakarta.persistence-api-3.2.0.jar;C:\Users\maryc\.m2\repository\org\hibernate\orm\hibernate-core\7.2.12.Final\hibernate-core-7.2.12.Final.jar;C:\Users\maryc\.m2\repository\jakarta\transaction\jakarta.transaction-api\2.0.1\jakarta.transaction-api-2.0.1.jar;C:\Users\maryc\.m2\repository\org\hibernate\models\hibernate-models\1.0.1\hibernate-models-1.0.1.jar;C:\Users\maryc\.m2\repository\org\glassfish\jaxb\jaxb-runtime\4.0.6\jaxb-runtime-4.0.6.jar;C:\Users\maryc\.m2\repository\org\glassfish\jaxb\jaxb-core\4.0.6\jaxb-core-4.0.6.jar;C:\Users\maryc\.m2\repository\org\glassfish\jaxb\txw2\4.0.6\txw2-4.0.6.jar;C:\Users\maryc\.m2\repository\com\sun\istack\istack-commons-runtime\4.1.2\istack-commons-runtime-4.1.2.jar;C:\Users\maryc\.m2\repository\jakarta\inject\jakarta.inject-api\2.0.1\jakarta.inject-api-2.0.1.jar;C:\Users\maryc\.m2\repository\org\springframework\spring-orm\7.0.7\spring-orm-7.0.7.jar;C:\Users\maryc\.m2\repository\org\springframework\data\spring-data-jpa\4.0.5\spring-data-jpa-4.0.5.jar;C:\Users\maryc\.m2\repository\org\springframework\spring-context\7.0.7\spring-context-7.0.7.jar;C:\Users\maryc\.m2\repository\org\springframework\spring-tx\7.0.7\spring-tx-7.0.7.jar;C:\Users\maryc\.m2\repository\org\antlr\antlr4-runtime\4.13.2\antlr4-runtime-4.13.2.jar;C:\Users\maryc\.m2\repository\org\springframework\spring-aspects\7.0.7\spring-aspects-7.0.7.jar;C:\Users\maryc\.m2\repository\org\aspectj\aspectjweaver\1.9.25.1\aspectjweaver-1.9.25.1.jar;C:\Users\maryc\.m2\repository\org\springframework\boot\spring-boot-jdbc\4.0.6\spring-boot-jdbc-4.0.6.jar;C:\Users\maryc\.m2\repository\org\springframework\boot\spring-boot\4.0.6\spring-boot-4.0.6.jar;C:\Users\maryc\.m2\repository\org\springframework\boot\spring-boot-sql\4.0.6\spring-boot-sql-4.0.6.jar;C:\Users\maryc\.m2\repository\org\springframework\boot\spring-boot-transaction\4.0.6\spring-boot-transaction-4.0.6.jar;C:\Users\maryc\.m2\repository\org\springframework\spring-jdbc\7.0.7\spring-jdbc-7.0.7.jar;C:\Users\maryc\.m2\repository\com\mercadopago\sdk-java\3.2.0\sdk-java-3.2.0.jar;C:\Users\maryc\.m2\repository\org\apache\httpcomponents\httpclient\4.5.14\httpclient-4.5.14.jar;C:\Users\maryc\.m2\repository\org\apache\httpcomponents\httpcore\4.4.16\httpcore-4.4.16.jar;C:\Users\maryc\.m2\repository\commons-logging\commons-logging\1.3.6\commons-logging-1.3.6.jar;C:\Users\maryc\.m2\repository\commons-codec\commons-codec\1.19.0\commons-codec-1.19.0.jar;C:\Users\maryc\.m2\repository\org\apache\commons\commons-collections4\4.5.0\commons-collections4-4.5.0.jar;C:\Users\maryc\.m2\repository\org\apache\commons\commons-compress\1.28.0\commons-compress-1.28.0.jar;C:\Users\maryc\.m2\repository\commons-io\commons-io\2.20.0\commons-io-2.20.0.jar;C:\Users\maryc\.m2\repository\org\apache\velocity\velocity-engine-core\2.4.1\velocity-engine-core-2.4.1.jar;C:\Users\maryc\.m2\repository\org\slf4j\slf4j-api\2.0.17\slf4j-api-2.0.17.jar;C:\Users\maryc\.m2\repository\org\apache\velocity\tools\velocity-tools-generic\3.1\velocity-tools-generic-3.1.jar;C:\Users\maryc\.m2\repository\commons-beanutils\commons-beanutils\1.9.4\commons-beanutils-1.9.4.jar;C:\Users\maryc\.m2\repository\org\apache\commons\commons-digester3\3.2\commons-digester3-3.2.jar;C:\Users\maryc\.m2\repository\com\github\cliftonlabs\json-simple\3.0.2\json-simple-3.0.2.jar;C:\Users\maryc\.m2\repository\org\apache\commons\commons-lang3\3.19.0\commons-lang3-3.19.0.jar;C:\Users\maryc\.m2\repository\org\apache\httpcomponents\client5\httpclient5\5.5.2\httpclient5-5.5.2.jar;C:\Users\maryc\.m2\repository\org\apache\httpcomponents\core5\httpcore5\5.3.6\httpcore5-5.3.6.jar;C:\Users\maryc\.m2\repository\org\apache\httpcomponents\core5\httpcore5-h2\5.3.6\httpcore5-h2-5.3.6.jar;C:\Users\maryc\.m2\repository\com\google\code\gson\gson\2.13.2\gson-2.13.2.jar;C:\Users\maryc\.m2\repository\com\google\errorprone\error_prone_annotations\2.41.0\error_prone_annotations-2.41.0.jar;C:\Users\maryc\.m2\repository\org\springframework\boot\spring-boot-starter-mail\4.0.6\spring-boot-starter-mail-4.0.6.jar;C:\Users\maryc\.m2\repository\org\springframework\boot\spring-boot-mail\4.0.6\spring-boot-mail-4.0.6.jar;C:\Users\maryc\.m2\repository\org\springframework\spring-context-support\7.0.7\spring-context-support-7.0.7.jar;C:\Users\maryc\.m2\repository\jakarta\mail\jakarta.mail-api\2.1.5\jakarta.mail-api-2.1.5.jar;C:\Users\maryc\.m2\repository\jakarta\activation\jakarta.activation-api\2.1.4\jakarta.activation-api-2.1.4.jar;C:\Users\maryc\.m2\repository\org\eclipse\angus\angus-mail\2.0.5\angus-mail-2.0.5.jar;C:\Users\maryc\.m2\repository\org\eclipse\angus\angus-activation\2.0.3\angus-activation-2.0.3.jar;C:\Users\maryc\.m2\repository\org\springframework\boot\spring-boot-starter-validation\4.0.6\spring-boot-starter-validation-4.0.6.jar;C:\Users\maryc\.m2\repository\org\springframework\boot\spring-boot-validation\4.0.6\spring-boot-validation-4.0.6.jar;C:\Users\maryc\.m2\repository\org\apache\tomcat\embed\tomcat-embed-el\11.0.21\tomcat-embed-el-11.0.21.jar;C:\Users\maryc\.m2\repository\org\hibernate\validator\hibernate-validator\9.0.1.Final\hibernate-validator-9.0.1.Final.jar;C:\Users\maryc\.m2\repository\jakarta\validation\jakarta.validation-api\3.1.1\jakarta.validation-api-3.1.1.jar;C:\Users\maryc\.m2\repository\org\jboss\logging\jboss-logging\3.6.3.Final\jboss-logging-3.6.3.Final.jar;C:\Users\maryc\.m2\repository\com\fasterxml\classmate\1.7.3\classmate-1.7.3.jar;C:\Users\maryc\.m2\repository\org\springframework\boot\spring-boot-starter-webmvc\4.0.6\spring-boot-starter-webmvc-4.0.6.jar;C:\Users\maryc\.m2\repository\org\springframework\boot\spring-boot-starter-jackson\4.0.6\spring-boot-starter-jackson-4.0.6.jar;C:\Users\maryc\.m2\repository\org\springframework\boot\spring-boot-jackson\4.0.6\spring-boot-jackson-4.0.6.jar;C:\Users\maryc\.m2\repository\tools\jackson\core\jackson-databind\3.1.2\jackson-databind-3.1.2.jar;C:\Users\maryc\.m2\repository\tools\jackson\core\jackson-core\3.1.2\jackson-core-3.1.2.jar;C:\Users\maryc\.m2\repository\org\springframework\boot\spring-boot-starter-tomcat\4.0.6\spring-boot-starter-tomcat-4.0.6.jar;C:\Users\maryc\.m2\repository\org\springframework\boot\spring-boot-starter-tomcat-runtime\4.0.6\spring-boot-starter-tomcat-runtime-4.0.6.jar;C:\Users\maryc\.m2\repository\org\apache\tomcat\embed\tomcat-embed-core\11.0.21\tomcat-embed-core-11.0.21.jar;C:\Users\maryc\.m2\repository\org\apache\tomcat\embed\tomcat-embed-websocket\11.0.21\tomcat-embed-websocket-11.0.21.jar;C:\Users\maryc\.m2\repository\org\springframework\boot\spring-boot-tomcat\4.0.6\spring-boot-tomcat-4.0.6.jar;C:\Users\maryc\.m2\repository\org\springframework\boot\spring-boot-http-converter\4.0.6\spring-boot-http-converter-4.0.6.jar;C:\Users\maryc\.m2\repository\org\springframework\spring-web\7.0.7\spring-web-7.0.7.jar;C:\Users\maryc\.m2\repository\io\micrometer\micrometer-observation\1.16.5\micrometer-observation-1.16.5.jar;C:\Users\maryc\.m2\repository\io\micrometer\micrometer-commons\1.16.5\micrometer-commons-1.16.5.jar;C:\Users\maryc\.m2\repository\org\springframework\boot\spring-boot-webmvc\4.0.6\spring-boot-webmvc-4.0.6.jar;C:\Users\maryc\.m2\repository\org\springframework\boot\spring-boot-servlet\4.0.6\spring-boot-servlet-4.0.6.jar;C:\Users\maryc\.m2\repository\org\springframework\spring-webmvc\7.0.7\spring-webmvc-7.0.7.jar;C:\Users\maryc\.m2\repository\org\springframework\spring-expression\7.0.7\spring-expression-7.0.7.jar;C:\Users\maryc\.m2\repository\org\springdoc\springdoc-openapi-starter-webmvc-ui\3.0.2\springdoc-openapi-starter-webmvc-ui-3.0.2.jar;C:\Users\maryc\.m2\repository\org\springdoc\springdoc-openapi-starter-webmvc-api\3.0.2\springdoc-openapi-starter-webmvc-api-3.0.2.jar;C:\Users\maryc\.m2\repository\org\springdoc\springdoc-openapi-starter-common\3.0.2\springdoc-openapi-starter-common-3.0.2.jar;C:\Users\maryc\.m2\repository\io\swagger\core\v3\swagger-core-jakarta\2.2.43\swagger-core-jakarta-2.2.43.jar;C:\Users\maryc\.m2\repository\io\swagger\core\v3\swagger-annotations-jakarta\2.2.43\swagger-annotations-jakarta-2.2.43.jar;C:\Users\maryc\.m2\repository\io\swagger\core\v3\swagger-models-jakarta\2.2.43\swagger-models-jakarta-2.2.43.jar;C:\Users\maryc\.m2\repository\com\fasterxml\jackson\dataformat\jackson-dataformat-yaml\2.21.2\jackson-dataformat-yaml-2.21.2.jar;C:\Users\maryc\.m2\repository\com\fasterxml\jackson\datatype\jackson-datatype-jsr310\2.21.2\jackson-datatype-jsr310-2.21.2.jar;C:\Users\maryc\.m2\repository\org\springframework\boot\spring-boot-web-server\4.0.6\spring-boot-web-server-4.0.6.jar;C:\Users\maryc\.m2\repository\org\webjars\swagger-ui\5.32.0\swagger-ui-5.32.0.jar;C:\Users\maryc\.m2\repository\org\webjars\webjars-locator-lite\1.1.3\webjars-locator-lite-1.1.3.jar;C:\Users\maryc\.m2\repository\org\jspecify\jspecify\1.0.0\jspecify-1.0.0.jar;C:\Users\maryc\.m2\repository\com\mysql\mysql-connector-j\9.7.0\mysql-connector-j-9.7.0.jar;C:\Users\maryc\.m2\repository\org\projectlombok\lombok\1.18.46\lombok-1.18.46.jar;C:\Users\maryc\.m2\repository\jakarta\xml\bind\jakarta.xml.bind-api\4.0.4\jakarta.xml.bind-api-4.0.4.jar;C:\Users\maryc\.m2\repository\net\bytebuddy\byte-buddy\1.17.8\byte-buddy-1.17.8.jar;C:\Users\maryc\.m2\repository\org\springframework\spring-core\7.0.7\spring-core-7.0.7.jar;C:\Users\maryc\.m2\repository\org\modelmapper\modelmapper\3.2.0\modelmapper-3.2.0.jar;C:\Users\maryc\.m2\repository\org\springframework\boot\spring-boot-starter-security\4.0.6\spring-boot-starter-security-4.0.6.jar;C:\Users\maryc\.m2\repository\org\springframework\boot\spring-boot-security\4.0.6\spring-boot-security-4.0.6.jar;C:\Users\maryc\.m2\repository\org\springframework\security\spring-security-config\7.0.5\spring-security-config-7.0.5.jar;C:\Users\maryc\.m2\repository\org\springframework\security\spring-security-core\7.0.5\spring-security-core-7.0.5.jar;C:\Users\maryc\.m2\repository\org\springframework\security\spring-security-crypto\7.0.5\spring-security-crypto-7.0.5.jar;C:\Users\maryc\.m2\repository\org\springframework\security\spring-security-web\7.0.5\spring-security-web-7.0.5.jar;C:\Users\maryc\.m2\repository\org\springframework\spring-aop\7.0.7\spring-aop-7.0.7.jar;C:\Users\maryc\.m2\repository\org\springframework\spring-beans\7.0.7\spring-beans-7.0.7.jar;C:\Users\maryc\.m2\repository\io\jsonwebtoken\jjwt-api\0.13.0\jjwt-api-0.13.0.jar;C:\Users\maryc\.m2\repository\io\jsonwebtoken\jjwt-impl\0.13.0\jjwt-impl-0.13.0.jar;C:\Users\maryc\.m2\repository\io\jsonwebtoken\jjwt-jackson\0.13.0\jjwt-jackson-0.13.0.jar;C:\Users\maryc\.m2\repository\com\fasterxml\jackson\core\jackson-databind\2.21.2\jackson-databind-2.21.2.jar;C:\Users\maryc\.m2\repository\com\fasterxml\jackson\core\jackson-annotations\2.21\jackson-annotations-2.21.jar;C:\Users\maryc\.m2\repository\com\fasterxml\jackson\core\jackson-core\2.21.2\jackson-core-2.21.2.jar
Launcher Type: SUN_STANDARD

[Global flags]
     intx CICompilerCount                          = 4                                         {product} {ergonomic}
     uint ConcGCThreads                            = 2                                         {product} {ergonomic}
     uint G1ConcRefinementThreads                  = 8                                         {product} {ergonomic}
   size_t G1HeapRegionSize                         = 1048576                                   {product} {ergonomic}
   size_t InitialHeapSize                          = 98566144                                  {product} {ergonomic}
   size_t MarkStackSize                            = 4194304                                   {product} {ergonomic}
   size_t MarkStackSizeMax                         = 536870912                                 {product} {ergonomic}
   size_t MaxHeapSize                              = 1564475392                                {product} {ergonomic}
   size_t MaxNewSize                               = 938475520                                 {product} {ergonomic}
   size_t MinHeapDeltaBytes                        = 1048576                                   {product} {ergonomic}
   size_t MinHeapSize                              = 8388608                                   {product} {ergonomic}
    uintx NonNMethodCodeHeapSize                   = 5832704                                {pd product} {ergonomic}
    uintx NonProfiledCodeHeapSize                  = 122945536                              {pd product} {ergonomic}
    uintx ProfiledCodeHeapSize                     = 122880000                              {pd product} {ergonomic}
    uintx ReservedCodeCacheSize                    = 251658240                              {pd product} {ergonomic}
     bool SegmentedCodeCache                       = true                                      {product} {ergonomic}
   size_t SoftMaxHeapSize                          = 1564475392                             {manageable} {ergonomic}
     bool UseCompressedOops                        = true                           {product lp64_product} {ergonomic}
     bool UseG1GC                                  = true                                      {product} {ergonomic}
     bool UseLargePagesIndividualAllocation        = false                                  {pd product} {ergonomic}

Logging:
Log output configuration:
 #0: stdout all=warning uptime,level,tags foldmultilines=false
 #1: stderr all=off uptime,level,tags foldmultilines=false

Environment Variables:
PATH=C:\Program Files\Eclipse Adoptium\jdk-21.0.10.7-hotspot\bin;C:\WINDOWS\system32;C:\WINDOWS;C:\WINDOWS\System32\Wbem;C:\WINDOWS\System32\WindowsPowerShell\v1.0\;C:\WINDOWS\System32\OpenSSH\;C:\TDM-GCC-64\bin;C:\Program Files\Git\cmd;C:\Program Files\MySQL\MySQL Shell 8.0\bin\;C:\Users\maryc\AppData\Local\Microsoft\WindowsApps;C:\Users\maryc\AppData\Local\Programs\cursor\resources\app\bin;C:\Users\maryc\AppData\Local\Programs\Microsoft VS Code\bin;C:\MinGW\bin;C:\TDM-GCC-64;C:\Users\maryc\AppData\Local\GitHubDesktop\bin
USERNAME=maryc
OS=Windows_NT
PROCESSOR_IDENTIFIER=AMD64 Family 23 Model 160 Stepping 0, AuthenticAMD
TMP=C:\Users\maryc\AppData\Local\Temp
TEMP=C:\Users\maryc\AppData\Local\Temp




Periodic native trim disabled

---------------  S Y S T E M  ---------------

OS:
 Windows 11 , 64 bit Build 26100 (10.0.26100.8521)
OS uptime: 2 days 5:46 hours
Hyper-V role detected

CPU: total 8 (initial active 8) (8 cores per cpu, 2 threads per core) family 23 model 160 stepping 0 microcode 0x8a0000a, cx8, cmov, fxsr, ht, mmx, 3dnowpref, sse, sse2, sse3, ssse3, sse4a, sse4.1, sse4.2, popcnt, lzcnt, tsc, tscinvbit, avx, avx2, aes, clmul, bmi1, bmi2, adx, sha, fma, vzeroupper, clflush, clflushopt, hv, rdtscp, rdpid, f16c
Processor Information for processor 0
  Max Mhz: 2801, Current Mhz: 2801, Mhz Limit: 2801
Processor Information for processor 1
  Max Mhz: 2801, Current Mhz: 2801, Mhz Limit: 2801
Processor Information for processor 2
  Max Mhz: 2801, Current Mhz: 2246, Mhz Limit: 2801
Processor Information for processor 3
  Max Mhz: 2801, Current Mhz: 2801, Mhz Limit: 2801
Processor Information for processor 4
  Max Mhz: 2801, Current Mhz: 2246, Mhz Limit: 2801
Processor Information for processor 5
  Max Mhz: 2801, Current Mhz: 2801, Mhz Limit: 2801
Processor Information for processor 6
  Max Mhz: 2801, Current Mhz: 2801, Mhz Limit: 2801
Processor Information for processor 7
  Max Mhz: 2801, Current Mhz: 2246, Mhz Limit: 2801

Memory: 4k page, system-wide physical 5965M (661M free)
TotalPageFile size 24397M (AvailPageFile size 17M)
current process WorkingSet (physical memory assigned to process): 49M, peak: 387M
current process commit charge ("private bytes"): 461M, peak: 523M

vm_info: OpenJDK 64-Bit Server VM (24.0.2+12-54) for windows-amd64 JRE (24.0.2+12-54), built on 2025-07-08T12:10:27Z with MS VC++ 17.6 (VS2022)

END.
